
- NASM Map file ---------------------------------------------------------------

Source file:  command.asm
Output file:  ./bin/COMMAND.COM

-- Program origin -------------------------------------------------------------

00000100

-- Sections (summary) ---------------------------------------------------------

Vstart            Start             Stop              Length    Class     Name
             100               100               100  00000000  progbits  .text
             100               100              4E84  00004D84  progbits  cmd
            5C30              4E84              539D  00000519  progbits  init
            4E84              4E84              55DE  0000075A  nobits    bss
            55E0              55E0              5C30  00000650  nobits    stack

-- Sections (detailed) --------------------------------------------------------

---- Section .text ------------------------------------------------------------

class:     progbits
length:                   0
start:                  100
align:     not defined
follows:   not defined
vstart:                 100
valign:    not defined
vfollows:  not defined

---- Section cmd --------------------------------------------------------------

class:     progbits
length:                4D84
start:                  100
align:                    1
follows:   not defined
vstart:                 100
valign:                   1
vfollows:  not defined

---- Section init -------------------------------------------------------------

class:     progbits
length:                 519
start:                 4E84
align:                    1
follows:   cmd
vstart:                5C30
valign:                   1
vfollows:  stack

---- Section bss --------------------------------------------------------------

class:     nobits
length:                 75A
start:                 4E84
align:                    1
follows:   not defined
vstart:                4E84
valign:                   1
vfollows:  cmd

---- Section stack ------------------------------------------------------------

class:     nobits
length:                 650
start:                 55E0
align:                   10
follows:   not defined
vstart:                55E0
valign:                  10
vfollows:  bss

-- Symbols --------------------------------------------------------------------

---- No Section ---------------------------------------------------------------

Value     Name
00000000  dpb
00000000  dpb.bDriveNumber
00000001  dpb.bUnitNumber
00000002  dpb.wBytesPerSector
00000004  dpb.bMaxSectorInCluster
00000005  dpb.bSectorsPerClusterShift
00000006  dpb.wFAToffset
00000008  dpb.bNumberOfFATs
00000009  dpb.wNumberRootDirEntries
0000000B  dpb.dClusterHeapOffset
0000000F  dpb.dClusterCount
00000013  dpb.dFATlength
00000017  dpb.dFirstUnitOfRootDir
0000001B  dpb.qDriverHeaderPtr
00000023  dpb.bMediaDescriptor
00000024  dpb.bAccessFlag
00000025  dpb.qNextDPBPtr
0000002D  dpb.dFirstFreeCluster
00000031  dpb.dNumberOfFreeClusters
00000035  dpb_size
00000FF5  fat12MaxClustCnt
0000FFF5  fat16MaxClustCnt
00000000  cds
00000000  cds.sCurrentPath
00000043  cds.wFlags
00000045  cds.qDPBPtr
0000004D  cds.dStartCluster
00000051  cds.qIFSPtr
00000059  cds.dNetStore
0000005D  cds.wBackslashOffset
0000005F  cds_size
00008000  cdsRedirDrive
00004000  cdsValidDrive
00002000  cdsJoinDrive
00001000  cdsSubstDrive
00000080  cdsRdirLocDrive
00000000  sfth
00000000  sfth.qNextSFTPtr
00000008  sfth.wNumFiles
0000000A  sfth_size
00000000  sft
00000000  sft.wNumHandles
00000002  sft.wOpenMode
00000004  sft.bFileAttrib
00000005  sft.wDeviceInfo
00000007  sft.qPtr
0000000F  sft.dStartClust
00000013  sft.wTime
00000015  sft.wDate
00000017  sft.dFileSize
0000001B  sft.dCurntOff
0000001F  sft.dRelClust
00000023  sft.dAbsClusr
00000027  sft.qDirSect
0000002F  sft.bNumDirEnt
00000030  sft.sFileName
0000003B  sft.qSharePtr
00000043  sft.wMachNum
00000045  sft.qPSPOwner
0000004D  sft.wShareRec
0000004F  sft_size
00000000  ReadAccess
00000001  WriteAccess
00000002  RWAccess
00000000  CompatShare
00000010  denyRWShare
00000020  denyWriteShare
00000030  denyReadShare
00000040  denyNoneShare
00000070  netFCBShare
00000080  noInherit
00002000  diskFullFail
00004000  noBufferWrites
00008000  FCBopenedFile
00000001  readOnlyFile
00000002  hiddenFile
00000004  systemFile
00000008  volLabelFile
00000010  directoryFile
00000020  archiveFile
00000040  charFile
00000001  charDevConIn
00000002  charDevConOut
00000004  charDevNulDev
00000008  charDevClockDev
00000010  charDevFastOut
00000020  charDevBinary
00000040  charDevNoEOF
00000040  blokFileNoFlush
00000080  devCharDev
00000800  charDevNetSpool
00001000  devNoInherit
00002000  charDevNamePipe
00004000  blokNoDTonClose
00008000  devRedirDev
00000000  bufferHdr
00000000  bufferHdr.nextBufPtr
00000008  bufferHdr.wDrvNumFlg
00000008  bufferHdr.driveNumber
00000009  bufferHdr.bufferFlags
0000000A  bufferHdr.bufferLBA
00000012  bufferHdr.bufFATcopy
00000013  bufferHdr.bufFATsize
00000017  bufferHdr.driveDPBPtr
0000001F  bufferHdr.reserved
00000020  bufferHdr.dataarea
00000020  bufferHdr_size
00000001  dosBuffer
00000002  fatBuffer
00000004  dirBuffer
00000008  dataBuffer
00000020  refBuffer
00000040  dirtyBuffer
000000FF  freeBuffer
00000000  mcb
00000000  mcb.marker
00000001  mcb.owner
00000009  mcb.blockSize
0000000D  mcb.subSysMark
0000000E  mcb.reserved
00000010  mcb.program
00000010  mcb_size
00000007  mcbOwnerHole
00000000  mcbOwnerFree
00000008  mcbOwnerDOS
00000009  mcbOwnerNewDOS
0000004D  mcbMarkCtn
0000005A  mcbMarkEnd
00000044  mcbSubDriver
0000004C  mcbSubDrvExtra
00000050  mcbSubDrvDPB
00000049  mcbSubIFS
00000046  mcbSubFiles
00000058  mcbSubFCBS
00000042  mcbSubBuffers
0000004C  mcbSubCDS
00000053  mcbSubStacks
00000000  memFirstFit
00000001  memBestFit
00000002  memLastFit
00000000  callerFrame
00000000  callerFrame.rax
00000008  callerFrame.rbx
00000010  callerFrame.rcx
00000018  callerFrame.rdx
00000020  callerFrame.rsi
00000028  callerFrame.rdi
00000030  callerFrame.rbp
00000038  callerFrame.r8
00000040  callerFrame.r9
00000048  callerFrame.rip
00000050  callerFrame.cs
00000058  callerFrame.flags
00000060  callerFrame_size
00000000  dpl
00000000  dpl.rax
00000008  dpl.rbx
00000010  dpl.rcx
00000018  dpl.rdx
00000020  dpl.rsi
00000028  dpl.rdi
00000030  dpl.r8
00000038  dpl.r9
00000040  dpl.align
00000048  dpl.compID
00000050  dpl.procID
00000058  dpl_size
00000000  cfgFrame
00000000  cfgFrame.oldRBP
00000008  cfgFrame.newBuffers
00000010  cfgFrame.newSFTVal
00000018  cfgFrame.newFCBSVal
00000020  cfgFrame.newProtFCBSVal
00000028  cfgFrame.newLastdrive
00000030  cfgFrame.newStacks
00000038  cfgFrame.newStackSize
00000040  cfgFrame.cfgHandle
00000048  cfgFrame.lastLine
00000050  cfgFrame.linePtr
00000058  cfgFrame.driverBreak
00000060  cfgFrame.breakChar
00000068  cfgFrame_size
00000000  filename
00000000  filename.fName
00000008  filename.fExt
0000000B  filename_size
00000000  ffBlock
00000000  ffBlock.driveNum
00000001  ffBlock.template
0000000C  ffBlock.attrib
0000000D  ffBlock.dirOffset
00000011  ffBlock.parDirClus
00000015  ffBlock.attribFnd
00000016  ffBlock.fileTime
00000018  ffBlock.fileDate
0000001A  ffBlock.fileSize
0000001E  ffBlock.asciizName
0000002B  ffBlock_size
00000000  psp
00000000  psp.return
00000002  psp.allocSize
0000000A  psp.oldInt22h
00000012  psp.oldInt23h
0000001A  psp.oldInt24h
00000022  psp.parentPtr
0000002A  psp.externalJFTPtr
0000002A  psp.jobFileTbl
0000003E  psp.envPtr
00000046  psp.rspPtr
0000004E  psp.jftSize
00000050  psp.unixEntry
00000053  psp.prevPSP
0000005C  psp.cmdLineArgPtr
0000005C  psp.fcb1
0000006C  psp.fcb2
00000080  psp.dta
00000080  psp.parmList
00000081  psp.progTail
00000100  psp_size
00000014  dfltJFTsize
00000000  clkStruc
00000000  clkStruc.dateWord
00000002  clkStruc.minutes
00000003  clkStruc.hours
00000004  clkStruc.hseconds
00000005  clkStruc.seconds
00000006  clkStruc_size
00000000  extCtryStruc
00000000  extCtryStruc.infoIDCode
00000001  extCtryStruc.strucSize
00000003  extCtryStruc.ctryID
00000005  extCtryStruc.cpNumber
00000007  extCtryStruc.dtfmt
00000009  extCtryStruc.curr
0000000E  extCtryStruc.thouSep
00000010  extCtryStruc.dcmlSep
00000012  extCtryStruc.dateSep
00000014  extCtryStruc.timeSep
00000016  extCtryStruc.currFmt
00000017  extCtryStruc.digtdpt
00000018  extCtryStruc.timefmt
00000019  extCtryStruc.mapptr
00000021  extCtryStruc.dataSep
00000023  extCtryStruc.resv
0000002D  extCtryStruc_size
00000000  countryStruc
00000000  countryStruc.dtfmt
00000002  countryStruc.curr
00000007  countryStruc.thouSep
00000009  countryStruc.dcmlSep
0000000B  countryStruc.dateSep
0000000D  countryStruc.timeSep
0000000F  countryStruc.currFmt
00000010  countryStruc.digtdpt
00000011  countryStruc.timefmt
00000012  countryStruc.mapptr
0000001A  countryStruc.dataSep
0000001C  countryStruc.resv
00000026  countryStruc_size
00000000  critRead
00000001  critWrite
00000000  critDOS
00000002  critFAT
00000004  critDir
00000006  critData
00000008  critFailOK
00000010  critRetryOK
00000020  critIgnorOK
00000080  critCharDev
00000000  critIgnore
00000001  critRetry
00000002  critAbort
00000003  critFail
00000000  NUL
00000003  ETX
00000006  ACK
00000007  BEL
00000008  BSP
00000009  TAB
0000000A  LF
0000000D  CR
00000010  DLE
00000013  DC3
00000014  DC4
00000015  NAK
00000017  ETB
0000001A  EOF
0000001B  ESC
00000020  SPC
0000007F  DEL
00000020  asciiCaret
0000003B  eF1
0000003C  eF2
0000003D  eF3
0000003E  eF4
0000003F  eF5
00000040  eF6
00000041  eF7
0000004B  eCursL
0000004D  eCursR
00000052  eIns
00000053  eDel
0000001E  buffersDefault
00000014  filesDefault
00000004  fcbsDefault
00000000  safeFcbsDeflt
00000005  lastDriveDeflt
00000001  badChar
00000002  termChar
00000004  sepChar
00000008  badFCBChar
00000000  fcb
00000000  fcb.driveNum
00000001  fcb.filename
00000009  fcb.fileext
0000000C  fcb.curBlock
0000000E  fcb.recordSize
00000010  fcb.fileSize
00000014  fcb.fileDate
00000016  fcb.fileTime
00000018  fcb.sftNdx
00000019  fcb.fcbMode
0000001A  fcb.special
00000020  fcb.recordNum
00000021  fcb.randRecrd
00000025  fcb_size
00000000  exFcb
00000000  exFcb.extSig
00000001  exFcb.reserved
00000006  exFcb.attribute
00000007  exFcb.driveNum
00000008  exFcb.filename
00000010  exFcb.fileext
00000013  exFcb.curBlock
00000015  exFcb.recordSize
00000017  exFcb.fileSize
0000001B  exFcb.fileDate
0000001D  exFcb.fileTime
0000001F  exFcb.sftNdx
00000020  exFcb.fcbMode
00000021  exFcb.special
00000027  exFcb.recordNum
00000028  exFcb.randRecrd
0000002C  exFcb_size
00000000  renameFcb
00000000  renameFcb.driveNum
00000001  renameFcb.filename
00000009  renameFcb.fileext
0000000C  renameFcb.reserved
00000010  renameFcb.resDrvNum
00000011  renameFcb.newName
00000019  renameFcb.newExt
0000001C  renameFcb.reserved2
00000020  renameFcb_size
00000000  exRenFcb
00000000  exRenFcb.extSig
00000001  exRenFcb.res0
00000006  exRenFcb.attribute
00000007  exRenFcb.driveNum
00000008  exRenFcb.filename
00000010  exRenFcb.fileext
00000013  exRenFcb.reserved
00000017  exRenFcb.resDrvNum
00000018  exRenFcb.newName
00000020  exRenFcb.newExt
00000023  exRenFcb.reserved2
00000027  exRenFcb_size
00000080  fcbShareOn
00000040  fcbCharDev
00000040  fcbLocal
00000000  noShare
00000000  noShare.attribWord
00000001  noShare.startClust
00000003  noShare.dirSect
00000005  noShare.dirEntry
00000006  noShare_size
00000000  shareLocal
00000000  shareLocal.strtClust
00000002  shareLocal.shareSig
00000004  shareLocal.fileAttr
00000006  shareLocal_size
00000000  shareNet
00000000  shareNet.dirSect
00000002  shareNet.relClust
00000004  shareNet.absClust
00000006  shareNet_size
00000001  errInvFnc
00000002  errFnf
00000003  errPnf
00000004  errNhl
00000005  errAccDen
00000006  errBadHdl
00000007  errMCBbad
00000008  errNoMem
00000009  errMemAddr
0000000A  errBadEnv
0000000B  errBadFmt
0000000C  errAccCde
0000000D  errInvDat
0000000F  errBadDrv
00000010  errDelCD
00000011  errDevUnk
00000012  errNoFil
00000013  drvErrShft
00000013  errWpd
00000014  errUnkUnt
00000015  errDrvNR
00000016  errUnkCmd
00000017  errCRCerr
00000018  errBadRLn
00000019  errSekErr
0000001A  errUnkMed
0000001B  errSecNF
0000001C  errNoPap
0000001D  errWF
0000001E  errRF
0000001F  errGF
00000020  errShrVio
00000021  errLokVio
00000022  errIDC
00000023  errNoFCB
00000024  errShrFul
00000032  errNoNet
00000050  errFilExist
00000052  errDirExist
00000053  errFI24
00000054  errRedir
00000055  errDupRedir
00000056  errBadPass
00000057  errBadParam
00000058  errNetWrite
00000001  eLocUnk
00000002  eLocDsk
00000003  eLocNet
00000004  eLocChr
00000005  eLocMem
00000001  eActRet
00000002  eActDRet
00000003  eActUsr
00000004  eActAbt
00000005  eActKil
00000006  eActIgn
00000007  eActRetUsr
00000001  eClsOoR
00000002  eClsTS
00000003  eClsAuth
00000004  eClsInt
00000005  eClsHrdFlt
00000006  eClsSysFlt
00000007  eClsAppFlt
00000008  eClsNotFnd
00000009  eClsBadFmt
0000000A  eClsLocked
0000000B  eClsMedia
0000000C  eClsClash
0000000D  eClsUnk
00000082  cmdBufferL
00000002  driveSpecL
00000040  dirPathL
0000000B  fcbNameL
0000000C  filenameL
0000000D  fileNameZL
00000042  fullDirPathL
00000043  fullDirPathZL
0000004F  fileSpecZL
0000000E  cmdNameL
0000005C  fcb1
0000006C  fcb2
00000080  cmdTail
00000080  cmdLineCnt
00000081  cmdLine
00000000  batBlockHdr
00000000  batBlockHdr.zero
00000001  batBlockHdr.bEchoFlg
00000002  batBlockHdr.pLink
0000000A  batBlockHdr.bStatFlg
0000000B  batBlockHdr.qBatOff
0000000B  batBlockHdr.dBatOffLo
0000000F  batBlockHdr.dBatOffHi
00000013  batBlockHdr.wArgs
00000027  batBlockHdr.cmdLine
00000027  batBlockHdr_size
FFFFFFFFFFFFFFFF  bbNoParam
00000000  bbNull
00000001  bbEchoOn
00000000  bbEchoOff
000000AA  bbMaxAlloc
00000040  batNoEchoChar
00000000  forBlk
00000000  forBlk.bListc
00000001  forBlk.sListBlk
00000083  forBlk.bCmdWC
00000084  forBlk.bArgNum
00000085  forBlk.pLstCurr
0000008D  forBlk.pCmd
00000095  forBlk.sCmdLine
00000117  forBlk.sNameBuf
0000015A  forBlk.sFFBuffer
00000185  forBlk.bLpVar
00000186  forBlk_size
00000000  drvHdr
00000000  drvHdr.nxtPtr
00000008  drvHdr.attrib
0000000A  drvHdr.strPtr
00000012  drvHdr.intPtr
0000001A  drvHdr.drvNam
00000022  drvHdr_size
00000000  execProg
00000000  execProg.pEnv
00000008  execProg.pCmdLine
00000010  execProg.pfcb1
00000018  execProg.pfcb2
00000020  execProg_size
00000001  dirReadOnly
00000002  dirHidden
00000004  dirSystem
00000008  dirVolumeID
00000010  dirDirectory
00000020  dirArchive
00000040  dirCharDev
0000000F  dirLongName
00000016  dirInclusive
00000006  dirIncFiles
00000007  cmdStateL
00000012  cmdLineStateL
00000027  pTblL
00000017  pipeErrMsgL
00000013  redirErrMsgL
00000010  autoSpecL
00000001  permaShell
00000002  inCtrlC
00000004  inSingle
00000008  inBatch
00000010  batchEOF
00000020  inCritical
00000040  inLdrDT
00000080  inLdr
00000000  ifReset
00000001  ifNot
00000002  ifCond
00000080  inLen
00000001  dirWideType
00000002  dirPageType
00000004  dirFileType
00000001  ascSrc
00000002  binSrc
00000004  ascDes
00000008  wcSrc
00000010  oneDest
00000020  mod1Cpy
00000040  mod2Cpy
00000080  mod3Cpy
0000075A  bssLen
00000650  stackLen
00000519  initLen
00000DAA  initOffset


---- Section cmd --------------------------------------------------------------

Real              Virtual           Name
             100               100  startLbl
             100               100  pPSP
             108               108  numHdls
             10A               10A  pathSep
             10B               10B  switchChar
             10C               10C  failDrv
             10D               10D  echoFlg
             10E               10E  errHdls
             110               110  volFcb
             110               110  ..@82.strucstart
             13C               13C  batYNstr
             140               140  cmdLineStatePtr
             140               140  pipeFlag
             141               141  pipeSTDIN
             143               143  pipeSTDOUT
             145               145  redirIn
             146               146  redirOut
             147               147  redirSTDIN
             149               149  redirSTDOUT
             14B               14B  cmdStatePtr
             14B               14B  arg1Flg
             14C               14C  arg1Off
             14D               14D  arg1FCBret
             14E               14E  arg2Flg
             14F               14F  arg2Off
             150               150  arg2FCBret
             151               151  switchFnd
             152               152  functionTable
             247               247  pTbl
             26E               26E  crlf
             271               271  crlf2
             276               276  badBat
             28D               28D  needBat
             2CB               2CB  batFail
             2E9               2E9  badCmd
             304               304  dupName
             31B               31B  fnfMsg
             32C               32C  noSpace
             346               346  noEnvSpace
             361               361  fulRootDir
             377               377  noSelfCopy
             39B               39B  filLostErr
             3C5               3C5  copyOk
             3D7               3D7  cpNoMem
             3F4               3F4  dirOk
             3FE               3FE  bytesOk
             40C               40C  dirLbl
             415               415  badDrv
             433               433  pauseMes
             452               452  badParm
             466               466  dayName
             47B               47B  badDate
             48A               48A  curDate
             49B               49B  newDate
             4AD               4AD  usDate
             4BA               4BA  ukDate
             4C7               4C7  jpDate
             4D4               4D4  badTime
             4E3               4E3  curTime
             4F4               4F4  newTime
             507               507  ynMes
             51C               51C  dosVer
             52E               52E  volMes
             540               540  volOk
             545               545  volNo
             553               553  badDir
             567               567  badMD
             584               584  badRD
             5BB               5BB  dirMain
             5CB               5CB  noPath
             5D4               5D4  accDenMsg
             5E4               5E4  badDrvMsg
             605               605  badDev
             616               616  badLbl
             628               628  syntaxErr
             637               637  forNest
             64F               64F  forStr
             653               653  pipeErr
             679               679  binDevErr
             6A0               6A0  offMes
             6A6               6A6  offStr
             6AA               6AA  onMes
             6AF               6AF  onStr
             6B2               6B2  breakIs
             6BC               6BC  verifyIs
             6C7               6C7  echoIs
             6D0               6D0  badSpec
             6EC               6EC  badArgs
             70B               70B  devWriteErr
             722               722  backSpace
             726               726  noMemMsg
             749               749  notString
             74D               74D  errlvlStr
             758               758  existStr
             75E               75E  inStr
             761               761  doStr
             764               764  listOpenStr
             766               766  listClosStr
             768               768  memSys
             78E               78E  memDOS
             7B4               7B4  memApp
             7DA               7DA  memHole
             800               800  memFree
             826               826  memByte
             82D               82D  memBad0
             853               853  memBad1
             86D               86D  memBad2
             87C               87C  memBad3
             88C               88C  pipeErrMsg
             8A3               8A3  redirErrMsg
             8B6               8B6  ansiCls
             8BA               8BA  fourSpc
             8BF               8BF  threeSpc
             8C3               8C3  twoSpc
             8C6               8C6  badOnOff
             8DF               8DF  promptEVar
             8E7               8E7  extStr
             8F0               8F0  devName
             8F9               8F9  autoSpec
             909               909  pathEVar
             90F               90F  comspecEVar
             918               918  cspec
             924               924  errMsgPtrTbl
             948               948  errorMsgTbl
             948               948  errorMsgTbl.0
             958               958  errorMsgTbl.1
             966               966  errorMsgTbl.2
             971               971  errorMsgTbl.3
             982               982  errorMsgTbl.4
             988               988  errorMsgTbl.5
             995               995  errorMsgTbl.6
             99B               99B  errorMsgTbl.7
             9AA               9AA  errorMsgTbl.8
             9BC               9BC  errorMsgTbl.9
             9CA               9CA  errorMsgTbl.A
             9D7               9D7  errorMsgTbl.B
             9E3               9E3  errorMsgTbl.C
             9F4               9F4  errorMsgTbl.D
             A07               A07  errorMsgTbl.E
             A17               A17  errorMsgTbl.F
             A2A               A2A  errorMsgTbl.FVol
             A38               A38  errorMsgTbl.10
             A49               A49  errorMsgTbl.11
             A5F               A5F  genNetErr
             A76               A76  drvMsg
             A7D               A7D  readMsg
             A8C               A8C  writeMsg
             A9B               A9B  abortMsg
             AA1               AA1  ignoreMsg
             AA8               AA8  retryMsg
             AAE               AAE  failMsg
             AB3               AB3  betweenMsg
             AB6               AB6  endMsg
             AB9               AB9  i24Resp
             ABD               ABD  commandStart
             B10               B10  commandMain
             B1C               B1C  commandMain.inputMain
             B41               B41  commandMain.inputGetAgain
             B46               B46  commandMain.inputGetCmdlineAgain
             B8F               B8F  commandMain.batProceedCrlf
             B94               B94  commandMain.batProceed
             B9D               B9D  commandMain.goSingle
             BBC               BBC  commandMain.pipeLoop
             BE1               BE1  commandMain.okRet
             C1C               C1C  makeCmdBuffer
             C28               C28  makeCmdBuffer.countQuotes
             C34               C34  makeCmdBuffer.notQuoteToCount
             C42               C42  makeCmdBuffer.getChar
             C4B               C4B  makeCmdBuffer.searchForClosingQuote
             C55               C55  makeCmdBuffer.notQuote
             C60               C60  makeCmdBuffer.pipeHandle
             C66               C66  makeCmdBuffer.notRedir
             C6F               C6F  makeCmdBuffer.exit
             C75               C75  ..@90._ret
             C76               C76  makeCmdString
             C82               C82  makeCmdString.countQuotes
             C8E               C8E  makeCmdString.notQuoteToCount
             C9C               C9C  makeCmdString.getChar
             CA5               CA5  makeCmdString.searchForClosingQuote
             CAF               CAF  makeCmdString.notQuote
             CB8               CB8  makeCmdString.notPipe
             CC1               CC1  makeCmdString.exit
             CCE               CCE  ..@91._ret
             CCF               CCF  analyseCmdline
             CF4               CF4  analyseCmdline.noSwitchFnd
             CFC               CFC  ..@93._base
             D01               D01  analyseCmdline.plp
             D17               D17  analyseCmdline.trailingDotLp
             D22               D22  analyseCmdline.noTrailingDots
             D4E               D4E  analyseCmdline.delimfnd
             D51               D51  analyseCmdline.notPs
             DA1               DA1  analyseCmdline.skipArg
             DD8               DD8  analyseCmdline.setupCmdVars
             E04               E04  analyseCmdline.noDrivePath
             E0C               E0C  analyseCmdline.proceedCp
             E1D               E1D  analyseCmdline.cpCmdName
             E28               E28  ..@94._ret
             E29               E29  analyseCmdline.skipAndCheckCR
             E31               E31  ..@95._ret
             E32               E32  analyseCmdline.exitBad
             E39               E39  ..@96._ret
             E3A               E3A  analyseCmdline.exitBadDrv
             E46               E46  ..@97._ret
             E47               E47  doCommandLine
             E68               E68  ..@99._base
             E96               E96  ..@101._base
             E9D               E9D  doCommandLine.noDriveSpecified
             EEE               EEE  ..@103._base
             EF0               EF0  ..@104._ret
             EF1               EF1  ..@103.a
             F0F               F0F  doCommandLine.executeInternal
             F2E               F2E  doCommandLine.executeInternal2
             F35               F35  doCommandLine.nextEntry
             F7D               F7D  doCommandLine.gotoNextEntry
             F89               F89  appRet
             FC3               FC3  hardSynErr
             FCD               FCD  redirFailure
             FDB               FDB  pipeFailure
             FE7               FE7  redirPipeFailureCommon
             FF3               FF3  redirPipeFailureCommon.noPrint
             FFD               FFD  cleanupRedirs
            109E              109E  cleanupRedirs.checkOld
            10B1              10B1  cleanupRedirs.pipeNamesComplete
            10CD              10CD  ..@105._ret
            10CE              10CE  cleanupRedirs.closeHandle
            10D4              10D4  ..@107._base
            10DD              10DD  ..@108._ret
            10DE              10DE  cleanupRedirs.closeAndReplace
            10E8              10E8  ..@110._base
            1103              1103  ..@112._base
            1118              1118  ..@113._ret
            1119              1119  cleanRedirOut
            1122              1122  ..@115._base
            115F              115F  ..@116._ret
            1160              1160  advanceRedir
            11F1              11F1  ..@117._ret
            11F2              11F2  advanceRedir.redirIn
            122E              122E  advanceRedir.redirOut
            1235              1235  ..@119._base
            1276              1276  ..@120._ret
            1277              1277  advanceRedir.pipeOut
            1283              1283  ..@122._base
            12F9              12F9  ..@123._ret
            12FA              12FA  peelRedir
            1309              1309  peelRedir.redirExit
            130B              130B  ..@124._ret
            130C              130C  peelRedir.inputRedir
            131A              131A  peelRedir.redirCommon
            132B              132B  peelRedir.outputRedir
            1340              1340  peelRedir.notDouble
            1349              1349  peelRedir.pipeSetup
            1357              1357  peelRedir.badFnd
            135B              135B  setupRedirandPipes
            137D              137D  setupRedirandPipes.pathFound
            13E5              13E5  setupRedirandPipes.redirIn
            1437              1437  setupRedirandPipes.redirOut
            143E              143E  ..@126._base
            1440              1440  ..@127._ret
            1441              1441  ..@126.a
            1448              1448  ..@129._base
            147C              147C  setupRedirandPipes.skipOpen
            148B              148B  setupRedirandPipes.fileExists
            14B4              14B4  ..@131._base
            14CC              14CC  ..@132._ret
            14CD              14CD  pullCommandline
            14D4              14D4  pullCommandline.pctSkipLeading
            1505              1505  pullCommandline.pctPullChars
            150F              150F  pullCommandline.pctExit
            1516              1516  ..@133._ret
            1517              1517  getSetMainState
            1534              1534  ..@134._ret
            1535              1535  int2Eh
            1547              1547  int2Eh.multiJoin
            15B3              15B3  int2ERet
            15EB              15EB  int2EcheckReentry
            160A              160A  int2EcheckReentry.multifnd
            161A              161A  batLaunch
            163F              163F  batLaunch.noBat
            165D              165D  batLaunch.notAutoexec
            1686              1686  batLaunch.bbRelPath
            16C6              16C6  batLaunch.bbRelPathOk
            16DF              16DF  batLaunch.bbCDrvAbs
            16EC              16EC  batLaunch.bbdrvGiven
            16FA              16FA  batLaunch.bbCpName
            1719              1719  batLaunch.copyCmdline
            171E              171E  batLaunch.cclp
            172B              172B  batLaunch.ccstore
            1778              1778  batLaunch.bbAlloced
            17D9              17D9  batLaunch.bbFndLp
            17F9              17F9  batLaunch.bbArgsDone
            1803              1803  batFinish
            183B              183B  batNextLine
            186D              186D  batNextLine.readlp
            18A3              18A3  batNextLine.eofAddCR
            18A6              18A6  batNextLine.eof
            18B9              18B9  batNextLine.eolCR
            18C8              18C8  batNextLine.eolLF
            18CB              18CB  batNextLine.eol
            1926              1926  batNextLine.noEchoPull
            1949              1949  batPreprocess
            1964              1964  batPreprocess.lp
            1970              1970  batPreprocess.rawcp
            1978              1978  batPreprocess.check
            1981              1981  batPreprocess.exit
            1992              1992  ..@135._ret
            1993              1993  batExpandVar
            199E              199E  batExpandVar.notRep
            19A0              19A0  ..@137._base
            19AA              19AA  ..@138._ret
            19AB              19AB  batExpandVar.notSecond
            19B1              19B1  batExpandVar.envVarLp
            19B7              19B7  batExpandVar.lpExit
            19BF              19BF  ..@140._base
            19E6              19E6  ..@142._base
            19F1              19F1  batExpandVar.copyVar
            1A0D              1A0D  batExpandVar.noTrunc
            1A12              1A12  batExpandVar.exit
            1A13              1A13  ..@143._ret
            1A14              1A14  batExpandVar.repParm
            1A2E              1A2E  ..@145._base
            1A46              1A46  batCleanup
            1A6E              1A6E  batCleanup.exit
            1A85              1A85  ..@146._ret
            1A86              1A86  batFree
            1A94              1A94  ..@147._ret
            1A95              1A95  batKillRedir
            1A9F              1A9F  ..@148._ret
            1AA0              1AA0  batOpen
            1AAD              1AAD  batOpen.batOpen
            1ACB              1ACB  batOpen.batOpened
            1ACF              1ACF  ..@149._ret
            1AD0              1AD0  batClose
            1AD7              1AD7  ..@150._ret
            1AD8              1AD8  batReadChar
            1AEF              1AEF  ..@152._base
            1AF1              1AF1  batReadChar.eof
            1AFA              1AFA  ..@153._ret
            1AFB              1AFB  batReadChar.bad
            1B00              1B00  badDiskFull
            1B25              1B25  badForError
            1B33              1B33  badNoMemError
            1B3C              1B3C  badSyntaxError
            1B45              1B45  badEnvSpaceError
            1B4E              1B4E  badAccError
            1B57              1B57  badParamError
            1B60              1B60  badDriveError
            1B69              1B69  badArgError
            1B72              1B72  badFileError
            1B7B              1B7B  badDupFnf
            1B84              1B84  badFnf
            1B8D              1B8D  badDirError
            1B94              1B94  badCmn
            1B99              1B99  badCmdError
            1BA2              1BA2  dir
            1BF3              1BF3  dir.scanNew
            1C18              1C18  dir.notWide
            1C29              1C29  dir.notSwitch
            1C4A              1C4A  dir.scanDone
            1C8B              1C8B  dir.currentDrv
            1C96              1C96  dir.dirPrintVol
            1CDE              1CDE  dir.goToEndOfCwd
            1CE7              1CE7  dir.prepCopy
            1D03              1D03  dir.copyPathLoop
            1D0C              1D0C  dir.lpPathseps
            1D15              1D15  dir.checkDot
            1D19              1D19  dir.store
            1D20              1D20  dir.dots
            1D40              1D40  dir.skipThisPathsep
            1D45              1D45  dir.twoDot
            1D5A              1D5A  dir.tdOk
            1D90              1D90  dir.exitPathCopy
            1DB0              1DB0  dir.skipOverwrite
            1DD1              1DD1  dir.notNull
            1DF5              1DF5  dir.wcSearchPattern
            1E17              1E17  dir.wcsp1
            1E1F              1E1F  dir.wcsp2
            1E35              1E35  dir.wcDefaultSearch
            1E76              1E76  dir.root
            1E8B              1E8B  ..@154._ret
            1E8C              1E8C  dir.searchForFile
            1EA1              1EA1  dir.findNext
            1EAC              1EAC  dir.dirNoMoreFiles
            1EC0              1EC0  dir.dirNoEndNewLine
            1ED8              1ED8  ..@155._ret
            1ED9              1ED9  dir.filesFound
            1F25              1F25  ..@156._ret
            1F26              1F26  dir.dirPrintFileData
            1F2D              1F2D  ..@158._base
            1FA8              1FA8  dir.dirPrintNotDir
            1FC4              1FC4  dir.dirPrintFileDT
            1FF8              1FF8  dir.widePrint
            2005              2005  dir.dirPrintNameExit
            2017              2017  ..@160._base
            2019              2019  ..@161._ret
            201A              201A  ..@160.a
            203D              203D  dir.dirPrnNoPag
            2044              2044  ..@162._ret
            2045              2045  chdir
            204E              204E  chdir.printCWD
            2058              2058  ..@163._ret
            2059              2059  chdir.printDiskCWD
            209A              209A  ..@164._ret
            209B              209B  chdir.changeDir
            20BF              20BF  ..@165._ret
            20C0              20C0  mkdir
            20FB              20FB  ..@167._base
            20FD              20FD  mkdir.badMake
            2109              2109  rmdir
            2144              2144  ..@169._base
            2146              2146  ..@170._ret
            2147              2147  ..@169.a
            2147              2147  rmdir.badRemove
            2153              2153  copy
            21E1              21E1  copy.badAlloc
            21ED              21ED  copy.okSize
            21FB              21FB  copy.bufOk
            2233              2233  copy.sd
            224C              224C  copy.noSwitch
            2250              2250  copy.ns1
            2262              2262  copy.noDestSwitch
            2265              2265  copy.noSwitchLp
            227C              227C  copy.se
            227F              227F  copy.destFnd
            22C1              22C1  copy.destEnd
            22CF              22CF  copy.srcLp
            22F4              22F4  copy.noSrcSw
            2320              2320  copy.noSameSrcDest
            2331              2331  copy.swSrcSwPost
            2356              2356  copy.swSrcSwPostExit
            2367              2367  copy.oneCp
            2390              2390  copy.srcEnd
            23C4              23C4  copy.notm3
            23F1              23F1  copy.srcStorWc
            2401              2401  copy.isSrcDir
            2431              2431  copy.srctpsp
            2445              2445  copy.checkDestDir
            247A              247A  copy.isDestDir
            24C6              24C6  copy.mod2
            24E2              24E2  copy.m2Wc
            250A              250A  copy.md2Lp
            2537              2537  copy.md2NameMake
            253F              253F  copy.noStore
            2595              2595  copy.md2Ok
            25B4              25B4  copy.mod1
            25D1              25D1  copy.mod1Lp
            2619              2619  copy.mod1Ok
            262B              262B  copy.copyDone
            2644              2644  copy.cdM3lp
            265C              265C  copy.cdPlus
            2672              2672  copy.cdNotM3
            2695              2695  ..@171._ret
            2696              2696  copy.prntFilespec
            269D              269D  ..@173._base
            26C1              26C1  ..@174._ret
            26C2              26C2  copy.doSwitch
            26C8              26C8  copy.doSwitchRev
            26DE              26DE  copy.cExit
            26E0              26E0  ..@175._ret
            26E1              26E1  copy.cB
            26F6              26F6  copy.cV
            26F8              26F8  ..@177._base
            270C              270C  copy.badBinCdevErr
            2715              2715  copy.rootDirFull
            271E              271E  copy.badSameFile
            2725              2725  copy.badExitCmn
            272F              272F  copy.badSrcFile
            2739              2739  copy.badExit
            2743              2743  copy.copyCleanup
            2765              2765  copy.skipFree
            276D              276D  ..@178._ret
            276E              276E  copyMain
            27E2              27E2  ..@179._ret
            27E3              27E3  copyMain.notFirstLost
            27EF              27EF  ..@180._ret
            27F0              27F0  copyMain.sameNameExit
            27F2              27F2  copyMain.badExit
            27FA              27FA  ..@181._ret
            27FB              27FB  copyMain.badExitNoSpace
            27FF              27FF  copyMain.notSameFile
            283E              283E  copyMain.prepCopy
            2847              2847  copyMain.copyLoop
            2874              2874  copyMain.doMod3BinCheck
            287D              287D  copyMain.doAscii
            288B              288B  copyMain.charDev
            289E              289E  copyMain.notAscii
            28CE              28CE  copyMain.exitCleanup
            28FC              28FC  copyMain.ecNoEOF
            291A              291A  copyMain.beSkipSource
            2926              2926  ..@183._base
            2928              2928  ..@184._ret
            2929              2929  ..@183.a
            2939              2939  ..@185._ret
            293A              293A  copyMain.getWriteHandle
            2949              2949  ..@186._ret
            294A              294A  copyMain.gwHProceed
            2966              2966  copyMain.openFile
            296D              296D  ..@188._base
            2990              2990  copyMain.gwHNoAscii
            2997              2997  ..@189._ret
            2998              2998  copyMain.createFile
            29A1              29A1  ..@191._base
            29B3              29B3  ..@192._ret
            29B4              29B4  copyParse
            29C4              29C4  copyParse.cp1
            29E0              29E0  copyParse.cpPlus
            29F5              29F5  copyParse.cpExit
            29FC              29FC  ..@193._ret
            29FD              29FD  copyParse.gotoVar
            2A14              2A14  copyParse.vexit
            2A17              2A17  ..@194._ret
            2A18              2A18  copyParse.skipVar
            2A2A              2A2A  erase
            2A3C              2A3C  erase.dirLp
            2A81              2A81  erase.wcScan
            2A90              2A90  erase.ynmsg
            2AAB              2AAB  ..@196._base
            2AAD              2AAD  ..@197._ret
            2AAE              2AAE  ..@196.a
            2AB5              2AB5  erase.endCount1
            2ABA              2ABA  erase.endCount
            2ACD              2ACD  erase.findFile
            2AEB              2AEB  erase.delNextFile
            2B0F              2B0F  ..@198._ret
            2B10              2B10  erase.noWildcard
            2B51              2B51  erase.delMain
            2B58              2B58  ..@200._base
            2B67              2B67  ..@201._ret
            2B68              2B68  date
            2B79              2B79  date.init
            2B89              2B89  date.noCur
            2BD5              2BD5  ..@203._base
            2BDB              2BDB  date.goDate
            2C2C              2C2C  date.writeDate
            2C4D              2C4D  ..@205._base
            2C4F              2C4F  ..@206._ret
            2C50              2C50  ..@205.a
            2C50              2C50  date.badDate
            2C61              2C61  date.us
            2CA1              2CA1  date.writeHop
            2CA3              2CA3  date.jpn
            2CED              2CED  date.doYear
            2CF2              2CF2  ..@208._base
            2CF4              2CF4  ..@209._ret
            2CF5              2CF5  ..@208.a
            2D09              2D09  ..@210._ret
            2D0A              2D0A  date.validSep
            2D0D              2D0D  ..@212._base
            2D11              2D11  ..@214._base
            2D15              2D15  ..@215._ret
            2D16              2D16  time
            2D27              2D27  time.init
            2D37              2D37  time.noCur
            2D61              2D61  ..@217._base
            2D67              2D67  time.goTime
            2DB6              2DB6  time.goSec
            2DDE              2DDE  time.goMsec
            2DF2              2DF2  time.setTime
            2E13              2E13  ..@219._base
            2E15              2E15  ..@220._ret
            2E16              2E16  ..@219.a
            2E16              2E16  time.badTime
            2E27              2E27  time.validsep
            2E2E              2E2E  ..@222._base
            2E32              2E32  ..@223._ret
            2E33              2E33  time.checkNum
            2E40              2E40  ..@224._ret
            2E41              2E41  time.cnbad
            2E42              2E42  ..@225._ret
            2E43              2E43  ctty
            2E83              2E83  ctty.noDrive
            2E8F              2E8F  ctty.loadSwap
            2ED9              2ED9  ..@226._ret
            2EDA              2EDA  ctty.badCharDev
            2EE9              2EE9  ..@227._ret
            2EEA              2EEA  cls
            2F12              2F12  cls.biosCheck
            2F27              2F27  cls.doAnsi
            2F35              2F35  cls.ansiLp
            2F3E              2F3E  ..@228._ret
            2F3F              2F3F  cls.biosConfirmed
            2F62              2F62  ..@229._ret
            2F63              2F63  break
            2F98              2F98  ..@230._ret
            2F99              2F99  break.argumentProvided
            2FC5              2FC5  break.maybeOn
            2FD0              2FD0  break.setBreak
            2FD7              2FD7  ..@231._ret
            2FD8              2FD8  break.badOnOff
            2FE3              2FE3  ..@232._ret
            2FE4              2FE4  verify
            3019              3019  ..@233._ret
            301A              301A  verify.argumentProvided
            3046              3046  verify.maybeOn
            3050              3050  verify.setVerify
            3054              3054  ..@234._ret
            3055              3055  verify.badOnOff
            3060              3060  ..@235._ret
            3061              3061  rename
            3102              3102  rename.curDrvSrc
            3105              3105  rename.destScan
            31C6              31C6  rename.noPath
            31DC              31DC  rename.wcLoop
            3209              3209  rename.wcNameMake
            3211              3211  rename.noStore
            3253              3253  ..@236._ret
            3254              3254  rename.noWC
            3282              3282  ..@238._base
            3289              3289  rename.ren
            3297              3297  ..@239._ret
            3298              3298  truename
            32CA              32CA  truename.writePath
            32E8              32E8  ..@240._ret
            32E9              32E9  volume
            3306              3306  volume.notCurrentDrive
            3337              3337  volume.dirEP
            337A              337A  volume.volIDOk
            3393              3393  volume.volEndPrint
            33A2              33A2  ..@241._ret
            33A3              33A3  version
            33C9              33C9  ..@242._ret
            33CA              33CA  version.printVersionNumber
            33E6              33E6  ..@243._ret
            33E7              33E7  memory
            3403              3403  memory.sysvarsOK
            3412              3412  memory.memLp
            3420              3420  memory.validMCB
            3436              3436  memory.notDOS
            3445              3445  memory.notFree
            3454              3454  memory.notHole
            3457              3457  memory.gotoNext
            3463              3463  memory.endOfWalk
            34A4              34A4  memory.skipHole
            3512              3512  ..@244._ret
            3513              3513  memory.mcbPrintAmount
            3525              3525  ..@245._ret
            3526              3526  memory.badMCBFound
            3536              3536  type
            3586              3586  type.noDrive
            35A9              35A9  type.lp
            35CE              35CE  type.exit
            35D2              35D2  ..@246._ret
            35D3              35D3  type.exitBad
            35E2              35E2  ..@248._base
            35E9              35E9  exit
            35FF              35FF  ..@249._ret
            3600              3600  exit.ouch
            3607              3607  ..@250._ret
            3608              3608  launchChild
            363A              363A  launchChild.pathLoop
            364D              364D  launchChild.extLp
            3681              3681  launchChild.extSrchLp
            36AC              36AC  launchChild.extFnd
            36B3              36B3  launchChild.extSrchFnd
            371D              371D  launchChild.pathHandle
            3751              3751  launchChild.pathGetEnv
            3778              3778  launchChild.pathRejoin
            37A5              37A5  launchChild.skipPathsep
            37C9              37C9  launchChild.pathReentry
            37DB              37DB  launchChild.prepAndSearch
            37FA              37FA  launchChild.notdriveRel
            3812              3812  ..@251._ret
            3813              3813  set
            382D              382D  set.findLp
            3834              3834  set.scanLp
            384E              384E  ..@253._base
            3855              3855  set.editEnv
            3871              3871  set.altEp
            38BA              38BA  set.editNewEnv
            38DD              38DD  set.reallocTry
            38F1              38F1  ..@255._base
            38F3              38F3  ..@256._ret
            38F4              38F4  ..@255.a
            38FD              38FD  set.reallocOk
            3904              3904  set.nameCp
            3912              3912  set.exitNameCp
            391C              391C  set.exitCp
            3920              3920  ..@257._ret
            3921              3921  set.delEnvVar
            3930              3930  set.delEnvVarSkip
            3931              3931  ..@258._ret
            3932              3932  pathEdit
            3967              3967  pathEdit.cpLp
            397D              397D  pathEdit.cpLpExit
            398A              398A  pathEdit.cpLpNoIntervene
            39B3              39B3  pathEdit.printPath
            39E2              39E2  pathEdit.noPathPrnt
            39EE              39EE  pathEdit.pathExit
            39F5              39F5  ..@259._ret
            39F6              39F6  pathEdit.skipPathDelimiters
            3A01              3A01  ..@260._ret
            3A02              3A02  pathEdit.isALPathDelimiter
            3A04              3A04  ..@262._base
            3A08              3A08  ..@264._base
            3A0C              3A0C  ..@266._base
            3A10              3A10  ..@267._ret
            3A11              3A11  prompt
            3A46              3A46  prompt.cp
            3A50              3A50  prompt.cpOk
            3A59              3A59  prompt.reset
            3A62              3A62  prompt.goSet
            3A81              3A81  echo
            3AB4              3AB4  echo.argGiven
            3AEB              3AEB  echo.directEcho
            3B20              3B20  echo.setOn
            3B27              3B27  ..@268._ret
            3B28              3B28  echo.setOff
            3B2F              3B2F  ..@269._ret
            3B30              3B30  pauza
            3B61              3B61  pauza.echoTail
            3B79              3B79  ..@270._ret
            3B7A              3B7A  remark
            3B81              3B81  ..@272._base
            3B83              3B83  remark.go
            3B8F              3B8F  shift
            3B96              3B96  ..@274._base
            3BAE              3BAE  shift.lp
            3BB7              3BB7  ..@276._base
            3BD2              3BD2  ..@278._base
            3BDB              3BDB  ..@279._ret
            3BDC              3BDC  goto
            3BE3              3BE3  ..@281._base
            3BEF              3BEF  ..@283._base
            3C0E              3C0E  goto.startCopy
            3C23              3C23  goto.endCopy
            3C43              3C43  goto.notLabelLp
            3C54              3C54  goto.findLbl
            3C6A              3C6A  goto.loadRead
            3C97              3C97  goto.pullEol
            3CAE              3CAE  goto.lblDoneCR
            3CBE              3CBE  goto.lblDone
            3CEF              3CEF  goto.eof
            3D00              3D00  ..@284._ret
            3D01              3D01  goto.ucChars
            3D0B              3D0B  goto.ucclp
            3D1B              3D1B  ..@285._ret
            3D1C              3D1C  ifCmd
            3D56              3D56  ifCmd.chkErlvl
            3D82              3D82  ifCmd.scCheck
            3D9E              3D9E  ifCmd.scEqFnd
            3DAB              3DAB  ifCmd.cndHit
            3DB2              3DB2  ifCmd.cndMiss
            3DC4              3DC4  ..@287._base
            3DC6              3DC6  ..@288._ret
            3DC7              3DC7  ..@287.a
            3DD5              3DD5  ifCmd.cpExitLp
            3DEC              3DEC  ifCmd.exist
            3E04              3E04  ifCmd.errorLvl
            3E2C              3E2C  forCmd
            3E90              3E90  forCmd.findForLp
            3EF2              3EF2  forCmd.argCpy
            3F16              3F16  forCmd.inProgress
            3F34              3F34  forCmd.notEnd
            3F52              3F52  forCmd.argCpyEnd
            3F86              3F86  forCmd.forBadSynExit
            3F90              3F90  forProceed
            3FA5              3FA5  forProceed.longString
            3FC5              3FC5  forProceed.getNextListElement
            3FF4              3FF4  forProceed.useString
            3FFC              3FFC  forProceed.wcCheck
            4009              4009  forProceed.wcFnd
            4010              4010  forProceed.wcCheckEnd
            4027              4027  forProceed.searchAgain
            404A              404A  forProceed.ctnFor
            4058              4058  forProceed.copyCommand
            4068              4068  forProceed.ccLp
            406D              406D  forProceed.ccLp1
            407E              407E  forProceed.ccMeta
            40AA              40AA  forProceed.ccOk
            40B5              40B5  forProceed.ccLpEnd
            40C1              40C1  forEnd
            40E7              40E7  forPrintCmd
            4112              4112  forPrintCmd.exit
            4113              4113  ..@289._ret
            4114              4114  forFree
            412A              412A  forFree.exit
            413C              413C  ..@290._ret
            413D              413D  callCmd
            416D              416D  callClean
            417B              417B  ..@292._base
            418B              418B  printDate
            41DA              41DA  ..@293._ret
            41DB              41DB  printDate.usDate
            4218              4218  ..@294._ret
            4219              4219  printDate.jpnDate
            4256              4256  ..@295._ret
            4257              4257  printDate.printFirst
            4265              4265  printDate.skipSpace
            4272              4272  ..@296._ret
            4273              4273  printDate.printSecond
            4283              4283  printDate.printYear
            42A0              42A0  printDate.twoDigitYear
            42B0              42B0  ..@297._ret
            42B1              42B1  printTime
            42CE              42CE  ..@298._ret
            42CF              42CF  printTime.ampm
            42E8              42E8  ..@299._ret
            42E9              42E9  printTime.pm
            42EE              42EE  printTime.pm2
            42FE              42FE  ..@300._ret
            42FF              42FF  printTime.printMinutes
            4313              4313  printTime.printMinutesAlt
            4323              4323  printTime.printHours
            4331              4331  printTime.skipSpace
            433E              433E  ..@301._ret
            433F              433F  printPrompt
            4346              4346  ..@303._base
            4360              4360  ..@304._ret
            4361              4361  printPrompt.validPrompt
            4368              4368  printPrompt.promptLp
            436B              436B  ..@306._base
            437A              437A  printPrompt.escapeChar
            438C              438C  printPrompt.escapeLp
            439D              439D  printPrompt.escapeFnd
            43B1              43B1  printCRLFecho
            43B8              43B8  ..@308._base
            43BA              43BA  printCRLF
            43C1              43C1  printString
            43C8              43C8  ..@309._ret
            43C9              43C9  putVersionInPrompt
            43F6              43F6  ..@310._ret
            43F7              43F7  putEscInPrompt
            43FB              43FB  putMoneyInPrompt
            43FF              43FF  putEquInPrompt
            4403              4403  putPipeInPrompt
            4407              4407  putGTinPrompt
            440B              440B  putLTinPrompt
            440F              440F  putBSPinPrompt
            4427              4427  ..@311._ret
            4428              4428  putDriveInPrompt
            4431              4431  outChar
            4435              4435  ..@312._ret
            4436              4436  putCWDInPrompt
            448C              448C  ..@313._ret
            448D              448D  putCWDInPrompt.badDrive
            4499              4499  printFmtTime
            44E4              44E4  ..@314._ret
            44E5              44E5  getTime
            4501              4501  ..@315._ret
            4502              4502  printFmtDate
            4573              4573  ..@316._ret
            4574              4574  hexToBCD
            457A              457A  hexToBCD.htb0
            458A              458A  hexToBCD.htb1
            4591              4591  printPackedBCD
            45A4              45A4  printPackedBCD.upperNybble
            45B2              45B2  printPackedBCD.lowerNybble
            45BC              45BC  ..@317._ret
            45BD              45BD  setDrive
            45C8              45C8  ..@318._ret
            45C9              45C9  getCurrentDrive
            45CD              45CD  ..@319._ret
            45CE              45CE  strcpy
            45DC              45DC  ..@320._ret
            45DD              45DD  strcpy2
            45E6              45E6  ..@321._ret
            45E7              45E7  strlen
            45F0              45F0  ..@322._ret
            45F1              45F1  ucChar
            45FC              45FC  ..@323._ret
            45FD              45FD  normalisePath
            460B              460B  ..@324._ret
            460C              460C  skipDelimiters
            460D              460D  skipDelimiters.l1
            4615              4615  skipDelimiters.exit
            4619              4619  ..@325._ret
            461A              461A  isALdelimiter
            461C              461C  ..@327._base
            4620              4620  ..@329._base
            4624              4624  ..@331._base
            4628              4628  ..@333._base
            462C              462C  ..@334._ret
            462D              462D  clearCommandState
            463D              463D  ..@335._ret
            463E              463E  clearCommandLineState
            466E              466E  clearCommandLineState.lp
            4678              4678  ..@336._ret
            4679              4679  asciiFilenameToFCB
            4696              4696  asciiFilenameToFCB.processName
            46A6              46A6  asciiFilenameToFCB.extSpace
            46AF              46AF  asciiFilenameToFCB.ext
            46B3              46B3  asciiFilenameToFCB.processExt
            46BF              46BF  asciiFilenameToFCB.exitBadChar
            46C1              46C1  asciiFilenameToFCB.exit
            46C2              46C2  ..@337._ret
            46C3              46C3  findLastPathComponant
            46E1              46E1  findLastPathComponant.exit
            46E6              46E6  ..@338._ret
            46E7              46E7  FCBToAsciiz
            46EE              46EE  FCBToAsciiz.scanNameSpace
            4701              4701  FCBToAsciiz.ext
            470E              470E  FCBToAsciiz.validExt
            4718              4718  FCBToAsciiz.scanExtSpace
            4723              4723  FCBToAsciiz.exit
            4726              4726  ..@339._ret
            4727              4727  cpDelimOrCtrlStringToBufz
            472A              472A  cpDelimOrCtrlStringToBufz.lp
            4739              4739  cpDelimOrCtrlStringToBufz.exit
            473C              473C  ..@340._ret
            473D              473D  cpDelimPathToBufz
            4744              4744  cpDelimPathToBufz.lp
            475B              475B  cpDelimPathToBufz.gotRedirPath
            477C              477C  cpDelimPathToBufz.notColon
            477F              477F  ..@341._ret
            4780              4780  buildCommandPath
            4798              4798  copyArgumentToSearchSpec
            47A4              47A4  ..@342._ret
            47A5              47A5  scanForWildcards
            47A7              47A7  scanForWildcards.lp
            47B6              47B6  scanForWildcards.exit
            47B8              47B8  ..@343._ret
            47B9              47B9  printDecimalValLB
            47DE              47DE  printDecimalValLB.skipLp
            47F7              47F7  printDecimalValLB.printLp
            4804              4804  printDecimalValLB.exit
            4807              4807  ..@344._ret
            4808              4808  printDecimalValLB.errPrint
            4813              4813  decimalise
            481D              481D  decimalise.lp
            4836              4836  decimalise.skipSep
            4854              4854  decimalise.exit
            4855              4855  ..@345._ret
            4856              4856  decimalise.exitErr
            4859              4859  printDecimalWord
            486B              486B  printDecimalWord.notZero
            4872              4872  printDecimalWord.mainLp
            4884              4884  printDecimalWord.goPrint
            4891              4891  ..@346._ret
            4892              4892  getDecimalWord
            489B              489B  getDecimalWord.dpfb0
            48B1              48B1  getDecimalWord.dpfb1
            48B8              48B8  ..@347._ret
            48B9              48B9  getByte
            48C4              48C4  ..@348._ret
            48C5              48C5  getNum
            48CD              48CD  getNum.lp
            48ED              48ED  getNum.exit
            48EE              48EE  getNum.exitBad
            48F5              48F5  ..@349._ret
            48F6              48F6  freezePC
            4901              4901  freezePC.altEP
            490C              490C  freezePC.lp
            4911              4911  setDTA
            4923              4923  ..@350._ret
            4924              4924  getDTA
            492B              492B  ..@351._ret
            492C              492C  resetNation
            4949              4949  resetNation.skipSwitch
            4957              4957  ..@352._ret
            4958              4958  resetIDTentries
            4982              4982  ..@353._ret
            4983              4983  makeAsciizAdv
            4990              4990  makeArgAsciz
            49A1              49A1  ..@354._ret
            49A2              49A2  getNextArg
            49AA              49AA  ..@356._base
            49B7              49B7  strcmp
            49BE              49BE  ..@357._ret
            49BF              49BF  cmpEnvVar
            49C4              49C4  cmpEnvVar.lp
            49D7              49D7  cmpEnvVar.exit
            49D9              49D9  ..@358._ret
            49DA              49DA  checkEnvGoodAndGet
            49F0              49F0  checkEnvGoodAndGet.pathNulScan
            4A02              4A02  checkEnvGoodAndGet.badExit
            4A07              4A07  ..@359._ret
            4A08              4A08  findEnvSpace
            4A13              4A13  ..@361._base
            4A1E              4A1E  findEnvSpace.endsearch
            4A33              4A33  ..@362._ret
            4A34              4A34  searchForEnvVar
            4A3E              4A3E  searchForEnvVar.varLp
            4A5D              4A5D  searchForEnvVar.varNotFound
            4A5E              4A5E  searchForEnvVar.varFound
            4A61              4A61  ..@363._ret
            4A62              4A62  envFree
            4A67              4A67  envFree.freeLp
            4A6F              4A6F  envFree.exitLp
            4A7D              4A7D  envFree.prepPullup
            4A80              4A80  envFree.pullUp
            4A8B              4A8B  envFree.cleanEnv
            4A9A              4A9A  ..@364._ret
            4A9B              4A9B  getFreeSpace
            4AB2              4AB2  ..@365._ret
            4AB3              4AB3  getEnvSize
            4ABF              4ABF  ..@366._ret
            4AC0              4AC0  getPtrToEndOfEnv
            4ACC              4ACC  getPtrToEndOfEnv.lp
            4AD4              4AD4  ..@367._ret
            4AD5              4AD5  growEnvBlock
            4B14              4B14  growEnvBlock.exit
            4B19              4B19  ..@368._ret
            4B1A              4B1A  growEnvBlock.tooLarge
            4B20              4B20  ctrlCHandler
            4B3A              4B3A  ctrlCHandler.notLoading
            4B4C              4B4C  ctrlCHandler.retFromDosCall
            4B66              4B66  ctrlCHandler.i23Bounce
            4B6B              4B6B  ctrlCHandler.inInt23
            4B6D              4B6D  ctrlCHandler.notNested
            4B86              4B86  ctrlCHandler.skipReset
            4B9D              4B9D  ctrlCHandler.ynLp
            4BCF              4BCF  ctrlCHandler.endBat
            4BD9              4BD9  ctrlCHandler.killBat
            4BE5              4BE5  ctrlCHandler.nestKill
            4BFB              4BFB  ctrlCHandler.notBat
            4C06              4C06  ctrlCHandler.exitBat
            4C0B              4C0B  ctrlCHandler.exit
            4C12              4C12  ctrlCHandler.exitIn
            4C16              4C16  critErrorHandler
            4C9C              4C9C  critErrorHandler.redirDefault
            4CA5              4CA5  critErrorHandler.shareErr
            4CB3              4CB3  critErrorHandler.driverErr
            4CDA              4CDA  critErrorHandler.redirDefProceed
            4CE7              4CE7  critErrorHandler.proceedNormalWrite
            4D34              4D34  critErrorHandler.userInput
            4D39              4D39  critErrorHandler.userAbort
            4D45              4D45  critErrorHandler.userRetry
            4D62              4D62  critErrorHandler.userIgnore
            4D7F              4D7F  critErrorHandler.userFail
            4D9C              4D9C  critErrorHandler.userMsgEnd
            4DBE              4DBE  critErrorHandler.uip1
            4DD0              4DD0  critErrorHandler.validInput
            4DE3              4DE3  critErrorHandler.viFail
            4DEE              4DEE  critErrorHandler.viIgnore
            4DF9              4DF9  critErrorHandler.viRetry
            4E02              4E02  critErrorHandler.cehExit
            4E0E              4E0E  critErrorHandler.charError
            4E21              4E21  critErrorHandler.ce1
            4E2F              4E2F  errSwapHdls
            4E4B              4E4B  ..@369._ret
            4E4C              4E4C  errRetHdls
            4E68              4E68  ..@370._ret
            4E69              4E69  getJftPtr
            4E7E              4E7E  ..@371._ret
            4E7F              4E7F  getJftPtr.pspJftExit
            4E83              4E83  ..@372._ret
            4E84              4E84  cmdLdrE

---- Section init -------------------------------------------------------------

Real              Virtual           Name
            4E84              5C30  cmdLdr
            4EA2              5C4E  startInit
            4EB5              5C61  startInit.exitBad
            4EB7              5C63  startInit.okVersion
            4F7B              5D27  startInit.noAutoexec
            4FA9              5D55  startInit.notMaster
            4FCF              5D7B  startInit.prepStart
            4FDB              5D87  startInit.singleCom
            4FEE              5D9A  parseCmdLine
            5015              5DC1  parseCmdLine.parseLp
            502E              5DDA  parseCmdLine.switch
            5052              5DFE  parseCmdLine.badparm
            505B              5E07  parseCmdLine.file
            5083              5E2F  parseCmdLine.badSpec
            508A              5E36  parseCmdLine.bs0
            508F              5E3B  parseCmdLine.plhop
            5091              5E3D  parseCmdLine.charOrDir
            509F              5E4B  parseCmdLine.dir
            50C4              5E70  parseCmdLine.charDev
            50F4              5EA0  parseCmdLine.plhop1
            50F6              5EA2  parseCmdLine.badChar
            50FD              5EA9  parseCmdLine.bs1
            50FF              5EAB  parseCmdLine.switchEnv
            513F              5EEB  parseCmdLine.plhop2
            5141              5EED  parseCmdLine.badEnv
            514A              5EF6  parseCmdLine.switchPerma
            5165              5F11  parseCmdLine.spEmbCr
            516E              5F1A  parseCmdLine.switchStr
            5181              5F2D  parseCmdLine.ssembCr
            518D              5F39  parseCmdLine.ssLp
            519B              5F47  parseCmdLine.ssOk
            51A2              5F4E  parseCmdLine.endScan
            51BF              5F6B  parseCmdLine.esSkipPathsep
            51D7              5F83  ..@379._base
            51D9              5F85  ..@380._ret
            51DA              5F86  ..@379.a
            51E1              5F8D  ..@381._ret
            51E2              5F8E  parseCmdLine.replacestdio
            51E9              5F95  ..@383._base
            51F7              5FA3  doEnv
            5209              5FB5  ..@385._base
            5231              5FDD  ..@386._ret
            5232              5FDE  doEnv.freeCurrentEnv
            5241              5FED  ..@387._ret
            5242              5FEE  doEnv.prepNewEnv
            5247              5FF3  doEnv.noInitEnv
            527F              602B  ..@388._ret
            5280              602C  doEnv.allocEnv
            5297              6043  doEnv.goAlloc
            52A7              6053  ..@390._base
            52BA              6066  doEnv.cpEnv
            52C1              606D  doEnv.lp
            52D0              607C  ..@391._ret
            52D1              607D  doEnv.notNul
            52D5              6081  doEnv.err
            52EC              6098  ..@392._ret
            52ED              6099  getMasterEnv
            52EF              609B  getMasterEnv.lp
            52FD              60A9  getMasterEnv.exit
            5303              60AF  ..@393._ret
            5304              60B0  initString
            5317              60C3  initString2
            533D              60E9  badVerStr
            5355              6101  badCmdDir
            537E              612A  badEnvSz
            5399              6145  initNewSpec
            539A              6146  initNewDev
            539B              6147  initEnvSz
            539D              6149  endOfInitAlloc

---- Section bss --------------------------------------------------------------

Real              Virtual           Name
            4E84              4E84  returnCode
            4E86              4E86  int2Epsp
            4E8E              4E8E  int2Ersp
            4E96              4E96  int2Edta
            4E9E              4E9E  statFlg1
            4E9F              4E9F  bbPtr
            4EA7              4EA7  batFile
            4EF6              4EF6  ifFlg
            4EF7              4EF7  callFlg
            4EF8              4EF8  forFlg
            4EF9              4EF9  pForBlk
            4F01              4F01  ctryData
            4F27              4F27  currDirStr
            4F6A              4F6A  cmdFcb
            4F7A              4F7A  cmdFFBlock
            4FA5              4FA5  launchBlock
            4FC5              4FC5  inBuffer
            5047              5047  batInBuffer
            5047              5047  cLineBuffer
            50C9              50C9  cmdBuffer
            514B              514B  cmdPathSpec
            519A              519A  cmdName
            51A8              51A8  rdrInFilespec
            51F7              51F7  rdrOutFilespec
            5246              5246  pipe1Filespec
            5295              5295  pipe2Filespec
            52E4              52E4  newPipe
            52EC              52EC  oldPipe
            52F4              52F4  searchSpec
            53F8              53F8  dirFlags
            53F9              53F9  dirLineCtr
            53FA              53FA  dirFileCtr
            53FE              53FE  dirDrv
            53FF              53FF  dirSrchDir
            5481              5481  dirSrchFCB
            5491              5491  td1
            5492              5492  td2
            5493              5493  td3
            5494              5494  td4
            5495              5495  delPath
            5495              5495  comspecDir
            5495              5495  srcSpec
            5517              5517  destSpec
            5599              5599  srcPtr
            55A1              55A1  destPtr
            55A9              55A9  renName
            55B4              55B4  pLastFspec
            55BC              55BC  pNextFspec
            55C4              55C4  verifyFlg
            55C5              55C5  sourceHdl
            55C7              55C7  destHdl
            55C9              55C9  srcHdlInfo
            55CB              55CB  cpBufPtr
            55D3              55D3  wCpBufSz
            55D5              55D5  dCpCnt
            55D9              55D9  bCpFlg
            55DA              55DA  envVarSz
            55DC              55DC  envVarNamSz

---- Section stack ------------------------------------------------------------

Real              Virtual           Name
            5C20              5C20  stackTop
            5C30              5C30  endOfAlloc

