
- NASM Map file ---------------------------------------------------------------

Source file:  command.asm
Output file:  ./bin/COMMAND.COM

-- Program origin -------------------------------------------------------------

00000100

-- Sections (summary) ---------------------------------------------------------

Vstart            Start             Stop              Length    Class     Name
             100               100               100  00000000  progbits  .text
             100               100              4BEA  00004AEA  progbits  cmd
            5A10              4BEA              5103  00000519  progbits  init
            4BEA              4BEA              53B5  000007CB  nobits    bss
            53C0              53C0              5A10  00000650  nobits    stack

-- Sections (detailed) --------------------------------------------------------

---- Section .text ------------------------------------------------------------

class:     progbits
length:                   0
start:                  100
align:     not defined
follows:   not defined
vstart:                 100
valign:    not defined
vfollows:  not defined

---- Section cmd --------------------------------------------------------------

class:     progbits
length:                4AEA
start:                  100
align:                    1
follows:   not defined
vstart:                 100
valign:                   1
vfollows:  not defined

---- Section init -------------------------------------------------------------

class:     progbits
length:                 519
start:                 4BEA
align:                    1
follows:   cmd
vstart:                5A10
valign:                   1
vfollows:  stack

---- Section bss --------------------------------------------------------------

class:     nobits
length:                 7CB
start:                 4BEA
align:                    1
follows:   not defined
vstart:                4BEA
valign:                   1
vfollows:  cmd

---- Section stack ------------------------------------------------------------

class:     nobits
length:                 650
start:                 53C0
align:                   10
follows:   not defined
vstart:                53C0
valign:                  10
vfollows:  bss

-- Symbols --------------------------------------------------------------------

---- No Section ---------------------------------------------------------------

Value     Name
00000000  dpb
00000000  dpb.bDriveNumber
00000001  dpb.bUnitNumber
00000002  dpb.wBytesPerSector
00000004  dpb.bMaxSectorInCluster
00000005  dpb.bSectorsPerClusterShift
00000006  dpb.wFAToffset
00000008  dpb.bNumberOfFATs
00000009  dpb.wNumberRootDirEntries
0000000B  dpb.dClusterHeapOffset
0000000F  dpb.dClusterCount
00000013  dpb.dFATlength
00000017  dpb.dFirstUnitOfRootDir
0000001B  dpb.qDriverHeaderPtr
00000023  dpb.bMediaDescriptor
00000024  dpb.bAccessFlag
00000025  dpb.qNextDPBPtr
0000002D  dpb.dFirstFreeCluster
00000031  dpb.dNumberOfFreeClusters
00000035  dpb_size
00000FF5  fat12MaxClustCnt
0000FFF5  fat16MaxClustCnt
00000000  cds
00000000  cds.sCurrentPath
00000043  cds.wFlags
00000045  cds.qDPBPtr
0000004D  cds.dStartCluster
00000051  cds.qIFSPtr
00000059  cds.dNetStore
0000005D  cds.wBackslashOffset
0000005F  cds_size
00008000  cdsRedirDrive
00004000  cdsValidDrive
00002000  cdsJoinDrive
00001000  cdsSubstDrive
00000080  cdsRdirLocDrive
00000000  sfth
00000000  sfth.qNextSFTPtr
00000008  sfth.wNumFiles
0000000A  sfth_size
00000000  sft
00000000  sft.wNumHandles
00000002  sft.wOpenMode
00000004  sft.bFileAttrib
00000005  sft.wDeviceInfo
00000007  sft.qPtr
0000000F  sft.dStartClust
00000013  sft.wTime
00000015  sft.wDate
00000017  sft.dFileSize
0000001B  sft.dCurntOff
0000001F  sft.dRelClust
00000023  sft.dAbsClusr
00000027  sft.qDirSect
0000002F  sft.bNumDirEnt
00000030  sft.sFileName
0000003B  sft.qSharePtr
00000043  sft.wMachNum
00000045  sft.qPSPOwner
0000004D  sft.wShareRec
0000004F  sft_size
00000000  ReadAccess
00000001  WriteAccess
00000002  RWAccess
00000000  CompatShare
00000010  denyRWShare
00000020  denyWriteShare
00000030  denyReadShare
00000040  denyNoneShare
00000070  netFCBShare
00000080  noInherit
00002000  diskFullFail
00004000  noBufferWrites
00008000  FCBopenedFile
00000001  readOnlyFile
00000002  hiddenFile
00000004  systemFile
00000008  volLabelFile
00000010  directoryFile
00000020  archiveFile
00000040  charFile
00000001  charDevConIn
00000002  charDevConOut
00000004  charDevNulDev
00000008  charDevClockDev
00000010  charDevFastOut
00000020  charDevBinary
00000040  charDevNoEOF
00000040  blokFileNoFlush
00000080  devCharDev
00000800  charDevNetSpool
00001000  devNoInherit
00002000  charDevNamePipe
00004000  blokNoDTonClose
00008000  devRedirDev
00000000  bufferHdr
00000000  bufferHdr.nextBufPtr
00000008  bufferHdr.wDrvNumFlg
00000008  bufferHdr.driveNumber
00000009  bufferHdr.bufferFlags
0000000A  bufferHdr.bufferLBA
00000012  bufferHdr.bufFATcopy
00000013  bufferHdr.bufFATsize
00000017  bufferHdr.driveDPBPtr
0000001F  bufferHdr.reserved
00000020  bufferHdr.dataarea
00000020  bufferHdr_size
00000001  dosBuffer
00000002  fatBuffer
00000004  dirBuffer
00000008  dataBuffer
00000020  refBuffer
00000040  dirtyBuffer
000000FF  freeBuffer
00000000  mcb
00000000  mcb.marker
00000001  mcb.owner
00000009  mcb.blockSize
0000000D  mcb.subSysMark
0000000E  mcb.reserved
00000010  mcb.program
00000010  mcb_size
00000007  mcbOwnerHole
00000000  mcbOwnerFree
00000008  mcbOwnerDOS
00000009  mcbOwnerNewDOS
0000004D  mcbMarkCtn
0000005A  mcbMarkEnd
00000044  mcbSubDriver
0000004C  mcbSubDrvExtra
00000050  mcbSubDrvDPB
00000049  mcbSubIFS
00000046  mcbSubFiles
00000058  mcbSubFCBS
00000042  mcbSubBuffers
0000004C  mcbSubCDS
00000053  mcbSubStacks
00000000  memFirstFit
00000001  memBestFit
00000002  memLastFit
00000000  callerFrame
00000000  callerFrame.rax
00000008  callerFrame.rbx
00000010  callerFrame.rcx
00000018  callerFrame.rdx
00000020  callerFrame.rsi
00000028  callerFrame.rdi
00000030  callerFrame.rbp
00000038  callerFrame.r8
00000040  callerFrame.r9
00000048  callerFrame.rip
00000050  callerFrame.cs
00000058  callerFrame.flags
00000060  callerFrame_size
00000000  dpl
00000000  dpl.rax
00000008  dpl.rbx
00000010  dpl.rcx
00000018  dpl.rdx
00000020  dpl.rsi
00000028  dpl.rdi
00000030  dpl.r8
00000038  dpl.r9
00000040  dpl.align
00000048  dpl.compID
00000050  dpl.procID
00000058  dpl_size
00000000  cfgFrame
00000000  cfgFrame.oldRBP
00000008  cfgFrame.newBuffers
00000010  cfgFrame.newSFTVal
00000018  cfgFrame.newFCBSVal
00000020  cfgFrame.newProtFCBSVal
00000028  cfgFrame.newLastdrive
00000030  cfgFrame.newStacks
00000038  cfgFrame.newStackSize
00000040  cfgFrame.cfgHandle
00000048  cfgFrame.lastLine
00000050  cfgFrame.linePtr
00000058  cfgFrame.driverBreak
00000060  cfgFrame.breakChar
00000068  cfgFrame_size
00000000  filename
00000000  filename.fName
00000008  filename.fExt
0000000B  filename_size
00000000  ffBlock
00000000  ffBlock.driveNum
00000001  ffBlock.template
0000000C  ffBlock.attrib
0000000D  ffBlock.dirOffset
00000011  ffBlock.parDirClus
00000015  ffBlock.attribFnd
00000016  ffBlock.fileTime
00000018  ffBlock.fileDate
0000001A  ffBlock.fileSize
0000001E  ffBlock.asciizName
0000002B  ffBlock_size
00000000  psp
00000000  psp.return
00000002  psp.allocSize
0000000A  psp.oldInt22h
00000012  psp.oldInt23h
0000001A  psp.oldInt24h
00000022  psp.parentPtr
0000002A  psp.externalJFTPtr
0000002A  psp.jobFileTbl
0000003E  psp.envPtr
00000046  psp.rspPtr
0000004E  psp.jftSize
00000050  psp.unixEntry
00000053  psp.prevPSP
0000005C  psp.cmdLineArgPtr
0000005C  psp.fcb1
0000006C  psp.fcb2
00000080  psp.dta
00000080  psp.parmList
00000081  psp.progTail
00000100  psp_size
00000014  dfltJFTsize
00000000  clkStruc
00000000  clkStruc.dateWord
00000002  clkStruc.minutes
00000003  clkStruc.hours
00000004  clkStruc.hseconds
00000005  clkStruc.seconds
00000006  clkStruc_size
00000000  extCtryStruc
00000000  extCtryStruc.infoIDCode
00000001  extCtryStruc.strucSize
00000003  extCtryStruc.ctryID
00000005  extCtryStruc.cpNumber
00000007  extCtryStruc.dtfmt
00000009  extCtryStruc.curr
0000000E  extCtryStruc.thouSep
00000010  extCtryStruc.dcmlSep
00000012  extCtryStruc.dateSep
00000014  extCtryStruc.timeSep
00000016  extCtryStruc.currFmt
00000017  extCtryStruc.digtdpt
00000018  extCtryStruc.timefmt
00000019  extCtryStruc.mapptr
00000021  extCtryStruc.dataSep
00000023  extCtryStruc.resv
0000002D  extCtryStruc_size
00000000  countryStruc
00000000  countryStruc.dtfmt
00000002  countryStruc.curr
00000007  countryStruc.thouSep
00000009  countryStruc.dcmlSep
0000000B  countryStruc.dateSep
0000000D  countryStruc.timeSep
0000000F  countryStruc.currFmt
00000010  countryStruc.digtdpt
00000011  countryStruc.timefmt
00000012  countryStruc.mapptr
0000001A  countryStruc.dataSep
0000001C  countryStruc.resv
00000026  countryStruc_size
00000000  critRead
00000001  critWrite
00000000  critDOS
00000002  critFAT
00000004  critDir
00000006  critData
00000008  critFailOK
00000010  critRetryOK
00000020  critIgnorOK
00000080  critCharDev
00000000  critIgnore
00000001  critRetry
00000002  critAbort
00000003  critFail
00000000  NUL
00000003  ETX
00000006  ACK
00000007  BEL
00000008  BSP
00000009  TAB
0000000A  LF
0000000D  CR
00000010  DLE
00000013  DC3
00000014  DC4
00000015  NAK
00000017  ETB
0000001A  EOF
0000001B  ESC
00000020  SPC
0000007F  DEL
00000020  asciiCaret
0000003B  eF1
0000003C  eF2
0000003D  eF3
0000003E  eF4
0000003F  eF5
00000040  eF6
00000041  eF7
0000004B  eCursL
0000004D  eCursR
00000052  eIns
00000053  eDel
0000001E  buffersDefault
00000014  filesDefault
00000004  fcbsDefault
00000000  safeFcbsDeflt
00000005  lastDriveDeflt
00000001  badChar
00000002  termChar
00000004  sepChar
00000008  badFCBChar
00000000  fcb
00000000  fcb.driveNum
00000001  fcb.filename
00000009  fcb.fileext
0000000C  fcb.curBlock
0000000E  fcb.recordSize
00000010  fcb.fileSize
00000014  fcb.fileDate
00000016  fcb.fileTime
00000018  fcb.sftNdx
00000019  fcb.fcbMode
0000001A  fcb.special
00000020  fcb.recordNum
00000021  fcb.randRecrd
00000025  fcb_size
00000000  exFcb
00000000  exFcb.extSig
00000001  exFcb.reserved
00000006  exFcb.attribute
00000007  exFcb.driveNum
00000008  exFcb.filename
00000010  exFcb.fileext
00000013  exFcb.curBlock
00000015  exFcb.recordSize
00000017  exFcb.fileSize
0000001B  exFcb.fileDate
0000001D  exFcb.fileTime
0000001F  exFcb.sftNdx
00000020  exFcb.fcbMode
00000021  exFcb.special
00000027  exFcb.recordNum
00000028  exFcb.randRecrd
0000002C  exFcb_size
00000000  renameFcb
00000000  renameFcb.driveNum
00000001  renameFcb.filename
00000009  renameFcb.fileext
0000000C  renameFcb.reserved
00000010  renameFcb.resDrvNum
00000011  renameFcb.newName
00000019  renameFcb.newExt
0000001C  renameFcb.reserved2
00000020  renameFcb_size
00000000  exRenFcb
00000000  exRenFcb.extSig
00000001  exRenFcb.res0
00000006  exRenFcb.attribute
00000007  exRenFcb.driveNum
00000008  exRenFcb.filename
00000010  exRenFcb.fileext
00000013  exRenFcb.reserved
00000017  exRenFcb.resDrvNum
00000018  exRenFcb.newName
00000020  exRenFcb.newExt
00000023  exRenFcb.reserved2
00000027  exRenFcb_size
00000080  fcbShareOn
00000040  fcbCharDev
00000040  fcbLocal
00000000  noShare
00000000  noShare.attribWord
00000001  noShare.startClust
00000003  noShare.dirSect
00000005  noShare.dirEntry
00000006  noShare_size
00000000  shareLocal
00000000  shareLocal.strtClust
00000002  shareLocal.shareSig
00000004  shareLocal.fileAttr
00000006  shareLocal_size
00000000  shareNet
00000000  shareNet.dirSect
00000002  shareNet.relClust
00000004  shareNet.absClust
00000006  shareNet_size
00000001  errInvFnc
00000002  errFnf
00000003  errPnf
00000004  errNhl
00000005  errAccDen
00000006  errBadHdl
00000007  errMCBbad
00000008  errNoMem
00000009  errMemAddr
0000000A  errBadEnv
0000000B  errBadFmt
0000000C  errAccCde
0000000D  errInvDat
0000000F  errBadDrv
00000010  errDelCD
00000011  errDevUnk
00000012  errNoFil
00000013  drvErrShft
00000013  errWpd
00000014  errUnkUnt
00000015  errDrvNR
00000016  errUnkCmd
00000017  errCRCerr
00000018  errBadRLn
00000019  errSekErr
0000001A  errUnkMed
0000001B  errSecNF
0000001C  errNoPap
0000001D  errWF
0000001E  errRF
0000001F  errGF
00000020  errShrVio
00000021  errLokVio
00000022  errIDC
00000023  errNoFCB
00000024  errShrFul
00000032  errNoNet
00000050  errFilExist
00000052  errDirExist
00000053  errFI24
00000054  errRedir
00000055  errDupRedir
00000056  errBadPass
00000057  errBadParam
00000058  errNetWrite
00000001  eLocUnk
00000002  eLocDsk
00000003  eLocNet
00000004  eLocChr
00000005  eLocMem
00000001  eActRet
00000002  eActDRet
00000003  eActUsr
00000004  eActAbt
00000005  eActKil
00000006  eActIgn
00000007  eActRetUsr
00000001  eClsOoR
00000002  eClsTS
00000003  eClsAuth
00000004  eClsInt
00000005  eClsHrdFlt
00000006  eClsSysFlt
00000007  eClsAppFlt
00000008  eClsNotFnd
00000009  eClsBadFmt
0000000A  eClsLocked
0000000B  eClsMedia
0000000C  eClsClash
0000000D  eClsUnk
00000082  cmdBufferL
00000002  driveSpecL
00000040  dirPathL
0000000B  fcbNameL
0000000C  filenameL
0000000D  fileNameZL
00000042  fullDirPathL
00000043  fullDirPathZL
0000004F  fileSpecZL
0000000E  cmdNameL
0000005C  fcb1
0000006C  fcb2
00000080  cmdTail
00000080  cmdLineCnt
00000081  cmdLine
00000000  batBlockHdr
00000000  batBlockHdr.zero
00000001  batBlockHdr.bEchoFlg
00000002  batBlockHdr.pCallBlk
0000000A  batBlockHdr.pForBlk
00000012  batBlockHdr.bBatFlg
00000013  batBlockHdr.qBatOff
00000013  batBlockHdr.dBatOffLo
00000017  batBlockHdr.dBatOffHi
0000001B  batBlockHdr.wArgs
0000002F  batBlockHdr.cmdLine
0000002F  batBlockHdr_size
FFFFFFFFFFFFFFFF  bbNoParam
00000000  bbNull
00000001  bbEchoOn
00000000  bbEchoOff
000000B2  bbMaxAlloc
00000040  batNoEchoChar
00000000  forBlk
00000000  forBlk.bListc
00000001  forBlk.sListBlk
00000083  forBlk.bCmdWC
00000084  forBlk.bArgNum
00000085  forBlk.pLstCurr
0000008D  forBlk.sCmdLine
0000010F  forBlk.sNameBuf
00000152  forBlk.sFFBuffer
0000017D  forBlk.bLpVar
0000017E  forBlk_size
00000000  drvHdr
00000000  drvHdr.nxtPtr
00000008  drvHdr.attrib
0000000A  drvHdr.strPtr
00000012  drvHdr.intPtr
0000001A  drvHdr.drvNam
00000022  drvHdr_size
00000000  execProg
00000000  execProg.pEnv
00000008  execProg.pCmdLine
00000010  execProg.pfcb1
00000018  execProg.pfcb2
00000020  execProg_size
00000001  dirReadOnly
00000002  dirHidden
00000004  dirSystem
00000008  dirVolumeID
00000010  dirDirectory
00000020  dirArchive
00000040  dirCharDev
0000000F  dirLongName
00000016  dirInclusive
00000006  dirIncFiles
00000007  cmdStateL
00000012  cmdLineStateL
00000027  pTblL
00000017  pipeErrMsgL
00000013  redirErrMsgL
00000010  autoSpecL
00000001  permaShell
00000002  inCtrlC
00000004  inSingle
00000008  inBatch
00000010  batchEOF
00000020  inCritical
00000040  inLdrDT
00000080  inLdr
00000000  ifReset
00000001  ifNot
00000002  ifCond
00000080  inLen
00000001  dirWideType
00000002  dirPageType
00000004  dirFileType
00000001  ascSrc
00000002  binSrc
00000004  ascDes
00000008  wcSrc
00000010  oneDest
00000020  mod1Cpy
00000040  mod2Cpy
00000080  mod3Cpy
000007CB  bssLen
00000650  stackLen
00000519  initLen
00000E1B  initOffset


---- Section cmd --------------------------------------------------------------

Real              Virtual           Name
             100               100  startLbl
             100               100  pPSP
             108               108  numHdls
             10A               10A  pathSep
             10B               10B  switchChar
             10C               10C  failDrv
             10D               10D  echoFlg
             10E               10E  errHdls
             110               110  volFcb
             110               110  ..@82.strucstart
             13C               13C  batYNstr
             140               140  cmdLineStatePtr
             140               140  pipeFlag
             141               141  pipeSTDIN
             143               143  pipeSTDOUT
             145               145  redirIn
             146               146  redirOut
             147               147  redirSTDIN
             149               149  redirSTDOUT
             14B               14B  cmdStatePtr
             14B               14B  arg1Flg
             14C               14C  arg1Off
             14D               14D  arg1FCBret
             14E               14E  arg2Flg
             14F               14F  arg2Off
             150               150  arg2FCBret
             151               151  switchFnd
             152               152  functionTable
             240               240  pTbl
             267               267  crlf
             26A               26A  crlf2
             26F               26F  badBat
             286               286  needBat
             2C4               2C4  batFail
             2E2               2E2  badCmd
             2FD               2FD  dupName
             314               314  fnfMsg
             325               325  noSpace
             33F               33F  noEnvSpace
             35A               35A  fulRootDir
             370               370  noSelfCopy
             394               394  filLostErr
             3BE               3BE  copyOk
             3D0               3D0  cpNoMem
             3ED               3ED  dirOk
             3F7               3F7  bytesOk
             405               405  dirLbl
             40E               40E  badDrv
             42C               42C  pauseMes
             44B               44B  badParm
             45F               45F  dayName
             474               474  badDate
             483               483  curDate
             494               494  newDate
             4A6               4A6  usDate
             4B3               4B3  ukDate
             4C0               4C0  jpDate
             4CD               4CD  badTime
             4DC               4DC  curTime
             4ED               4ED  newTime
             500               500  ynMes
             515               515  dosVer
             527               527  volMes
             539               539  volOk
             53E               53E  volNo
             54C               54C  badDir
             560               560  badMD
             57D               57D  badRD
             5B4               5B4  dirMain
             5C4               5C4  noPath
             5CD               5CD  accDenMsg
             5DD               5DD  badDrvMsg
             5FE               5FE  badDev
             60F               60F  badLbl
             621               621  syntaxErr
             630               630  forNest
             648               648  pipeErr
             66E               66E  binDevErr
             695               695  offMes
             69B               69B  onMes
             6A0               6A0  breakIs
             6AA               6AA  verifyIs
             6B5               6B5  echoIs
             6BE               6BE  badSpec
             6DA               6DA  badArgs
             6F9               6F9  devWriteErr
             710               710  backSpace
             714               714  noMemMsg
             737               737  notString
             73B               73B  errlvlStr
             746               746  existStr
             74C               74C  inStr
             74F               74F  doStr
             752               752  listOpenStr
             754               754  listClosStr
             756               756  memSys
             77C               77C  memDOS
             7A2               7A2  memApp
             7C8               7C8  memHole
             7EE               7EE  memFree
             814               814  memByte
             81B               81B  memBad0
             841               841  memBad1
             85B               85B  memBad2
             86A               86A  memBad3
             87A               87A  pipeErrMsg
             891               891  redirErrMsg
             8A4               8A4  ansiCls
             8A8               8A8  fourSpc
             8AD               8AD  threeSpc
             8B1               8B1  twoSpc
             8B4               8B4  badOnOff
             8CD               8CD  promptEVar
             8D5               8D5  extStr
             8DE               8DE  devName
             8E7               8E7  autoSpec
             8F7               8F7  pathEVar
             8FD               8FD  comspecEVar
             906               906  cspec
             912               912  errMsgPtrTbl
             936               936  errorMsgTbl
             936               936  errorMsgTbl.0
             946               946  errorMsgTbl.1
             954               954  errorMsgTbl.2
             95F               95F  errorMsgTbl.3
             970               970  errorMsgTbl.4
             976               976  errorMsgTbl.5
             983               983  errorMsgTbl.6
             989               989  errorMsgTbl.7
             998               998  errorMsgTbl.8
             9AA               9AA  errorMsgTbl.9
             9B8               9B8  errorMsgTbl.A
             9C5               9C5  errorMsgTbl.B
             9D1               9D1  errorMsgTbl.C
             9E2               9E2  errorMsgTbl.D
             9F5               9F5  errorMsgTbl.E
             A05               A05  errorMsgTbl.F
             A18               A18  errorMsgTbl.FVol
             A26               A26  errorMsgTbl.10
             A37               A37  errorMsgTbl.11
             A4D               A4D  genNetErr
             A64               A64  drvMsg
             A6B               A6B  readMsg
             A7A               A7A  writeMsg
             A89               A89  abortMsg
             A8F               A8F  ignoreMsg
             A96               A96  retryMsg
             A9C               A9C  failMsg
             AA1               AA1  betweenMsg
             AA4               AA4  endMsg
             AA7               AA7  i24Resp
             AAB               AAB  commandStart
             AFB               AFB  commandMain
             B07               B07  commandMain.inputMain
             B2C               B2C  commandMain.inputGetAgain
             B31               B31  commandMain.inputGetCmdlineAgain
             B5E               B5E  commandMain.batProceedCrlf
             B63               B63  commandMain.batProceed
             B6C               B6C  commandMain.goSingle
             BA0               BA0  commandMain.pipeLoop
             BC0               BC0  commandMain.okRet
             BFB               BFB  makeCmdBuffer
             C07               C07  makeCmdBuffer.countQuotes
             C13               C13  makeCmdBuffer.notQuoteToCount
             C21               C21  makeCmdBuffer.getChar
             C2A               C2A  makeCmdBuffer.searchForClosingQuote
             C34               C34  makeCmdBuffer.notQuote
             C3F               C3F  makeCmdBuffer.pipeHandle
             C45               C45  makeCmdBuffer.notRedir
             C4E               C4E  makeCmdBuffer.exit
             C54               C54  ..@90._ret
             C55               C55  makeCmdString
             C61               C61  makeCmdString.countQuotes
             C6D               C6D  makeCmdString.notQuoteToCount
             C7B               C7B  makeCmdString.getChar
             C84               C84  makeCmdString.searchForClosingQuote
             C8E               C8E  makeCmdString.notQuote
             C97               C97  makeCmdString.notPipe
             CA0               CA0  makeCmdString.exit
             CAD               CAD  ..@91._ret
             CAE               CAE  analyseCmdline
             CD3               CD3  analyseCmdline.noSwitchFnd
             CDB               CDB  ..@93._base
             CE0               CE0  analyseCmdline.plp
             CF6               CF6  analyseCmdline.trailingDotLp
             D01               D01  analyseCmdline.noTrailingDots
             D2D               D2D  analyseCmdline.delimfnd
             D30               D30  analyseCmdline.notPs
             D80               D80  analyseCmdline.skipArg
             DB7               DB7  analyseCmdline.setupCmdVars
             DE3               DE3  analyseCmdline.noDrivePath
             DEB               DEB  analyseCmdline.proceedCp
             DFC               DFC  analyseCmdline.cpCmdName
             E07               E07  ..@94._ret
             E08               E08  analyseCmdline.skipAndCheckCR
             E10               E10  ..@95._ret
             E11               E11  analyseCmdline.exitBad
             E18               E18  ..@96._ret
             E19               E19  analyseCmdline.exitBadDrv
             E25               E25  ..@97._ret
             E26               E26  doCommandLine
             E47               E47  ..@99._base
             E75               E75  ..@101._base
             E7C               E7C  doCommandLine.noDriveSpecified
             ECD               ECD  ..@103._base
             ECF               ECF  ..@104._ret
             ED0               ED0  ..@103.a
             EEE               EEE  doCommandLine.executeInternal
             F0D               F0D  doCommandLine.executeInternal2
             F14               F14  doCommandLine.nextEntry
             F50               F50  doCommandLine.inRet
             F5C               F5C  doCommandLine.gotoNextEntry
             F68               F68  appRet
             FA2               FA2  hardSynErr
             FAC               FAC  redirFailure
             FBA               FBA  pipeFailure
             FC6               FC6  redirPipeFailureCommon
             FD2               FD2  redirPipeFailureCommon.noPrint
             FDC               FDC  cleanupRedirs
            107D              107D  cleanupRedirs.checkOld
            1090              1090  cleanupRedirs.pipeNamesComplete
            10AC              10AC  ..@105._ret
            10AD              10AD  cleanupRedirs.closeHandle
            10B3              10B3  ..@107._base
            10BC              10BC  ..@108._ret
            10BD              10BD  cleanupRedirs.closeAndReplace
            10C7              10C7  ..@110._base
            10E2              10E2  ..@112._base
            10F7              10F7  ..@113._ret
            10F8              10F8  cleanRedirOut
            1101              1101  ..@115._base
            113E              113E  ..@116._ret
            113F              113F  advanceRedir
            11D0              11D0  ..@117._ret
            11D1              11D1  advanceRedir.redirIn
            120D              120D  advanceRedir.redirOut
            1214              1214  ..@119._base
            1255              1255  ..@120._ret
            1256              1256  advanceRedir.pipeOut
            1262              1262  ..@122._base
            12D8              12D8  ..@123._ret
            12D9              12D9  peelRedir
            12E8              12E8  peelRedir.redirExit
            12EA              12EA  ..@124._ret
            12EB              12EB  peelRedir.inputRedir
            12F9              12F9  peelRedir.redirCommon
            130A              130A  peelRedir.outputRedir
            131F              131F  peelRedir.notDouble
            1328              1328  peelRedir.pipeSetup
            1336              1336  peelRedir.badFnd
            133A              133A  setupRedirandPipes
            135C              135C  setupRedirandPipes.pathFound
            13C4              13C4  setupRedirandPipes.redirIn
            1416              1416  setupRedirandPipes.redirOut
            141D              141D  ..@126._base
            141F              141F  ..@127._ret
            1420              1420  ..@126.a
            1427              1427  ..@129._base
            1461              1461  setupRedirandPipes.fileExists
            148A              148A  ..@131._base
            14A2              14A2  ..@132._ret
            14A3              14A3  pullCommandline
            14AA              14AA  pullCommandline.pctSkipLeading
            14DB              14DB  pullCommandline.pctPullChars
            14E5              14E5  pullCommandline.pctExit
            14EC              14EC  ..@133._ret
            14ED              14ED  getSetMainState
            150A              150A  ..@134._ret
            150B              150B  int2Eh
            151D              151D  int2Eh.multiJoin
            158A              158A  int2ERet
            15C2              15C2  int2EcheckReentry
            15E1              15E1  int2EcheckReentry.multifnd
            15F1              15F1  batLaunch
            1624              1624  batLaunch.notAutoexec
            164D              164D  batLaunch.bbRelPath
            168D              168D  batLaunch.bbRelPathOk
            169F              169F  batLaunch.bbCDrvAbs
            16AC              16AC  batLaunch.bbdrvGiven
            16BA              16BA  batLaunch.bbCpName
            16D9              16D9  batLaunch.copyCmdline
            16DE              16DE  batLaunch.cclp
            16EB              16EB  batLaunch.ccstore
            1733              1733  batLaunch.bbAlloced
            1780              1780  batLaunch.bbFndLp
            17A0              17A0  batLaunch.bbArgsDone
            17B6              17B6  batFinish
            17C5              17C5  batNextLine
            17F7              17F7  batNextLine.readlp
            182D              182D  batNextLine.eofAddCR
            1830              1830  batNextLine.eof
            1843              1843  batNextLine.eolCR
            1852              1852  batNextLine.eolLF
            1855              1855  batNextLine.eol
            18B3              18B3  batNextLine.noEchoPull
            18D6              18D6  batPreprocess
            18F1              18F1  batPreprocess.lp
            18FD              18FD  batPreprocess.rawcp
            1900              1900  ..@136._base
            1902              1902  ..@137._ret
            1903              1903  ..@136.a
            1906              1906  batPreprocess.check
            190F              190F  ..@138._ret
            1910              1910  batExpandVar
            191B              191B  batExpandVar.notRep
            191D              191D  ..@140._base
            1927              1927  ..@141._ret
            1928              1928  batExpandVar.notSecond
            192E              192E  batExpandVar.envVarLp
            1934              1934  batExpandVar.lpExit
            193C              193C  ..@143._base
            1963              1963  ..@145._base
            196E              196E  batExpandVar.copyVar
            198A              198A  batExpandVar.noTrunc
            198F              198F  batExpandVar.exit
            1990              1990  ..@146._ret
            1991              1991  batExpandVar.repParm
            19AB              19AB  ..@148._base
            19C3              19C3  batCleanup
            19E6              19E6  batCleanup.exit
            1A12              1A12  ..@149._ret
            1A13              1A13  batOpen
            1A1C              1A1C  batOpen.batOpen
            1A3A              1A3A  batOpen.batOpened
            1A3E              1A3E  ..@150._ret
            1A3F              1A3F  batClose
            1A46              1A46  ..@151._ret
            1A47              1A47  batReadChar
            1A5E              1A5E  ..@153._base
            1A60              1A60  batReadChar.eof
            1A69              1A69  ..@154._ret
            1A6A              1A6A  batReadChar.bad
            1A6F              1A6F  badDiskFull
            1A94              1A94  badForError
            1AA2              1AA2  badNoMemError
            1AAB              1AAB  badSyntaxError
            1AB4              1AB4  badEnvSpaceError
            1ABD              1ABD  badAccError
            1AC6              1AC6  badParamError
            1ACF              1ACF  badDriveError
            1AD8              1AD8  badArgError
            1AE1              1AE1  badFileError
            1AEA              1AEA  badDupFnf
            1AF3              1AF3  badFnf
            1AFC              1AFC  badDirError
            1B03              1B03  badCmn
            1B08              1B08  badCmdError
            1B11              1B11  dir
            1B62              1B62  dir.scanNew
            1B87              1B87  dir.notWide
            1B98              1B98  dir.notSwitch
            1BB9              1BB9  dir.scanDone
            1BFA              1BFA  dir.currentDrv
            1C05              1C05  dir.dirPrintVol
            1C4D              1C4D  dir.goToEndOfCwd
            1C56              1C56  dir.prepCopy
            1C72              1C72  dir.copyPathLoop
            1C7B              1C7B  dir.lpPathseps
            1C84              1C84  dir.checkDot
            1C88              1C88  dir.store
            1C8F              1C8F  dir.dots
            1CAF              1CAF  dir.skipThisPathsep
            1CB4              1CB4  dir.twoDot
            1CC9              1CC9  dir.tdOk
            1CFF              1CFF  dir.exitPathCopy
            1D1F              1D1F  dir.skipOverwrite
            1D40              1D40  dir.notNull
            1D64              1D64  dir.wcSearchPattern
            1D86              1D86  dir.wcsp1
            1D8E              1D8E  dir.wcsp2
            1DA4              1DA4  dir.wcDefaultSearch
            1DE5              1DE5  dir.root
            1DFA              1DFA  ..@155._ret
            1DFB              1DFB  dir.searchForFile
            1E10              1E10  dir.findNext
            1E1B              1E1B  dir.dirNoMoreFiles
            1E2F              1E2F  dir.dirNoEndNewLine
            1E47              1E47  ..@156._ret
            1E48              1E48  dir.filesFound
            1E94              1E94  ..@157._ret
            1E95              1E95  dir.dirPrintFileData
            1E9C              1E9C  ..@159._base
            1F17              1F17  dir.dirPrintNotDir
            1F33              1F33  dir.dirPrintFileDT
            1F67              1F67  dir.widePrint
            1F74              1F74  dir.dirPrintNameExit
            1F86              1F86  ..@161._base
            1F88              1F88  ..@162._ret
            1F89              1F89  ..@161.a
            1FAC              1FAC  dir.dirPrnNoPag
            1FB3              1FB3  ..@163._ret
            1FB4              1FB4  chdir
            1FBD              1FBD  chdir.printCWD
            1FC7              1FC7  ..@164._ret
            1FC8              1FC8  chdir.printDiskCWD
            2009              2009  ..@165._ret
            200A              200A  chdir.changeDir
            202E              202E  ..@166._ret
            202F              202F  mkdir
            206A              206A  ..@168._base
            206C              206C  mkdir.badMake
            2078              2078  rmdir
            20B3              20B3  ..@170._base
            20B5              20B5  ..@171._ret
            20B6              20B6  ..@170.a
            20B6              20B6  rmdir.badRemove
            20C2              20C2  copy
            2150              2150  copy.badAlloc
            215C              215C  copy.okSize
            216A              216A  copy.bufOk
            218F              218F  copy.sd
            21A8              21A8  copy.noSwitch
            21AC              21AC  copy.ns1
            21BE              21BE  copy.noDestSwitch
            21C1              21C1  copy.noSwitchLp
            21D8              21D8  copy.se
            21DB              21DB  copy.destFnd
            221D              221D  copy.destEnd
            222B              222B  copy.srcLp
            2250              2250  copy.noSrcSw
            227C              227C  copy.noSameSrcDest
            228D              228D  copy.swSrcSwPost
            22B2              22B2  copy.swSrcSwPostExit
            22C3              22C3  copy.oneCp
            22EC              22EC  copy.srcEnd
            2330              2330  copy.srcStorWc
            2340              2340  copy.isSrcDir
            2370              2370  copy.srctpsp
            2384              2384  copy.checkDestDir
            23B9              23B9  copy.isDestDir
            2405              2405  copy.mod2
            2421              2421  copy.m2Wc
            2449              2449  copy.md2Lp
            2476              2476  copy.md2NameMake
            247E              247E  copy.noStore
            24D4              24D4  copy.md2Ok
            24F3              24F3  copy.mod1
            2510              2510  copy.mod1Lp
            2558              2558  copy.mod1Ok
            256A              256A  copy.copyDone
            258A              258A  ..@172._ret
            258B              258B  copy.prntFilespec
            2592              2592  ..@174._base
            25B6              25B6  ..@175._ret
            25B7              25B7  copy.doSwitch
            25BD              25BD  copy.doSwitchRev
            25D3              25D3  copy.cExit
            25D5              25D5  ..@176._ret
            25D6              25D6  copy.cB
            25EB              25EB  copy.cV
            25ED              25ED  ..@178._base
            2601              2601  copy.badBinCdevErr
            260A              260A  copy.rootDirFull
            2613              2613  copy.badSameFile
            261A              261A  copy.badExitCmn
            2624              2624  copy.badSrcFile
            262E              262E  copy.badExit
            2638              2638  copy.copyCleanup
            265A              265A  copy.skipFree
            2662              2662  ..@179._ret
            2663              2663  copyMain
            269A              269A  copyMain.badExit
            26A2              26A2  ..@180._ret
            26A3              26A3  copyMain.badExitNoSpace
            26A7              26A7  copyMain.notSameFile
            26E6              26E6  copyMain.prepCopy
            26EF              26EF  copyMain.copyLoop
            2724              2724  copyMain.notAscii
            2750              2750  copyMain.exitCleanup
            277E              277E  copyMain.ecNoEOF
            279C              279C  copyMain.beSkipSource
            27A8              27A8  ..@182._base
            27AA              27AA  ..@183._ret
            27AB              27AB  ..@182.a
            27BB              27BB  ..@184._ret
            27BC              27BC  copyMain.getWriteHandle
            27CB              27CB  ..@185._ret
            27CC              27CC  copyMain.gwHProceed
            27EF              27EF  ..@187._base
            2812              2812  copyMain.gwHNoAscii
            2819              2819  ..@188._ret
            281A              281A  copyMain.createFile
            2823              2823  ..@190._base
            2835              2835  ..@191._ret
            2836              2836  erase
            2848              2848  erase.dirLp
            288D              288D  erase.wcScan
            289C              289C  erase.ynmsg
            28B7              28B7  ..@193._base
            28B9              28B9  ..@194._ret
            28BA              28BA  ..@193.a
            28C1              28C1  erase.endCount1
            28C6              28C6  erase.endCount
            28D9              28D9  erase.findFile
            28F7              28F7  erase.delNextFile
            291B              291B  ..@195._ret
            291C              291C  erase.noWildcard
            295D              295D  erase.delMain
            2964              2964  ..@197._base
            2973              2973  ..@198._ret
            2974              2974  date
            2985              2985  date.init
            2995              2995  date.noCur
            29E1              29E1  ..@200._base
            29E7              29E7  date.goDate
            2A38              2A38  date.writeDate
            2A59              2A59  ..@202._base
            2A5B              2A5B  ..@203._ret
            2A5C              2A5C  ..@202.a
            2A5C              2A5C  date.badDate
            2A6D              2A6D  date.us
            2AAD              2AAD  date.writeHop
            2AAF              2AAF  date.jpn
            2AF9              2AF9  date.doYear
            2AFE              2AFE  ..@205._base
            2B00              2B00  ..@206._ret
            2B01              2B01  ..@205.a
            2B15              2B15  ..@207._ret
            2B16              2B16  date.validSep
            2B19              2B19  ..@209._base
            2B1D              2B1D  ..@211._base
            2B21              2B21  ..@212._ret
            2B22              2B22  time
            2B33              2B33  time.init
            2B43              2B43  time.noCur
            2B6D              2B6D  ..@214._base
            2B73              2B73  time.goTime
            2BC2              2BC2  time.goSec
            2BEA              2BEA  time.goMsec
            2BFE              2BFE  time.setTime
            2C1F              2C1F  ..@216._base
            2C21              2C21  ..@217._ret
            2C22              2C22  ..@216.a
            2C22              2C22  time.badTime
            2C33              2C33  time.validsep
            2C3A              2C3A  ..@219._base
            2C3E              2C3E  ..@220._ret
            2C3F              2C3F  time.checkNum
            2C4C              2C4C  ..@221._ret
            2C4D              2C4D  time.cnbad
            2C4E              2C4E  ..@222._ret
            2C4F              2C4F  ctty
            2C8F              2C8F  ctty.noDrive
            2C9B              2C9B  ctty.loadSwap
            2CE5              2CE5  ..@223._ret
            2CE6              2CE6  ctty.badCharDev
            2CF5              2CF5  ..@224._ret
            2CF6              2CF6  cls
            2D1E              2D1E  cls.biosCheck
            2D33              2D33  cls.doAnsi
            2D41              2D41  cls.ansiLp
            2D4A              2D4A  ..@225._ret
            2D4B              2D4B  cls.biosConfirmed
            2D6E              2D6E  ..@226._ret
            2D6F              2D6F  break
            2DA4              2DA4  ..@227._ret
            2DA5              2DA5  break.argumentProvided
            2DD1              2DD1  break.maybeOn
            2DDC              2DDC  break.setBreak
            2DE3              2DE3  ..@228._ret
            2DE4              2DE4  break.badOnOff
            2DEF              2DEF  ..@229._ret
            2DF0              2DF0  verify
            2E25              2E25  ..@230._ret
            2E26              2E26  verify.argumentProvided
            2E52              2E52  verify.maybeOn
            2E5C              2E5C  verify.setVerify
            2E60              2E60  ..@231._ret
            2E61              2E61  verify.badOnOff
            2E6C              2E6C  ..@232._ret
            2E6D              2E6D  rename
            2F0E              2F0E  rename.curDrvSrc
            2F11              2F11  rename.destScan
            2FD2              2FD2  rename.noPath
            2FE8              2FE8  rename.wcLoop
            3015              3015  rename.wcNameMake
            301D              301D  rename.noStore
            305F              305F  ..@233._ret
            3060              3060  rename.noWC
            308E              308E  ..@235._base
            3095              3095  rename.ren
            30A3              30A3  ..@236._ret
            30A4              30A4  truename
            30D6              30D6  truename.writePath
            30F4              30F4  ..@237._ret
            30F5              30F5  volume
            3112              3112  volume.notCurrentDrive
            3143              3143  volume.dirEP
            3186              3186  volume.volIDOk
            319F              319F  volume.volEndPrint
            31AE              31AE  ..@238._ret
            31AF              31AF  version
            31D5              31D5  ..@239._ret
            31D6              31D6  version.printVersionNumber
            31F2              31F2  ..@240._ret
            31F3              31F3  memory
            320F              320F  memory.sysvarsOK
            321E              321E  memory.memLp
            322C              322C  memory.validMCB
            3242              3242  memory.notDOS
            3251              3251  memory.notFree
            3260              3260  memory.notHole
            3263              3263  memory.gotoNext
            326F              326F  memory.endOfWalk
            32B0              32B0  memory.skipHole
            331E              331E  ..@241._ret
            331F              331F  memory.mcbPrintAmount
            3331              3331  ..@242._ret
            3332              3332  memory.badMCBFound
            3342              3342  type
            3392              3392  type.noDrive
            33B5              33B5  type.lp
            33DA              33DA  type.exit
            33DE              33DE  ..@243._ret
            33DF              33DF  type.exitBad
            33EE              33EE  ..@245._base
            33F5              33F5  exit
            340B              340B  ..@246._ret
            340C              340C  exit.ouch
            3413              3413  ..@247._ret
            3414              3414  launchChild
            3446              3446  launchChild.pathLoop
            3459              3459  launchChild.extLp
            348D              348D  launchChild.extSrchLp
            34B8              34B8  launchChild.extFnd
            34BF              34BF  launchChild.extSrchFnd
            3529              3529  launchChild.pathHandle
            355D              355D  launchChild.pathGetEnv
            3584              3584  launchChild.pathRejoin
            35B1              35B1  launchChild.skipPathsep
            35D5              35D5  launchChild.pathReentry
            35E7              35E7  launchChild.prepAndSearch
            3606              3606  launchChild.notdriveRel
            361E              361E  ..@248._ret
            361F              361F  set
            3639              3639  set.findLp
            3640              3640  set.scanLp
            365A              365A  ..@250._base
            3661              3661  set.editEnv
            367D              367D  set.altEp
            36C6              36C6  set.editNewEnv
            36E9              36E9  set.reallocTry
            36FD              36FD  ..@252._base
            36FF              36FF  ..@253._ret
            3700              3700  ..@252.a
            3709              3709  set.reallocOk
            3710              3710  set.nameCp
            371E              371E  set.exitNameCp
            3728              3728  set.exitCp
            372C              372C  ..@254._ret
            372D              372D  set.delEnvVar
            373C              373C  set.delEnvVarSkip
            373D              373D  ..@255._ret
            373E              373E  pathEdit
            3773              3773  pathEdit.cpLp
            3789              3789  pathEdit.cpLpExit
            3796              3796  pathEdit.cpLpNoIntervene
            37BF              37BF  pathEdit.printPath
            37EE              37EE  pathEdit.noPathPrnt
            37FA              37FA  pathEdit.pathExit
            3801              3801  ..@256._ret
            3802              3802  pathEdit.skipPathDelimiters
            380D              380D  ..@257._ret
            380E              380E  pathEdit.isALPathDelimiter
            3810              3810  ..@259._base
            3814              3814  ..@261._base
            3818              3818  ..@263._base
            381C              381C  ..@264._ret
            381D              381D  prompt
            3852              3852  prompt.cp
            385C              385C  prompt.cpOk
            3865              3865  prompt.reset
            386E              386E  prompt.goSet
            388D              388D  echo
            38C0              38C0  echo.argGiven
            3904              3904  ..@265._ret
            3905              3905  echo.checkOff
            3937              3937  ..@266._ret
            3938              3938  echo.directEcho
            3969              3969  pauza
            399A              399A  pauza.echoTail
            39B2              39B2  ..@267._ret
            39B3              39B3  remark
            39BA              39BA  ..@269._base
            39BC              39BC  remark.go
            39C8              39C8  shift
            39CF              39CF  ..@271._base
            39E7              39E7  shift.lp
            39F0              39F0  ..@273._base
            3A0B              3A0B  ..@275._base
            3A14              3A14  ..@276._ret
            3A15              3A15  goto
            3A1C              3A1C  ..@278._base
            3A28              3A28  ..@280._base
            3A47              3A47  goto.startCopy
            3A5C              3A5C  goto.endCopy
            3A7C              3A7C  goto.notLabelLp
            3A8D              3A8D  goto.findLbl
            3AA3              3AA3  goto.loadRead
            3AD0              3AD0  goto.pullEol
            3AE7              3AE7  goto.lblDoneCR
            3AF7              3AF7  goto.lblDone
            3B28              3B28  goto.eof
            3B39              3B39  ..@281._ret
            3B3A              3B3A  goto.ucChars
            3B44              3B44  goto.ucclp
            3B54              3B54  ..@282._ret
            3B55              3B55  ifCmd
            3B8F              3B8F  ifCmd.chkErlvl
            3BBB              3BBB  ifCmd.scCheck
            3BD7              3BD7  ifCmd.scEqFnd
            3BE4              3BE4  ifCmd.cndHit
            3BEB              3BEB  ifCmd.cndMiss
            3BFD              3BFD  ..@284._base
            3BFF              3BFF  ..@285._ret
            3C00              3C00  ..@284.a
            3C0E              3C0E  ifCmd.cpExitLp
            3C25              3C25  ifCmd.exist
            3C3D              3C3D  ifCmd.errorLvl
            3C65              3C65  forCmd
            3CFA              3CFA  forCmd.argCpy
            3D1E              3D1E  forCmd.inProgress
            3D3C              3D3C  forCmd.notEnd
            3D5A              3D5A  forCmd.argCpyEnd
            3D81              3D81  forCmd.cmdLp
            3D8D              3D8D  forCmd.forBadSynExit
            3D97              3D97  forProceed
            3DAC              3DAC  forProceed.longString
            3DCC              3DCC  forProceed.getNextListElement
            3DFB              3DFB  forProceed.useString
            3E03              3E03  forProceed.wcCheck
            3E10              3E10  forProceed.wcFnd
            3E17              3E17  forProceed.wcCheckEnd
            3E2E              3E2E  forProceed.searchAgain
            3E51              3E51  forProceed.ctnFor
            3E5F              3E5F  forProceed.copyCommand
            3E6F              3E6F  forProceed.ccLp
            3E74              3E74  forProceed.ccLp1
            3E85              3E85  forProceed.ccMeta
            3EB1              3EB1  forProceed.ccOk
            3EBC              3EBC  forProceed.ccLpEnd
            3EC8              3EC8  forEnd
            3ED2              3ED2  forFree
            3EE8              3EE8  forFree.exit
            3EFA              3EFA  ..@286._ret
            3EFB              3EFB  printDate
            3F4A              3F4A  ..@287._ret
            3F4B              3F4B  printDate.usDate
            3F88              3F88  ..@288._ret
            3F89              3F89  printDate.jpnDate
            3FC6              3FC6  ..@289._ret
            3FC7              3FC7  printDate.printFirst
            3FD5              3FD5  printDate.skipSpace
            3FE2              3FE2  ..@290._ret
            3FE3              3FE3  printDate.printSecond
            3FF3              3FF3  printDate.printYear
            4010              4010  printDate.twoDigitYear
            4020              4020  ..@291._ret
            4021              4021  printTime
            403E              403E  ..@292._ret
            403F              403F  printTime.ampm
            4058              4058  ..@293._ret
            4059              4059  printTime.pm
            405E              405E  printTime.pm2
            406E              406E  ..@294._ret
            406F              406F  printTime.printMinutes
            4083              4083  printTime.printMinutesAlt
            4093              4093  printTime.printHours
            40A1              40A1  printTime.skipSpace
            40AE              40AE  ..@295._ret
            40AF              40AF  printPrompt
            40B6              40B6  ..@297._base
            40D0              40D0  ..@298._ret
            40D1              40D1  printPrompt.validPrompt
            40D8              40D8  printPrompt.promptLp
            40DB              40DB  ..@300._base
            40EA              40EA  printPrompt.escapeChar
            40FC              40FC  printPrompt.escapeLp
            410D              410D  printPrompt.escapeFnd
            4121              4121  printCRLFecho
            4128              4128  ..@302._base
            412A              412A  printCRLF
            4131              4131  printString
            4138              4138  ..@303._ret
            4139              4139  putVersionInPrompt
            4166              4166  ..@304._ret
            4167              4167  putEscInPrompt
            416B              416B  putMoneyInPrompt
            416F              416F  putEquInPrompt
            4173              4173  putPipeInPrompt
            4177              4177  putGTinPrompt
            417B              417B  putLTinPrompt
            417F              417F  putBSPinPrompt
            4197              4197  ..@305._ret
            4198              4198  putDriveInPrompt
            41A1              41A1  outChar
            41A5              41A5  ..@306._ret
            41A6              41A6  putCWDInPrompt
            41FC              41FC  ..@307._ret
            41FD              41FD  putCWDInPrompt.badDrive
            4209              4209  printFmtTime
            4254              4254  ..@308._ret
            4255              4255  getTime
            4271              4271  ..@309._ret
            4272              4272  printFmtDate
            42E3              42E3  ..@310._ret
            42E4              42E4  hexToBCD
            42EA              42EA  hexToBCD.htb0
            42FA              42FA  hexToBCD.htb1
            4301              4301  printPackedBCD
            4314              4314  printPackedBCD.upperNybble
            4322              4322  printPackedBCD.lowerNybble
            432C              432C  ..@311._ret
            432D              432D  setDrive
            4338              4338  ..@312._ret
            4339              4339  getCurrentDrive
            433D              433D  ..@313._ret
            433E              433E  strcpy
            434C              434C  ..@314._ret
            434D              434D  strcpy2
            4356              4356  ..@315._ret
            4357              4357  strlen
            4360              4360  ..@316._ret
            4361              4361  ucChar
            436C              436C  ..@317._ret
            436D              436D  normalisePath
            437B              437B  ..@318._ret
            437C              437C  skipDelimiters
            437D              437D  skipDelimiters.l1
            4385              4385  skipDelimiters.exit
            4389              4389  ..@319._ret
            438A              438A  isALdelimiter
            438C              438C  ..@321._base
            4390              4390  ..@323._base
            4394              4394  ..@325._base
            4398              4398  ..@327._base
            439C              439C  ..@328._ret
            439D              439D  clearCommandState
            43AD              43AD  ..@329._ret
            43AE              43AE  clearCommandLineState
            43DE              43DE  clearCommandLineState.lp
            43E8              43E8  ..@330._ret
            43E9              43E9  asciiFilenameToFCB
            4406              4406  asciiFilenameToFCB.processName
            4416              4416  asciiFilenameToFCB.extSpace
            441F              441F  asciiFilenameToFCB.ext
            4423              4423  asciiFilenameToFCB.processExt
            442F              442F  asciiFilenameToFCB.exitBadChar
            4431              4431  asciiFilenameToFCB.exit
            4432              4432  ..@331._ret
            4433              4433  findLastPathComponant
            4451              4451  findLastPathComponant.exit
            4456              4456  ..@332._ret
            4457              4457  FCBToAsciiz
            445E              445E  FCBToAsciiz.scanNameSpace
            4471              4471  FCBToAsciiz.ext
            447E              447E  FCBToAsciiz.validExt
            4488              4488  FCBToAsciiz.scanExtSpace
            4493              4493  FCBToAsciiz.exit
            4496              4496  ..@333._ret
            4497              4497  cpDelimOrCtrlStringToBufz
            449A              449A  cpDelimOrCtrlStringToBufz.lp
            44A9              44A9  cpDelimOrCtrlStringToBufz.exit
            44AC              44AC  ..@334._ret
            44AD              44AD  cpDelimPathToBufz
            44B4              44B4  cpDelimPathToBufz.lp
            44CB              44CB  cpDelimPathToBufz.gotRedirPath
            44EC              44EC  cpDelimPathToBufz.notColon
            44EF              44EF  ..@335._ret
            44F0              44F0  buildCommandPath
            4508              4508  copyArgumentToSearchSpec
            4514              4514  ..@336._ret
            4515              4515  scanForWildcards
            4517              4517  scanForWildcards.lp
            4526              4526  scanForWildcards.exit
            4528              4528  ..@337._ret
            4529              4529  printDecimalValLB
            454E              454E  printDecimalValLB.skipLp
            4567              4567  printDecimalValLB.printLp
            4574              4574  printDecimalValLB.exit
            4577              4577  ..@338._ret
            4578              4578  printDecimalValLB.errPrint
            4583              4583  decimalise
            458D              458D  decimalise.lp
            45A6              45A6  decimalise.skipSep
            45C4              45C4  decimalise.exit
            45C5              45C5  ..@339._ret
            45C6              45C6  decimalise.exitErr
            45C9              45C9  printDecimalWord
            45DB              45DB  printDecimalWord.notZero
            45E2              45E2  printDecimalWord.mainLp
            45F4              45F4  printDecimalWord.goPrint
            4601              4601  ..@340._ret
            4602              4602  getDecimalWord
            460B              460B  getDecimalWord.dpfb0
            4621              4621  getDecimalWord.dpfb1
            4628              4628  ..@341._ret
            4629              4629  getByte
            4634              4634  ..@342._ret
            4635              4635  getNum
            463D              463D  getNum.lp
            465D              465D  getNum.exit
            465E              465E  getNum.exitBad
            4665              4665  ..@343._ret
            4666              4666  freezePC
            4671              4671  freezePC.altEP
            467C              467C  freezePC.lp
            4681              4681  setDTA
            4693              4693  ..@344._ret
            4694              4694  getDTA
            469B              469B  ..@345._ret
            469C              469C  resetNation
            46B9              46B9  resetNation.skipSwitch
            46C7              46C7  ..@346._ret
            46C8              46C8  resetIDTentries
            46F2              46F2  ..@347._ret
            46F3              46F3  makeAsciizAdv
            4700              4700  makeArgAsciz
            4711              4711  ..@348._ret
            4712              4712  getNextArg
            471A              471A  ..@350._base
            4727              4727  strcmp
            472E              472E  ..@351._ret
            472F              472F  cmpEnvVar
            4734              4734  cmpEnvVar.lp
            4747              4747  cmpEnvVar.exit
            4749              4749  ..@352._ret
            474A              474A  checkEnvGoodAndGet
            4760              4760  checkEnvGoodAndGet.pathNulScan
            4772              4772  checkEnvGoodAndGet.badExit
            4777              4777  ..@353._ret
            4778              4778  findEnvSpace
            4783              4783  ..@355._base
            478E              478E  findEnvSpace.endsearch
            47A3              47A3  ..@356._ret
            47A4              47A4  searchForEnvVar
            47AE              47AE  searchForEnvVar.varLp
            47CD              47CD  searchForEnvVar.varNotFound
            47CE              47CE  searchForEnvVar.varFound
            47D1              47D1  ..@357._ret
            47D2              47D2  envFree
            47D7              47D7  envFree.freeLp
            47DF              47DF  envFree.exitLp
            47ED              47ED  envFree.prepPullup
            47F0              47F0  envFree.pullUp
            47FB              47FB  envFree.cleanEnv
            480A              480A  ..@358._ret
            480B              480B  getFreeSpace
            4822              4822  ..@359._ret
            4823              4823  getEnvSize
            482F              482F  ..@360._ret
            4830              4830  getPtrToEndOfEnv
            483C              483C  getPtrToEndOfEnv.lp
            4844              4844  ..@361._ret
            4845              4845  growEnvBlock
            4884              4884  growEnvBlock.exit
            4889              4889  ..@362._ret
            488A              488A  growEnvBlock.tooLarge
            4890              4890  ctrlCHandler
            48AA              48AA  ctrlCHandler.notLoading
            48BC              48BC  ctrlCHandler.retFromDosCall
            48D6              48D6  ctrlCHandler.i23Bounce
            48DB              48DB  ctrlCHandler.inInt23
            48DD              48DD  ctrlCHandler.notNested
            48F6              48F6  ctrlCHandler.skipReset
            490D              490D  ctrlCHandler.ynLp
            493F              493F  ctrlCHandler.endBat
            4949              4949  ctrlCHandler.killBat
            4950              4950  ctrlCHandler.nestKill
            4961              4961  ctrlCHandler.notBat
            496C              496C  ctrlCHandler.exitBat
            4971              4971  ctrlCHandler.exit
            4978              4978  ctrlCHandler.exitIn
            497C              497C  critErrorHandler
            4A02              4A02  critErrorHandler.redirDefault
            4A0B              4A0B  critErrorHandler.shareErr
            4A19              4A19  critErrorHandler.driverErr
            4A40              4A40  critErrorHandler.redirDefProceed
            4A4D              4A4D  critErrorHandler.proceedNormalWrite
            4A9A              4A9A  critErrorHandler.userInput
            4A9F              4A9F  critErrorHandler.userAbort
            4AAB              4AAB  critErrorHandler.userRetry
            4AC8              4AC8  critErrorHandler.userIgnore
            4AE5              4AE5  critErrorHandler.userFail
            4B02              4B02  critErrorHandler.userMsgEnd
            4B24              4B24  critErrorHandler.uip1
            4B36              4B36  critErrorHandler.validInput
            4B49              4B49  critErrorHandler.viFail
            4B54              4B54  critErrorHandler.viIgnore
            4B5F              4B5F  critErrorHandler.viRetry
            4B68              4B68  critErrorHandler.cehExit
            4B74              4B74  critErrorHandler.charError
            4B87              4B87  critErrorHandler.ce1
            4B95              4B95  errSwapHdls
            4BB1              4BB1  ..@363._ret
            4BB2              4BB2  errRetHdls
            4BCE              4BCE  ..@364._ret
            4BCF              4BCF  getJftPtr
            4BE4              4BE4  ..@365._ret
            4BE5              4BE5  getJftPtr.pspJftExit
            4BE9              4BE9  ..@366._ret
            4BEA              4BEA  cmdLdrE

---- Section init -------------------------------------------------------------

Real              Virtual           Name
            4BEA              5A10  cmdLdr
            4C08              5A2E  startInit
            4C1B              5A41  startInit.exitBad
            4C1D              5A43  startInit.okVersion
            4CE1              5B07  startInit.noAutoexec
            4D0F              5B35  startInit.notMaster
            4D35              5B5B  startInit.prepStart
            4D41              5B67  startInit.singleCom
            4D54              5B7A  parseCmdLine
            4D7B              5BA1  parseCmdLine.parseLp
            4D94              5BBA  parseCmdLine.switch
            4DB8              5BDE  parseCmdLine.badparm
            4DC1              5BE7  parseCmdLine.file
            4DE9              5C0F  parseCmdLine.badSpec
            4DF0              5C16  parseCmdLine.bs0
            4DF5              5C1B  parseCmdLine.plhop
            4DF7              5C1D  parseCmdLine.charOrDir
            4E05              5C2B  parseCmdLine.dir
            4E2A              5C50  parseCmdLine.charDev
            4E5A              5C80  parseCmdLine.plhop1
            4E5C              5C82  parseCmdLine.badChar
            4E63              5C89  parseCmdLine.bs1
            4E65              5C8B  parseCmdLine.switchEnv
            4EA5              5CCB  parseCmdLine.plhop2
            4EA7              5CCD  parseCmdLine.badEnv
            4EB0              5CD6  parseCmdLine.switchPerma
            4ECB              5CF1  parseCmdLine.spEmbCr
            4ED4              5CFA  parseCmdLine.switchStr
            4EE7              5D0D  parseCmdLine.ssembCr
            4EF3              5D19  parseCmdLine.ssLp
            4F01              5D27  parseCmdLine.ssOk
            4F08              5D2E  parseCmdLine.endScan
            4F25              5D4B  parseCmdLine.esSkipPathsep
            4F3D              5D63  ..@373._base
            4F3F              5D65  ..@374._ret
            4F40              5D66  ..@373.a
            4F47              5D6D  ..@375._ret
            4F48              5D6E  parseCmdLine.replacestdio
            4F4F              5D75  ..@377._base
            4F5D              5D83  doEnv
            4F6F              5D95  ..@379._base
            4F97              5DBD  ..@380._ret
            4F98              5DBE  doEnv.freeCurrentEnv
            4FA7              5DCD  ..@381._ret
            4FA8              5DCE  doEnv.prepNewEnv
            4FAD              5DD3  doEnv.noInitEnv
            4FE5              5E0B  ..@382._ret
            4FE6              5E0C  doEnv.allocEnv
            4FFD              5E23  doEnv.goAlloc
            500D              5E33  ..@384._base
            5020              5E46  doEnv.cpEnv
            5027              5E4D  doEnv.lp
            5036              5E5C  ..@385._ret
            5037              5E5D  doEnv.notNul
            503B              5E61  doEnv.err
            5052              5E78  ..@386._ret
            5053              5E79  getMasterEnv
            5055              5E7B  getMasterEnv.lp
            5063              5E89  getMasterEnv.exit
            5069              5E8F  ..@387._ret
            506A              5E90  initString
            507D              5EA3  initString2
            50A3              5EC9  badVerStr
            50BB              5EE1  badCmdDir
            50E4              5F0A  badEnvSz
            50FF              5F25  initNewSpec
            5100              5F26  initNewDev
            5101              5F27  initEnvSz
            5103              5F29  endOfInitAlloc

---- Section bss --------------------------------------------------------------

Real              Virtual           Name
            4BEA              4BEA  returnCode
            4BEC              4BEC  int2Epsp
            4BF4              4BF4  int2Ersp
            4BFC              4BFC  int2Edta
            4C04              4C04  statFlg1
            4C05              4C05  bbPtr
            4C0D              4C0D  batFile
            4C5C              4C5C  ifFlg
            4C5D              4C5D  batCmdline
            4CDF              4CDF  forFlg
            4CE0              4CE0  pForBlk
            4CE8              4CE8  ctryData
            4D0E              4D0E  currDirStr
            4D51              4D51  cmdFcb
            4D61              4D61  cmdFFBlock
            4D8C              4D8C  launchBlock
            4DAC              4DAC  batCpyBuffer
            4DAC              4DAC  inBuffer
            4E2E              4E2E  batInBuffer
            4E2E              4E2E  cpyBuffer
            4EB0              4EB0  cmdBuffer
            4F32              4F32  cmdPathSpec
            4F81              4F81  cmdName
            4F8F              4F8F  rdrInFilespec
            4FDE              4FDE  rdrOutFilespec
            502D              502D  pipe1Filespec
            507C              507C  pipe2Filespec
            50CB              50CB  newPipe
            50D3              50D3  oldPipe
            50DB              50DB  searchSpec
            51DF              51DF  dirFlags
            51E0              51E0  dirLineCtr
            51E1              51E1  dirFileCtr
            51E5              51E5  dirDrv
            51E6              51E6  dirSrchDir
            5268              5268  dirSrchFCB
            5278              5278  td1
            5279              5279  td2
            527A              527A  td3
            527B              527B  td4
            527C              527C  delPath
            527C              527C  comspecDir
            527C              527C  srcSpec
            52FE              52FE  destSpec
            5380              5380  srcPtr
            5388              5388  destPtr
            5390              5390  renName
            539B              539B  verifyFlg
            539C              539C  sourceHdl
            539E              539E  destHdl
            53A0              53A0  srcHdlInfo
            53A2              53A2  cpBufPtr
            53AA              53AA  wCpBufSz
            53AC              53AC  dCpCnt
            53B0              53B0  bCpFlg
            53B1              53B1  envVarSz
            53B3              53B3  envVarNamSz

---- Section stack ------------------------------------------------------------

Real              Virtual           Name
            5A00              5A00  stackTop
            5A10              5A10  endOfAlloc

