
- NASM Map file ---------------------------------------------------------------

Source file:  command.asm
Output file:  ./bin/COMMAND.COM

-- Program origin -------------------------------------------------------------

00000100

-- Sections (summary) ---------------------------------------------------------

Vstart            Start             Stop              Length    Class     Name
             100               100               100  00000000  progbits  .text
             100               100              4DD3  00004CD3  progbits  cmd
            5C00              4DD3              52EC  00000519  progbits  init
            4DD3              4DD3              55AE  000007DB  nobits    bss
            55B0              55B0              5C00  00000650  nobits    stack

-- Sections (detailed) --------------------------------------------------------

---- Section .text ------------------------------------------------------------

class:     progbits
length:                   0
start:                  100
align:     not defined
follows:   not defined
vstart:                 100
valign:    not defined
vfollows:  not defined

---- Section cmd --------------------------------------------------------------

class:     progbits
length:                4CD3
start:                  100
align:                    1
follows:   not defined
vstart:                 100
valign:                   1
vfollows:  not defined

---- Section init -------------------------------------------------------------

class:     progbits
length:                 519
start:                 4DD3
align:                    1
follows:   cmd
vstart:                5C00
valign:                   1
vfollows:  stack

---- Section bss --------------------------------------------------------------

class:     nobits
length:                 7DB
start:                 4DD3
align:                    1
follows:   not defined
vstart:                4DD3
valign:                   1
vfollows:  cmd

---- Section stack ------------------------------------------------------------

class:     nobits
length:                 650
start:                 55B0
align:                   10
follows:   not defined
vstart:                55B0
valign:                  10
vfollows:  bss

-- Symbols --------------------------------------------------------------------

---- No Section ---------------------------------------------------------------

Value     Name
00000000  dpb
00000000  dpb.bDriveNumber
00000001  dpb.bUnitNumber
00000002  dpb.wBytesPerSector
00000004  dpb.bMaxSectorInCluster
00000005  dpb.bSectorsPerClusterShift
00000006  dpb.wFAToffset
00000008  dpb.bNumberOfFATs
00000009  dpb.wNumberRootDirEntries
0000000B  dpb.dClusterHeapOffset
0000000F  dpb.dClusterCount
00000013  dpb.dFATlength
00000017  dpb.dFirstUnitOfRootDir
0000001B  dpb.qDriverHeaderPtr
00000023  dpb.bMediaDescriptor
00000024  dpb.bAccessFlag
00000025  dpb.qNextDPBPtr
0000002D  dpb.dFirstFreeCluster
00000031  dpb.dNumberOfFreeClusters
00000035  dpb_size
00000FF5  fat12MaxClustCnt
0000FFF5  fat16MaxClustCnt
00000000  cds
00000000  cds.sCurrentPath
00000043  cds.wFlags
00000045  cds.qDPBPtr
0000004D  cds.dStartCluster
00000051  cds.qIFSPtr
00000059  cds.dNetStore
0000005D  cds.wBackslashOffset
0000005F  cds_size
00008000  cdsRedirDrive
00004000  cdsValidDrive
00002000  cdsJoinDrive
00001000  cdsSubstDrive
00000080  cdsRdirLocDrive
00000000  sfth
00000000  sfth.qNextSFTPtr
00000008  sfth.wNumFiles
0000000A  sfth_size
00000000  sft
00000000  sft.wNumHandles
00000002  sft.wOpenMode
00000004  sft.bFileAttrib
00000005  sft.wDeviceInfo
00000007  sft.qPtr
0000000F  sft.dStartClust
00000013  sft.wTime
00000015  sft.wDate
00000017  sft.dFileSize
0000001B  sft.dCurntOff
0000001F  sft.dRelClust
00000023  sft.dAbsClusr
00000027  sft.qDirSect
0000002F  sft.bNumDirEnt
00000030  sft.sFileName
0000003B  sft.qSharePtr
00000043  sft.wMachNum
00000045  sft.qPSPOwner
0000004D  sft.wShareRec
0000004F  sft_size
00000000  ReadAccess
00000001  WriteAccess
00000002  RWAccess
00000000  CompatShare
00000010  denyRWShare
00000020  denyWriteShare
00000030  denyReadShare
00000040  denyNoneShare
00000070  netFCBShare
00000080  noInherit
00002000  diskFullFail
00004000  noBufferWrites
00008000  FCBopenedFile
00000001  readOnlyFile
00000002  hiddenFile
00000004  systemFile
00000008  volLabelFile
00000010  directoryFile
00000020  archiveFile
00000040  charFile
00000001  charDevConIn
00000002  charDevConOut
00000004  charDevNulDev
00000008  charDevClockDev
00000010  charDevFastOut
00000020  charDevBinary
00000040  charDevNoEOF
00000040  blokFileNoFlush
00000080  devCharDev
00000800  charDevNetSpool
00001000  devNoInherit
00002000  charDevNamePipe
00004000  blokNoDTonClose
00008000  devRedirDev
00000000  bufferHdr
00000000  bufferHdr.nextBufPtr
00000008  bufferHdr.wDrvNumFlg
00000008  bufferHdr.driveNumber
00000009  bufferHdr.bufferFlags
0000000A  bufferHdr.bufferLBA
00000012  bufferHdr.bufFATcopy
00000013  bufferHdr.bufFATsize
00000017  bufferHdr.driveDPBPtr
0000001F  bufferHdr.reserved
00000020  bufferHdr.dataarea
00000020  bufferHdr_size
00000001  dosBuffer
00000002  fatBuffer
00000004  dirBuffer
00000008  dataBuffer
00000020  refBuffer
00000040  dirtyBuffer
000000FF  freeBuffer
00000000  mcb
00000000  mcb.marker
00000001  mcb.owner
00000009  mcb.blockSize
0000000D  mcb.subSysMark
0000000E  mcb.reserved
00000010  mcb.program
00000010  mcb_size
00000007  mcbOwnerHole
00000000  mcbOwnerFree
00000008  mcbOwnerDOS
00000009  mcbOwnerNewDOS
0000004D  mcbMarkCtn
0000005A  mcbMarkEnd
00000044  mcbSubDriver
0000004C  mcbSubDrvExtra
00000050  mcbSubDrvDPB
00000049  mcbSubIFS
00000046  mcbSubFiles
00000058  mcbSubFCBS
00000042  mcbSubBuffers
0000004C  mcbSubCDS
00000053  mcbSubStacks
00000000  memFirstFit
00000001  memBestFit
00000002  memLastFit
00000000  callerFrame
00000000  callerFrame.rax
00000008  callerFrame.rbx
00000010  callerFrame.rcx
00000018  callerFrame.rdx
00000020  callerFrame.rsi
00000028  callerFrame.rdi
00000030  callerFrame.rbp
00000038  callerFrame.r8
00000040  callerFrame.r9
00000048  callerFrame.rip
00000050  callerFrame.cs
00000058  callerFrame.flags
00000060  callerFrame_size
00000000  dpl
00000000  dpl.rax
00000008  dpl.rbx
00000010  dpl.rcx
00000018  dpl.rdx
00000020  dpl.rsi
00000028  dpl.rdi
00000030  dpl.r8
00000038  dpl.r9
00000040  dpl.align
00000048  dpl.compID
00000050  dpl.procID
00000058  dpl_size
00000000  cfgFrame
00000000  cfgFrame.oldRBP
00000008  cfgFrame.newBuffers
00000010  cfgFrame.newSFTVal
00000018  cfgFrame.newFCBSVal
00000020  cfgFrame.newProtFCBSVal
00000028  cfgFrame.newLastdrive
00000030  cfgFrame.newStacks
00000038  cfgFrame.newStackSize
00000040  cfgFrame.cfgHandle
00000048  cfgFrame.lastLine
00000050  cfgFrame.linePtr
00000058  cfgFrame.driverBreak
00000060  cfgFrame.breakChar
00000068  cfgFrame_size
00000000  filename
00000000  filename.fName
00000008  filename.fExt
0000000B  filename_size
00000000  ffBlock
00000000  ffBlock.driveNum
00000001  ffBlock.template
0000000C  ffBlock.attrib
0000000D  ffBlock.dirOffset
00000011  ffBlock.parDirClus
00000015  ffBlock.attribFnd
00000016  ffBlock.fileTime
00000018  ffBlock.fileDate
0000001A  ffBlock.fileSize
0000001E  ffBlock.asciizName
0000002B  ffBlock_size
00000000  psp
00000000  psp.return
00000002  psp.allocSize
0000000A  psp.oldInt22h
00000012  psp.oldInt23h
0000001A  psp.oldInt24h
00000022  psp.parentPtr
0000002A  psp.externalJFTPtr
0000002A  psp.jobFileTbl
0000003E  psp.envPtr
00000046  psp.rspPtr
0000004E  psp.jftSize
00000050  psp.unixEntry
00000053  psp.prevPSP
0000005C  psp.cmdLineArgPtr
0000005C  psp.fcb1
0000006C  psp.fcb2
00000080  psp.dta
00000080  psp.parmList
00000081  psp.progTail
00000100  psp_size
00000014  dfltJFTsize
00000000  clkStruc
00000000  clkStruc.dateWord
00000002  clkStruc.minutes
00000003  clkStruc.hours
00000004  clkStruc.hseconds
00000005  clkStruc.seconds
00000006  clkStruc_size
00000000  extCtryStruc
00000000  extCtryStruc.infoIDCode
00000001  extCtryStruc.strucSize
00000003  extCtryStruc.ctryID
00000005  extCtryStruc.cpNumber
00000007  extCtryStruc.dtfmt
00000009  extCtryStruc.curr
0000000E  extCtryStruc.thouSep
00000010  extCtryStruc.dcmlSep
00000012  extCtryStruc.dateSep
00000014  extCtryStruc.timeSep
00000016  extCtryStruc.currFmt
00000017  extCtryStruc.digtdpt
00000018  extCtryStruc.timefmt
00000019  extCtryStruc.mapptr
00000021  extCtryStruc.dataSep
00000023  extCtryStruc.resv
0000002D  extCtryStruc_size
00000000  countryStruc
00000000  countryStruc.dtfmt
00000002  countryStruc.curr
00000007  countryStruc.thouSep
00000009  countryStruc.dcmlSep
0000000B  countryStruc.dateSep
0000000D  countryStruc.timeSep
0000000F  countryStruc.currFmt
00000010  countryStruc.digtdpt
00000011  countryStruc.timefmt
00000012  countryStruc.mapptr
0000001A  countryStruc.dataSep
0000001C  countryStruc.resv
00000026  countryStruc_size
00000000  critRead
00000001  critWrite
00000000  critDOS
00000002  critFAT
00000004  critDir
00000006  critData
00000008  critFailOK
00000010  critRetryOK
00000020  critIgnorOK
00000080  critCharDev
00000000  critIgnore
00000001  critRetry
00000002  critAbort
00000003  critFail
00000000  NUL
00000003  ETX
00000006  ACK
00000007  BEL
00000008  BSP
00000009  TAB
0000000A  LF
0000000D  CR
00000010  DLE
00000013  DC3
00000014  DC4
00000015  NAK
00000017  ETB
0000001A  EOF
0000001B  ESC
00000020  SPC
0000007F  DEL
00000020  asciiCaret
0000003B  eF1
0000003C  eF2
0000003D  eF3
0000003E  eF4
0000003F  eF5
00000040  eF6
00000041  eF7
0000004B  eCursL
0000004D  eCursR
00000052  eIns
00000053  eDel
0000001E  buffersDefault
00000014  filesDefault
00000004  fcbsDefault
00000000  safeFcbsDeflt
00000005  lastDriveDeflt
00000001  badChar
00000002  termChar
00000004  sepChar
00000008  badFCBChar
00000000  fcb
00000000  fcb.driveNum
00000001  fcb.filename
00000009  fcb.fileext
0000000C  fcb.curBlock
0000000E  fcb.recordSize
00000010  fcb.fileSize
00000014  fcb.fileDate
00000016  fcb.fileTime
00000018  fcb.sftNdx
00000019  fcb.fcbMode
0000001A  fcb.special
00000020  fcb.recordNum
00000021  fcb.randRecrd
00000025  fcb_size
00000000  exFcb
00000000  exFcb.extSig
00000001  exFcb.reserved
00000006  exFcb.attribute
00000007  exFcb.driveNum
00000008  exFcb.filename
00000010  exFcb.fileext
00000013  exFcb.curBlock
00000015  exFcb.recordSize
00000017  exFcb.fileSize
0000001B  exFcb.fileDate
0000001D  exFcb.fileTime
0000001F  exFcb.sftNdx
00000020  exFcb.fcbMode
00000021  exFcb.special
00000027  exFcb.recordNum
00000028  exFcb.randRecrd
0000002C  exFcb_size
00000000  renameFcb
00000000  renameFcb.driveNum
00000001  renameFcb.filename
00000009  renameFcb.fileext
0000000C  renameFcb.reserved
00000010  renameFcb.resDrvNum
00000011  renameFcb.newName
00000019  renameFcb.newExt
0000001C  renameFcb.reserved2
00000020  renameFcb_size
00000000  exRenFcb
00000000  exRenFcb.extSig
00000001  exRenFcb.res0
00000006  exRenFcb.attribute
00000007  exRenFcb.driveNum
00000008  exRenFcb.filename
00000010  exRenFcb.fileext
00000013  exRenFcb.reserved
00000017  exRenFcb.resDrvNum
00000018  exRenFcb.newName
00000020  exRenFcb.newExt
00000023  exRenFcb.reserved2
00000027  exRenFcb_size
00000080  fcbShareOn
00000040  fcbCharDev
00000040  fcbLocal
00000000  noShare
00000000  noShare.attribWord
00000001  noShare.startClust
00000003  noShare.dirSect
00000005  noShare.dirEntry
00000006  noShare_size
00000000  shareLocal
00000000  shareLocal.strtClust
00000002  shareLocal.shareSig
00000004  shareLocal.fileAttr
00000006  shareLocal_size
00000000  shareNet
00000000  shareNet.dirSect
00000002  shareNet.relClust
00000004  shareNet.absClust
00000006  shareNet_size
00000001  errInvFnc
00000002  errFnf
00000003  errPnf
00000004  errNhl
00000005  errAccDen
00000006  errBadHdl
00000007  errMCBbad
00000008  errNoMem
00000009  errMemAddr
0000000A  errBadEnv
0000000B  errBadFmt
0000000C  errAccCde
0000000D  errInvDat
0000000F  errBadDrv
00000010  errDelCD
00000011  errDevUnk
00000012  errNoFil
00000013  drvErrShft
00000013  errWpd
00000014  errUnkUnt
00000015  errDrvNR
00000016  errUnkCmd
00000017  errCRCerr
00000018  errBadRLn
00000019  errSekErr
0000001A  errUnkMed
0000001B  errSecNF
0000001C  errNoPap
0000001D  errWF
0000001E  errRF
0000001F  errGF
00000020  errShrVio
00000021  errLokVio
00000022  errIDC
00000023  errNoFCB
00000024  errShrFul
00000032  errNoNet
00000050  errFilExist
00000052  errDirExist
00000053  errFI24
00000054  errRedir
00000055  errDupRedir
00000056  errBadPass
00000057  errBadParam
00000058  errNetWrite
00000001  eLocUnk
00000002  eLocDsk
00000003  eLocNet
00000004  eLocChr
00000005  eLocMem
00000001  eActRet
00000002  eActDRet
00000003  eActUsr
00000004  eActAbt
00000005  eActKil
00000006  eActIgn
00000007  eActRetUsr
00000001  eClsOoR
00000002  eClsTS
00000003  eClsAuth
00000004  eClsInt
00000005  eClsHrdFlt
00000006  eClsSysFlt
00000007  eClsAppFlt
00000008  eClsNotFnd
00000009  eClsBadFmt
0000000A  eClsLocked
0000000B  eClsMedia
0000000C  eClsClash
0000000D  eClsUnk
00000082  cmdBufferL
00000002  driveSpecL
00000040  dirPathL
0000000B  fcbNameL
0000000C  filenameL
0000000D  fileNameZL
00000042  fullDirPathL
00000043  fullDirPathZL
0000004F  fileSpecZL
0000000E  cmdNameL
0000005C  fcb1
0000006C  fcb2
00000080  cmdTail
00000080  cmdLineCnt
00000081  cmdLine
00000000  batBlockHdr
00000000  batBlockHdr.zero
00000001  batBlockHdr.bEchoFlg
00000002  batBlockHdr.pCallBlk
0000000A  batBlockHdr.pForBlk
00000012  batBlockHdr.bBatFlg
00000013  batBlockHdr.qBatOff
00000013  batBlockHdr.dBatOffLo
00000017  batBlockHdr.dBatOffHi
0000001B  batBlockHdr.wArgs
0000002F  batBlockHdr.cmdLine
0000002F  batBlockHdr_size
FFFFFFFFFFFFFFFF  bbNoParam
00000000  bbNull
00000001  bbEchoOn
00000000  bbEchoOff
000000B2  bbMaxAlloc
00000040  batNoEchoChar
00000000  forBlk
00000000  forBlk.bListc
00000001  forBlk.sListBlk
00000083  forBlk.bCmdWC
00000084  forBlk.bArgNum
00000085  forBlk.pLstCurr
0000008D  forBlk.pCmd
00000095  forBlk.sCmdLine
00000117  forBlk.sNameBuf
0000015A  forBlk.sFFBuffer
00000185  forBlk.bLpVar
00000186  forBlk_size
00000000  drvHdr
00000000  drvHdr.nxtPtr
00000008  drvHdr.attrib
0000000A  drvHdr.strPtr
00000012  drvHdr.intPtr
0000001A  drvHdr.drvNam
00000022  drvHdr_size
00000000  execProg
00000000  execProg.pEnv
00000008  execProg.pCmdLine
00000010  execProg.pfcb1
00000018  execProg.pfcb2
00000020  execProg_size
00000001  dirReadOnly
00000002  dirHidden
00000004  dirSystem
00000008  dirVolumeID
00000010  dirDirectory
00000020  dirArchive
00000040  dirCharDev
0000000F  dirLongName
00000016  dirInclusive
00000006  dirIncFiles
00000007  cmdStateL
00000012  cmdLineStateL
00000027  pTblL
00000017  pipeErrMsgL
00000013  redirErrMsgL
00000010  autoSpecL
00000001  permaShell
00000002  inCtrlC
00000004  inSingle
00000008  inBatch
00000010  batchEOF
00000020  inCritical
00000040  inLdrDT
00000080  inLdr
00000000  ifReset
00000001  ifNot
00000002  ifCond
00000080  inLen
00000001  dirWideType
00000002  dirPageType
00000004  dirFileType
00000001  ascSrc
00000002  binSrc
00000004  ascDes
00000008  wcSrc
00000010  oneDest
00000020  mod1Cpy
00000040  mod2Cpy
00000080  mod3Cpy
000007DB  bssLen
00000650  stackLen
00000519  initLen
00000E2B  initOffset


---- Section cmd --------------------------------------------------------------

Real              Virtual           Name
             100               100  startLbl
             100               100  pPSP
             108               108  numHdls
             10A               10A  pathSep
             10B               10B  switchChar
             10C               10C  failDrv
             10D               10D  echoFlg
             10E               10E  errHdls
             110               110  volFcb
             110               110  ..@82.strucstart
             13C               13C  batYNstr
             140               140  cmdLineStatePtr
             140               140  pipeFlag
             141               141  pipeSTDIN
             143               143  pipeSTDOUT
             145               145  redirIn
             146               146  redirOut
             147               147  redirSTDIN
             149               149  redirSTDOUT
             14B               14B  cmdStatePtr
             14B               14B  arg1Flg
             14C               14C  arg1Off
             14D               14D  arg1FCBret
             14E               14E  arg2Flg
             14F               14F  arg2Off
             150               150  arg2FCBret
             151               151  switchFnd
             152               152  functionTable
             240               240  pTbl
             267               267  crlf
             26A               26A  crlf2
             26F               26F  badBat
             286               286  needBat
             2C4               2C4  batFail
             2E2               2E2  badCmd
             2FD               2FD  dupName
             314               314  fnfMsg
             325               325  noSpace
             33F               33F  noEnvSpace
             35A               35A  fulRootDir
             370               370  noSelfCopy
             394               394  filLostErr
             3BE               3BE  copyOk
             3D0               3D0  cpNoMem
             3ED               3ED  dirOk
             3F7               3F7  bytesOk
             405               405  dirLbl
             40E               40E  badDrv
             42C               42C  pauseMes
             44B               44B  badParm
             45F               45F  dayName
             474               474  badDate
             483               483  curDate
             494               494  newDate
             4A6               4A6  usDate
             4B3               4B3  ukDate
             4C0               4C0  jpDate
             4CD               4CD  badTime
             4DC               4DC  curTime
             4ED               4ED  newTime
             500               500  ynMes
             515               515  dosVer
             527               527  volMes
             539               539  volOk
             53E               53E  volNo
             54C               54C  badDir
             560               560  badMD
             57D               57D  badRD
             5B4               5B4  dirMain
             5C4               5C4  noPath
             5CD               5CD  accDenMsg
             5DD               5DD  badDrvMsg
             5FE               5FE  badDev
             60F               60F  badLbl
             621               621  syntaxErr
             630               630  forNest
             648               648  forStr
             64C               64C  pipeErr
             672               672  binDevErr
             699               699  offMes
             69F               69F  onMes
             6A4               6A4  breakIs
             6AE               6AE  verifyIs
             6B9               6B9  echoIs
             6C2               6C2  badSpec
             6DE               6DE  badArgs
             6FD               6FD  devWriteErr
             714               714  backSpace
             718               718  noMemMsg
             73B               73B  notString
             73F               73F  errlvlStr
             74A               74A  existStr
             750               750  inStr
             753               753  doStr
             756               756  listOpenStr
             758               758  listClosStr
             75A               75A  memSys
             780               780  memDOS
             7A6               7A6  memApp
             7CC               7CC  memHole
             7F2               7F2  memFree
             818               818  memByte
             81F               81F  memBad0
             845               845  memBad1
             85F               85F  memBad2
             86E               86E  memBad3
             87E               87E  pipeErrMsg
             895               895  redirErrMsg
             8A8               8A8  ansiCls
             8AC               8AC  fourSpc
             8B1               8B1  threeSpc
             8B5               8B5  twoSpc
             8B8               8B8  badOnOff
             8D1               8D1  promptEVar
             8D9               8D9  extStr
             8E2               8E2  devName
             8EB               8EB  autoSpec
             8FB               8FB  pathEVar
             901               901  comspecEVar
             90A               90A  cspec
             916               916  errMsgPtrTbl
             93A               93A  errorMsgTbl
             93A               93A  errorMsgTbl.0
             94A               94A  errorMsgTbl.1
             958               958  errorMsgTbl.2
             963               963  errorMsgTbl.3
             974               974  errorMsgTbl.4
             97A               97A  errorMsgTbl.5
             987               987  errorMsgTbl.6
             98D               98D  errorMsgTbl.7
             99C               99C  errorMsgTbl.8
             9AE               9AE  errorMsgTbl.9
             9BC               9BC  errorMsgTbl.A
             9C9               9C9  errorMsgTbl.B
             9D5               9D5  errorMsgTbl.C
             9E6               9E6  errorMsgTbl.D
             9F9               9F9  errorMsgTbl.E
             A09               A09  errorMsgTbl.F
             A1C               A1C  errorMsgTbl.FVol
             A2A               A2A  errorMsgTbl.10
             A3B               A3B  errorMsgTbl.11
             A51               A51  genNetErr
             A68               A68  drvMsg
             A6F               A6F  readMsg
             A7E               A7E  writeMsg
             A8D               A8D  abortMsg
             A93               A93  ignoreMsg
             A9A               A9A  retryMsg
             AA0               AA0  failMsg
             AA5               AA5  betweenMsg
             AA8               AA8  endMsg
             AAB               AAB  i24Resp
             AAF               AAF  commandStart
             AFF               AFF  commandMain
             B0B               B0B  commandMain.inputMain
             B30               B30  commandMain.inputGetAgain
             B35               B35  commandMain.inputGetCmdlineAgain
             B62               B62  commandMain.batProceedCrlf
             B67               B67  commandMain.batProceed
             B70               B70  commandMain.goSingle
             BA4               BA4  commandMain.pipeLoop
             BC9               BC9  commandMain.okRet
             C04               C04  makeCmdBuffer
             C10               C10  makeCmdBuffer.countQuotes
             C1C               C1C  makeCmdBuffer.notQuoteToCount
             C2A               C2A  makeCmdBuffer.getChar
             C33               C33  makeCmdBuffer.searchForClosingQuote
             C3D               C3D  makeCmdBuffer.notQuote
             C48               C48  makeCmdBuffer.pipeHandle
             C4E               C4E  makeCmdBuffer.notRedir
             C57               C57  makeCmdBuffer.exit
             C5D               C5D  ..@90._ret
             C5E               C5E  makeCmdString
             C6A               C6A  makeCmdString.countQuotes
             C76               C76  makeCmdString.notQuoteToCount
             C84               C84  makeCmdString.getChar
             C8D               C8D  makeCmdString.searchForClosingQuote
             C97               C97  makeCmdString.notQuote
             CA0               CA0  makeCmdString.notPipe
             CA9               CA9  makeCmdString.exit
             CB6               CB6  ..@91._ret
             CB7               CB7  analyseCmdline
             CDC               CDC  analyseCmdline.noSwitchFnd
             CE4               CE4  ..@93._base
             CE9               CE9  analyseCmdline.plp
             CFF               CFF  analyseCmdline.trailingDotLp
             D0A               D0A  analyseCmdline.noTrailingDots
             D36               D36  analyseCmdline.delimfnd
             D39               D39  analyseCmdline.notPs
             D89               D89  analyseCmdline.skipArg
             DC0               DC0  analyseCmdline.setupCmdVars
             DEC               DEC  analyseCmdline.noDrivePath
             DF4               DF4  analyseCmdline.proceedCp
             E05               E05  analyseCmdline.cpCmdName
             E10               E10  ..@94._ret
             E11               E11  analyseCmdline.skipAndCheckCR
             E19               E19  ..@95._ret
             E1A               E1A  analyseCmdline.exitBad
             E21               E21  ..@96._ret
             E22               E22  analyseCmdline.exitBadDrv
             E2E               E2E  ..@97._ret
             E2F               E2F  doCommandLine
             E50               E50  ..@99._base
             E7E               E7E  ..@101._base
             E85               E85  doCommandLine.noDriveSpecified
             ED6               ED6  ..@103._base
             ED8               ED8  ..@104._ret
             ED9               ED9  ..@103.a
             EF7               EF7  doCommandLine.executeInternal
             F16               F16  doCommandLine.executeInternal2
             F1D               F1D  doCommandLine.nextEntry
             F65               F65  doCommandLine.gotoNextEntry
             F71               F71  appRet
             FAB               FAB  hardSynErr
             FB5               FB5  redirFailure
             FC3               FC3  pipeFailure
             FCF               FCF  redirPipeFailureCommon
             FDB               FDB  redirPipeFailureCommon.noPrint
             FE5               FE5  cleanupRedirs
            1086              1086  cleanupRedirs.checkOld
            1099              1099  cleanupRedirs.pipeNamesComplete
            10B5              10B5  ..@105._ret
            10B6              10B6  cleanupRedirs.closeHandle
            10BC              10BC  ..@107._base
            10C5              10C5  ..@108._ret
            10C6              10C6  cleanupRedirs.closeAndReplace
            10D0              10D0  ..@110._base
            10EB              10EB  ..@112._base
            1100              1100  ..@113._ret
            1101              1101  cleanRedirOut
            110A              110A  ..@115._base
            1147              1147  ..@116._ret
            1148              1148  advanceRedir
            11D9              11D9  ..@117._ret
            11DA              11DA  advanceRedir.redirIn
            1216              1216  advanceRedir.redirOut
            121D              121D  ..@119._base
            125E              125E  ..@120._ret
            125F              125F  advanceRedir.pipeOut
            126B              126B  ..@122._base
            12E1              12E1  ..@123._ret
            12E2              12E2  peelRedir
            12F1              12F1  peelRedir.redirExit
            12F3              12F3  ..@124._ret
            12F4              12F4  peelRedir.inputRedir
            1302              1302  peelRedir.redirCommon
            1313              1313  peelRedir.outputRedir
            1328              1328  peelRedir.notDouble
            1331              1331  peelRedir.pipeSetup
            133F              133F  peelRedir.badFnd
            1343              1343  setupRedirandPipes
            1365              1365  setupRedirandPipes.pathFound
            13CD              13CD  setupRedirandPipes.redirIn
            141F              141F  setupRedirandPipes.redirOut
            1426              1426  ..@126._base
            1428              1428  ..@127._ret
            1429              1429  ..@126.a
            1430              1430  ..@129._base
            146A              146A  setupRedirandPipes.fileExists
            1493              1493  ..@131._base
            14AB              14AB  ..@132._ret
            14AC              14AC  pullCommandline
            14B3              14B3  pullCommandline.pctSkipLeading
            14E4              14E4  pullCommandline.pctPullChars
            14EE              14EE  pullCommandline.pctExit
            14F5              14F5  ..@133._ret
            14F6              14F6  getSetMainState
            1513              1513  ..@134._ret
            1514              1514  int2Eh
            1526              1526  int2Eh.multiJoin
            1593              1593  int2ERet
            15CB              15CB  int2EcheckReentry
            15EA              15EA  int2EcheckReentry.multifnd
            15FA              15FA  batLaunch
            162D              162D  batLaunch.notAutoexec
            1656              1656  batLaunch.bbRelPath
            1696              1696  batLaunch.bbRelPathOk
            16A8              16A8  batLaunch.bbCDrvAbs
            16B5              16B5  batLaunch.bbdrvGiven
            16C3              16C3  batLaunch.bbCpName
            16E2              16E2  batLaunch.copyCmdline
            16E7              16E7  batLaunch.cclp
            16F4              16F4  batLaunch.ccstore
            173C              173C  batLaunch.bbAlloced
            1789              1789  batLaunch.bbFndLp
            17A9              17A9  batLaunch.bbArgsDone
            17BF              17BF  batFinish
            17CE              17CE  batNextLine
            1800              1800  batNextLine.readlp
            1836              1836  batNextLine.eofAddCR
            1839              1839  batNextLine.eof
            184C              184C  batNextLine.eolCR
            185B              185B  batNextLine.eolLF
            185E              185E  batNextLine.eol
            18B9              18B9  batNextLine.noEchoPull
            18DC              18DC  batPreprocess
            18F7              18F7  batPreprocess.lp
            1903              1903  batPreprocess.rawcp
            1906              1906  ..@136._base
            1908              1908  ..@137._ret
            1909              1909  ..@136.a
            190C              190C  batPreprocess.check
            1915              1915  ..@138._ret
            1916              1916  batExpandVar
            1921              1921  batExpandVar.notRep
            1923              1923  ..@140._base
            192D              192D  ..@141._ret
            192E              192E  batExpandVar.notSecond
            1934              1934  batExpandVar.envVarLp
            193A              193A  batExpandVar.lpExit
            1942              1942  ..@143._base
            1969              1969  ..@145._base
            1974              1974  batExpandVar.copyVar
            1990              1990  batExpandVar.noTrunc
            1995              1995  batExpandVar.exit
            1996              1996  ..@146._ret
            1997              1997  batExpandVar.repParm
            19B1              19B1  ..@148._base
            19C9              19C9  batCleanup
            19EC              19EC  batCleanup.exit
            1A18              1A18  ..@149._ret
            1A19              1A19  batOpen
            1A22              1A22  batOpen.batOpen
            1A40              1A40  batOpen.batOpened
            1A44              1A44  ..@150._ret
            1A45              1A45  batClose
            1A4C              1A4C  ..@151._ret
            1A4D              1A4D  batReadChar
            1A64              1A64  ..@153._base
            1A66              1A66  batReadChar.eof
            1A6F              1A6F  ..@154._ret
            1A70              1A70  batReadChar.bad
            1A75              1A75  badDiskFull
            1A9A              1A9A  badForError
            1AA8              1AA8  badNoMemError
            1AB1              1AB1  badSyntaxError
            1ABA              1ABA  badEnvSpaceError
            1AC3              1AC3  badAccError
            1ACC              1ACC  badParamError
            1AD5              1AD5  badDriveError
            1ADE              1ADE  badArgError
            1AE7              1AE7  badFileError
            1AF0              1AF0  badDupFnf
            1AF9              1AF9  badFnf
            1B02              1B02  badDirError
            1B09              1B09  badCmn
            1B0E              1B0E  badCmdError
            1B17              1B17  dir
            1B68              1B68  dir.scanNew
            1B8D              1B8D  dir.notWide
            1B9E              1B9E  dir.notSwitch
            1BBF              1BBF  dir.scanDone
            1C00              1C00  dir.currentDrv
            1C0B              1C0B  dir.dirPrintVol
            1C53              1C53  dir.goToEndOfCwd
            1C5C              1C5C  dir.prepCopy
            1C78              1C78  dir.copyPathLoop
            1C81              1C81  dir.lpPathseps
            1C8A              1C8A  dir.checkDot
            1C8E              1C8E  dir.store
            1C95              1C95  dir.dots
            1CB5              1CB5  dir.skipThisPathsep
            1CBA              1CBA  dir.twoDot
            1CCF              1CCF  dir.tdOk
            1D05              1D05  dir.exitPathCopy
            1D25              1D25  dir.skipOverwrite
            1D46              1D46  dir.notNull
            1D6A              1D6A  dir.wcSearchPattern
            1D8C              1D8C  dir.wcsp1
            1D94              1D94  dir.wcsp2
            1DAA              1DAA  dir.wcDefaultSearch
            1DEB              1DEB  dir.root
            1E00              1E00  ..@155._ret
            1E01              1E01  dir.searchForFile
            1E16              1E16  dir.findNext
            1E21              1E21  dir.dirNoMoreFiles
            1E35              1E35  dir.dirNoEndNewLine
            1E4D              1E4D  ..@156._ret
            1E4E              1E4E  dir.filesFound
            1E9A              1E9A  ..@157._ret
            1E9B              1E9B  dir.dirPrintFileData
            1EA2              1EA2  ..@159._base
            1F1D              1F1D  dir.dirPrintNotDir
            1F39              1F39  dir.dirPrintFileDT
            1F6D              1F6D  dir.widePrint
            1F7A              1F7A  dir.dirPrintNameExit
            1F8C              1F8C  ..@161._base
            1F8E              1F8E  ..@162._ret
            1F8F              1F8F  ..@161.a
            1FB2              1FB2  dir.dirPrnNoPag
            1FB9              1FB9  ..@163._ret
            1FBA              1FBA  chdir
            1FC3              1FC3  chdir.printCWD
            1FCD              1FCD  ..@164._ret
            1FCE              1FCE  chdir.printDiskCWD
            200F              200F  ..@165._ret
            2010              2010  chdir.changeDir
            2034              2034  ..@166._ret
            2035              2035  mkdir
            2070              2070  ..@168._base
            2072              2072  mkdir.badMake
            207E              207E  rmdir
            20B9              20B9  ..@170._base
            20BB              20BB  ..@171._ret
            20BC              20BC  ..@170.a
            20BC              20BC  rmdir.badRemove
            20C8              20C8  copy
            2156              2156  copy.badAlloc
            2162              2162  copy.okSize
            2170              2170  copy.bufOk
            21A8              21A8  copy.sd
            21C1              21C1  copy.noSwitch
            21C5              21C5  copy.ns1
            21D7              21D7  copy.noDestSwitch
            21DA              21DA  copy.noSwitchLp
            21F1              21F1  copy.se
            21F4              21F4  copy.destFnd
            2236              2236  copy.destEnd
            2244              2244  copy.srcLp
            2269              2269  copy.noSrcSw
            2295              2295  copy.noSameSrcDest
            22A6              22A6  copy.swSrcSwPost
            22CB              22CB  copy.swSrcSwPostExit
            22DC              22DC  copy.oneCp
            2305              2305  copy.srcEnd
            2339              2339  copy.notm3
            2366              2366  copy.srcStorWc
            2376              2376  copy.isSrcDir
            23A6              23A6  copy.srctpsp
            23BA              23BA  copy.checkDestDir
            23EF              23EF  copy.isDestDir
            243B              243B  copy.mod2
            2457              2457  copy.m2Wc
            247F              247F  copy.md2Lp
            24AC              24AC  copy.md2NameMake
            24B4              24B4  copy.noStore
            250A              250A  copy.md2Ok
            2529              2529  copy.mod1
            2546              2546  copy.mod1Lp
            258E              258E  copy.mod1Ok
            25A0              25A0  copy.copyDone
            25B9              25B9  copy.cdM3lp
            25D1              25D1  copy.cdPlus
            25E7              25E7  copy.cdNotM3
            260A              260A  ..@172._ret
            260B              260B  copy.prntFilespec
            2612              2612  ..@174._base
            2636              2636  ..@175._ret
            2637              2637  copy.doSwitch
            263D              263D  copy.doSwitchRev
            2653              2653  copy.cExit
            2655              2655  ..@176._ret
            2656              2656  copy.cB
            266B              266B  copy.cV
            266D              266D  ..@178._base
            2681              2681  copy.badBinCdevErr
            268A              268A  copy.rootDirFull
            2693              2693  copy.badSameFile
            269A              269A  copy.badExitCmn
            26A4              26A4  copy.badSrcFile
            26AE              26AE  copy.badExit
            26B8              26B8  copy.copyCleanup
            26DA              26DA  copy.skipFree
            26E2              26E2  ..@179._ret
            26E3              26E3  copyMain
            2757              2757  ..@180._ret
            2758              2758  copyMain.notFirstLost
            2764              2764  ..@181._ret
            2765              2765  copyMain.sameNameExit
            2767              2767  copyMain.badExit
            276F              276F  ..@182._ret
            2770              2770  copyMain.badExitNoSpace
            2774              2774  copyMain.notSameFile
            27B3              27B3  copyMain.prepCopy
            27BC              27BC  copyMain.copyLoop
            27E9              27E9  copyMain.doMod3BinCheck
            27F2              27F2  copyMain.doAscii
            2805              2805  copyMain.charDev
            2818              2818  copyMain.notAscii
            2848              2848  copyMain.exitCleanup
            2876              2876  copyMain.ecNoEOF
            2894              2894  copyMain.beSkipSource
            28A0              28A0  ..@184._base
            28A2              28A2  ..@185._ret
            28A3              28A3  ..@184.a
            28B3              28B3  ..@186._ret
            28B4              28B4  copyMain.getWriteHandle
            28C3              28C3  ..@187._ret
            28C4              28C4  copyMain.gwHProceed
            28E0              28E0  copyMain.openFile
            28E7              28E7  ..@189._base
            290A              290A  copyMain.gwHNoAscii
            2911              2911  ..@190._ret
            2912              2912  copyMain.createFile
            291B              291B  ..@192._base
            292D              292D  ..@193._ret
            292E              292E  copyParse
            293E              293E  copyParse.cp1
            295A              295A  copyParse.cpPlus
            296F              296F  copyParse.cpExit
            2976              2976  ..@194._ret
            2977              2977  copyParse.gotoVar
            298E              298E  copyParse.vexit
            2991              2991  ..@195._ret
            2992              2992  copyParse.skipVar
            29A4              29A4  erase
            29B6              29B6  erase.dirLp
            29FB              29FB  erase.wcScan
            2A0A              2A0A  erase.ynmsg
            2A25              2A25  ..@197._base
            2A27              2A27  ..@198._ret
            2A28              2A28  ..@197.a
            2A2F              2A2F  erase.endCount1
            2A34              2A34  erase.endCount
            2A47              2A47  erase.findFile
            2A65              2A65  erase.delNextFile
            2A89              2A89  ..@199._ret
            2A8A              2A8A  erase.noWildcard
            2ACB              2ACB  erase.delMain
            2AD2              2AD2  ..@201._base
            2AE1              2AE1  ..@202._ret
            2AE2              2AE2  date
            2AF3              2AF3  date.init
            2B03              2B03  date.noCur
            2B4F              2B4F  ..@204._base
            2B55              2B55  date.goDate
            2BA6              2BA6  date.writeDate
            2BC7              2BC7  ..@206._base
            2BC9              2BC9  ..@207._ret
            2BCA              2BCA  ..@206.a
            2BCA              2BCA  date.badDate
            2BDB              2BDB  date.us
            2C1B              2C1B  date.writeHop
            2C1D              2C1D  date.jpn
            2C67              2C67  date.doYear
            2C6C              2C6C  ..@209._base
            2C6E              2C6E  ..@210._ret
            2C6F              2C6F  ..@209.a
            2C83              2C83  ..@211._ret
            2C84              2C84  date.validSep
            2C87              2C87  ..@213._base
            2C8B              2C8B  ..@215._base
            2C8F              2C8F  ..@216._ret
            2C90              2C90  time
            2CA1              2CA1  time.init
            2CB1              2CB1  time.noCur
            2CDB              2CDB  ..@218._base
            2CE1              2CE1  time.goTime
            2D30              2D30  time.goSec
            2D58              2D58  time.goMsec
            2D6C              2D6C  time.setTime
            2D8D              2D8D  ..@220._base
            2D8F              2D8F  ..@221._ret
            2D90              2D90  ..@220.a
            2D90              2D90  time.badTime
            2DA1              2DA1  time.validsep
            2DA8              2DA8  ..@223._base
            2DAC              2DAC  ..@224._ret
            2DAD              2DAD  time.checkNum
            2DBA              2DBA  ..@225._ret
            2DBB              2DBB  time.cnbad
            2DBC              2DBC  ..@226._ret
            2DBD              2DBD  ctty
            2DFD              2DFD  ctty.noDrive
            2E09              2E09  ctty.loadSwap
            2E53              2E53  ..@227._ret
            2E54              2E54  ctty.badCharDev
            2E63              2E63  ..@228._ret
            2E64              2E64  cls
            2E8C              2E8C  cls.biosCheck
            2EA1              2EA1  cls.doAnsi
            2EAF              2EAF  cls.ansiLp
            2EB8              2EB8  ..@229._ret
            2EB9              2EB9  cls.biosConfirmed
            2EDC              2EDC  ..@230._ret
            2EDD              2EDD  break
            2F12              2F12  ..@231._ret
            2F13              2F13  break.argumentProvided
            2F3F              2F3F  break.maybeOn
            2F4A              2F4A  break.setBreak
            2F51              2F51  ..@232._ret
            2F52              2F52  break.badOnOff
            2F5D              2F5D  ..@233._ret
            2F5E              2F5E  verify
            2F93              2F93  ..@234._ret
            2F94              2F94  verify.argumentProvided
            2FC0              2FC0  verify.maybeOn
            2FCA              2FCA  verify.setVerify
            2FCE              2FCE  ..@235._ret
            2FCF              2FCF  verify.badOnOff
            2FDA              2FDA  ..@236._ret
            2FDB              2FDB  rename
            307C              307C  rename.curDrvSrc
            307F              307F  rename.destScan
            3140              3140  rename.noPath
            3156              3156  rename.wcLoop
            3183              3183  rename.wcNameMake
            318B              318B  rename.noStore
            31CD              31CD  ..@237._ret
            31CE              31CE  rename.noWC
            31FC              31FC  ..@239._base
            3203              3203  rename.ren
            3211              3211  ..@240._ret
            3212              3212  truename
            3244              3244  truename.writePath
            3262              3262  ..@241._ret
            3263              3263  volume
            3280              3280  volume.notCurrentDrive
            32B1              32B1  volume.dirEP
            32F4              32F4  volume.volIDOk
            330D              330D  volume.volEndPrint
            331C              331C  ..@242._ret
            331D              331D  version
            3343              3343  ..@243._ret
            3344              3344  version.printVersionNumber
            3360              3360  ..@244._ret
            3361              3361  memory
            337D              337D  memory.sysvarsOK
            338C              338C  memory.memLp
            339A              339A  memory.validMCB
            33B0              33B0  memory.notDOS
            33BF              33BF  memory.notFree
            33CE              33CE  memory.notHole
            33D1              33D1  memory.gotoNext
            33DD              33DD  memory.endOfWalk
            341E              341E  memory.skipHole
            348C              348C  ..@245._ret
            348D              348D  memory.mcbPrintAmount
            349F              349F  ..@246._ret
            34A0              34A0  memory.badMCBFound
            34B0              34B0  type
            3500              3500  type.noDrive
            3523              3523  type.lp
            3548              3548  type.exit
            354C              354C  ..@247._ret
            354D              354D  type.exitBad
            355C              355C  ..@249._base
            3563              3563  exit
            3579              3579  ..@250._ret
            357A              357A  exit.ouch
            3581              3581  ..@251._ret
            3582              3582  launchChild
            35B4              35B4  launchChild.pathLoop
            35C7              35C7  launchChild.extLp
            35FB              35FB  launchChild.extSrchLp
            3626              3626  launchChild.extFnd
            362D              362D  launchChild.extSrchFnd
            3697              3697  launchChild.pathHandle
            36CB              36CB  launchChild.pathGetEnv
            36F2              36F2  launchChild.pathRejoin
            371F              371F  launchChild.skipPathsep
            3743              3743  launchChild.pathReentry
            3755              3755  launchChild.prepAndSearch
            3774              3774  launchChild.notdriveRel
            378C              378C  ..@252._ret
            378D              378D  set
            37A7              37A7  set.findLp
            37AE              37AE  set.scanLp
            37C8              37C8  ..@254._base
            37CF              37CF  set.editEnv
            37EB              37EB  set.altEp
            3834              3834  set.editNewEnv
            3857              3857  set.reallocTry
            386B              386B  ..@256._base
            386D              386D  ..@257._ret
            386E              386E  ..@256.a
            3877              3877  set.reallocOk
            387E              387E  set.nameCp
            388C              388C  set.exitNameCp
            3896              3896  set.exitCp
            389A              389A  ..@258._ret
            389B              389B  set.delEnvVar
            38AA              38AA  set.delEnvVarSkip
            38AB              38AB  ..@259._ret
            38AC              38AC  pathEdit
            38E1              38E1  pathEdit.cpLp
            38F7              38F7  pathEdit.cpLpExit
            3904              3904  pathEdit.cpLpNoIntervene
            392D              392D  pathEdit.printPath
            395C              395C  pathEdit.noPathPrnt
            3968              3968  pathEdit.pathExit
            396F              396F  ..@260._ret
            3970              3970  pathEdit.skipPathDelimiters
            397B              397B  ..@261._ret
            397C              397C  pathEdit.isALPathDelimiter
            397E              397E  ..@263._base
            3982              3982  ..@265._base
            3986              3986  ..@267._base
            398A              398A  ..@268._ret
            398B              398B  prompt
            39C0              39C0  prompt.cp
            39CA              39CA  prompt.cpOk
            39D3              39D3  prompt.reset
            39DC              39DC  prompt.goSet
            39FB              39FB  echo
            3A2E              3A2E  echo.argGiven
            3A72              3A72  ..@269._ret
            3A73              3A73  echo.checkOff
            3AA5              3AA5  ..@270._ret
            3AA6              3AA6  echo.directEcho
            3AD7              3AD7  pauza
            3B08              3B08  pauza.echoTail
            3B20              3B20  ..@271._ret
            3B21              3B21  remark
            3B28              3B28  ..@273._base
            3B2A              3B2A  remark.go
            3B36              3B36  shift
            3B3D              3B3D  ..@275._base
            3B55              3B55  shift.lp
            3B5E              3B5E  ..@277._base
            3B79              3B79  ..@279._base
            3B82              3B82  ..@280._ret
            3B83              3B83  goto
            3B8A              3B8A  ..@282._base
            3B96              3B96  ..@284._base
            3BB5              3BB5  goto.startCopy
            3BCA              3BCA  goto.endCopy
            3BEA              3BEA  goto.notLabelLp
            3BFB              3BFB  goto.findLbl
            3C11              3C11  goto.loadRead
            3C3E              3C3E  goto.pullEol
            3C55              3C55  goto.lblDoneCR
            3C65              3C65  goto.lblDone
            3C96              3C96  goto.eof
            3CA7              3CA7  ..@285._ret
            3CA8              3CA8  goto.ucChars
            3CB2              3CB2  goto.ucclp
            3CC2              3CC2  ..@286._ret
            3CC3              3CC3  ifCmd
            3CFD              3CFD  ifCmd.chkErlvl
            3D29              3D29  ifCmd.scCheck
            3D45              3D45  ifCmd.scEqFnd
            3D52              3D52  ifCmd.cndHit
            3D59              3D59  ifCmd.cndMiss
            3D6B              3D6B  ..@288._base
            3D6D              3D6D  ..@289._ret
            3D6E              3D6E  ..@288.a
            3D7C              3D7C  ifCmd.cpExitLp
            3D93              3D93  ifCmd.exist
            3DAB              3DAB  ifCmd.errorLvl
            3DD3              3DD3  forCmd
            3E37              3E37  forCmd.findForLp
            3E99              3E99  forCmd.argCpy
            3EBD              3EBD  forCmd.inProgress
            3EDB              3EDB  forCmd.notEnd
            3EF9              3EF9  forCmd.argCpyEnd
            3F2D              3F2D  forCmd.forBadSynExit
            3F37              3F37  forProceed
            3F4C              3F4C  forProceed.longString
            3F6C              3F6C  forProceed.getNextListElement
            3F9B              3F9B  forProceed.useString
            3FA3              3FA3  forProceed.wcCheck
            3FB0              3FB0  forProceed.wcFnd
            3FB7              3FB7  forProceed.wcCheckEnd
            3FCE              3FCE  forProceed.searchAgain
            3FF1              3FF1  forProceed.ctnFor
            3FFF              3FFF  forProceed.copyCommand
            400F              400F  forProceed.ccLp
            4014              4014  forProceed.ccLp1
            4025              4025  forProceed.ccMeta
            4051              4051  forProceed.ccOk
            405C              405C  forProceed.ccLpEnd
            4068              4068  forEnd
            408E              408E  forPrintCmd
            40B9              40B9  forPrintCmd.exit
            40BA              40BA  ..@290._ret
            40BB              40BB  forFree
            40D1              40D1  forFree.exit
            40E3              40E3  ..@291._ret
            40E4              40E4  printDate
            4133              4133  ..@292._ret
            4134              4134  printDate.usDate
            4171              4171  ..@293._ret
            4172              4172  printDate.jpnDate
            41AF              41AF  ..@294._ret
            41B0              41B0  printDate.printFirst
            41BE              41BE  printDate.skipSpace
            41CB              41CB  ..@295._ret
            41CC              41CC  printDate.printSecond
            41DC              41DC  printDate.printYear
            41F9              41F9  printDate.twoDigitYear
            4209              4209  ..@296._ret
            420A              420A  printTime
            4227              4227  ..@297._ret
            4228              4228  printTime.ampm
            4241              4241  ..@298._ret
            4242              4242  printTime.pm
            4247              4247  printTime.pm2
            4257              4257  ..@299._ret
            4258              4258  printTime.printMinutes
            426C              426C  printTime.printMinutesAlt
            427C              427C  printTime.printHours
            428A              428A  printTime.skipSpace
            4297              4297  ..@300._ret
            4298              4298  printPrompt
            429F              429F  ..@302._base
            42B9              42B9  ..@303._ret
            42BA              42BA  printPrompt.validPrompt
            42C1              42C1  printPrompt.promptLp
            42C4              42C4  ..@305._base
            42D3              42D3  printPrompt.escapeChar
            42E5              42E5  printPrompt.escapeLp
            42F6              42F6  printPrompt.escapeFnd
            430A              430A  printCRLFecho
            4311              4311  ..@307._base
            4313              4313  printCRLF
            431A              431A  printString
            4321              4321  ..@308._ret
            4322              4322  putVersionInPrompt
            434F              434F  ..@309._ret
            4350              4350  putEscInPrompt
            4354              4354  putMoneyInPrompt
            4358              4358  putEquInPrompt
            435C              435C  putPipeInPrompt
            4360              4360  putGTinPrompt
            4364              4364  putLTinPrompt
            4368              4368  putBSPinPrompt
            4380              4380  ..@310._ret
            4381              4381  putDriveInPrompt
            438A              438A  outChar
            438E              438E  ..@311._ret
            438F              438F  putCWDInPrompt
            43E5              43E5  ..@312._ret
            43E6              43E6  putCWDInPrompt.badDrive
            43F2              43F2  printFmtTime
            443D              443D  ..@313._ret
            443E              443E  getTime
            445A              445A  ..@314._ret
            445B              445B  printFmtDate
            44CC              44CC  ..@315._ret
            44CD              44CD  hexToBCD
            44D3              44D3  hexToBCD.htb0
            44E3              44E3  hexToBCD.htb1
            44EA              44EA  printPackedBCD
            44FD              44FD  printPackedBCD.upperNybble
            450B              450B  printPackedBCD.lowerNybble
            4515              4515  ..@316._ret
            4516              4516  setDrive
            4521              4521  ..@317._ret
            4522              4522  getCurrentDrive
            4526              4526  ..@318._ret
            4527              4527  strcpy
            4535              4535  ..@319._ret
            4536              4536  strcpy2
            453F              453F  ..@320._ret
            4540              4540  strlen
            4549              4549  ..@321._ret
            454A              454A  ucChar
            4555              4555  ..@322._ret
            4556              4556  normalisePath
            4564              4564  ..@323._ret
            4565              4565  skipDelimiters
            4566              4566  skipDelimiters.l1
            456E              456E  skipDelimiters.exit
            4572              4572  ..@324._ret
            4573              4573  isALdelimiter
            4575              4575  ..@326._base
            4579              4579  ..@328._base
            457D              457D  ..@330._base
            4581              4581  ..@332._base
            4585              4585  ..@333._ret
            4586              4586  clearCommandState
            4596              4596  ..@334._ret
            4597              4597  clearCommandLineState
            45C7              45C7  clearCommandLineState.lp
            45D1              45D1  ..@335._ret
            45D2              45D2  asciiFilenameToFCB
            45EF              45EF  asciiFilenameToFCB.processName
            45FF              45FF  asciiFilenameToFCB.extSpace
            4608              4608  asciiFilenameToFCB.ext
            460C              460C  asciiFilenameToFCB.processExt
            4618              4618  asciiFilenameToFCB.exitBadChar
            461A              461A  asciiFilenameToFCB.exit
            461B              461B  ..@336._ret
            461C              461C  findLastPathComponant
            463A              463A  findLastPathComponant.exit
            463F              463F  ..@337._ret
            4640              4640  FCBToAsciiz
            4647              4647  FCBToAsciiz.scanNameSpace
            465A              465A  FCBToAsciiz.ext
            4667              4667  FCBToAsciiz.validExt
            4671              4671  FCBToAsciiz.scanExtSpace
            467C              467C  FCBToAsciiz.exit
            467F              467F  ..@338._ret
            4680              4680  cpDelimOrCtrlStringToBufz
            4683              4683  cpDelimOrCtrlStringToBufz.lp
            4692              4692  cpDelimOrCtrlStringToBufz.exit
            4695              4695  ..@339._ret
            4696              4696  cpDelimPathToBufz
            469D              469D  cpDelimPathToBufz.lp
            46B4              46B4  cpDelimPathToBufz.gotRedirPath
            46D5              46D5  cpDelimPathToBufz.notColon
            46D8              46D8  ..@340._ret
            46D9              46D9  buildCommandPath
            46F1              46F1  copyArgumentToSearchSpec
            46FD              46FD  ..@341._ret
            46FE              46FE  scanForWildcards
            4700              4700  scanForWildcards.lp
            470F              470F  scanForWildcards.exit
            4711              4711  ..@342._ret
            4712              4712  printDecimalValLB
            4737              4737  printDecimalValLB.skipLp
            4750              4750  printDecimalValLB.printLp
            475D              475D  printDecimalValLB.exit
            4760              4760  ..@343._ret
            4761              4761  printDecimalValLB.errPrint
            476C              476C  decimalise
            4776              4776  decimalise.lp
            478F              478F  decimalise.skipSep
            47AD              47AD  decimalise.exit
            47AE              47AE  ..@344._ret
            47AF              47AF  decimalise.exitErr
            47B2              47B2  printDecimalWord
            47C4              47C4  printDecimalWord.notZero
            47CB              47CB  printDecimalWord.mainLp
            47DD              47DD  printDecimalWord.goPrint
            47EA              47EA  ..@345._ret
            47EB              47EB  getDecimalWord
            47F4              47F4  getDecimalWord.dpfb0
            480A              480A  getDecimalWord.dpfb1
            4811              4811  ..@346._ret
            4812              4812  getByte
            481D              481D  ..@347._ret
            481E              481E  getNum
            4826              4826  getNum.lp
            4846              4846  getNum.exit
            4847              4847  getNum.exitBad
            484E              484E  ..@348._ret
            484F              484F  freezePC
            485A              485A  freezePC.altEP
            4865              4865  freezePC.lp
            486A              486A  setDTA
            487C              487C  ..@349._ret
            487D              487D  getDTA
            4884              4884  ..@350._ret
            4885              4885  resetNation
            48A2              48A2  resetNation.skipSwitch
            48B0              48B0  ..@351._ret
            48B1              48B1  resetIDTentries
            48DB              48DB  ..@352._ret
            48DC              48DC  makeAsciizAdv
            48E9              48E9  makeArgAsciz
            48FA              48FA  ..@353._ret
            48FB              48FB  getNextArg
            4903              4903  ..@355._base
            4910              4910  strcmp
            4917              4917  ..@356._ret
            4918              4918  cmpEnvVar
            491D              491D  cmpEnvVar.lp
            4930              4930  cmpEnvVar.exit
            4932              4932  ..@357._ret
            4933              4933  checkEnvGoodAndGet
            4949              4949  checkEnvGoodAndGet.pathNulScan
            495B              495B  checkEnvGoodAndGet.badExit
            4960              4960  ..@358._ret
            4961              4961  findEnvSpace
            496C              496C  ..@360._base
            4977              4977  findEnvSpace.endsearch
            498C              498C  ..@361._ret
            498D              498D  searchForEnvVar
            4997              4997  searchForEnvVar.varLp
            49B6              49B6  searchForEnvVar.varNotFound
            49B7              49B7  searchForEnvVar.varFound
            49BA              49BA  ..@362._ret
            49BB              49BB  envFree
            49C0              49C0  envFree.freeLp
            49C8              49C8  envFree.exitLp
            49D6              49D6  envFree.prepPullup
            49D9              49D9  envFree.pullUp
            49E4              49E4  envFree.cleanEnv
            49F3              49F3  ..@363._ret
            49F4              49F4  getFreeSpace
            4A0B              4A0B  ..@364._ret
            4A0C              4A0C  getEnvSize
            4A18              4A18  ..@365._ret
            4A19              4A19  getPtrToEndOfEnv
            4A25              4A25  getPtrToEndOfEnv.lp
            4A2D              4A2D  ..@366._ret
            4A2E              4A2E  growEnvBlock
            4A6D              4A6D  growEnvBlock.exit
            4A72              4A72  ..@367._ret
            4A73              4A73  growEnvBlock.tooLarge
            4A79              4A79  ctrlCHandler
            4A93              4A93  ctrlCHandler.notLoading
            4AA5              4AA5  ctrlCHandler.retFromDosCall
            4ABF              4ABF  ctrlCHandler.i23Bounce
            4AC4              4AC4  ctrlCHandler.inInt23
            4AC6              4AC6  ctrlCHandler.notNested
            4ADF              4ADF  ctrlCHandler.skipReset
            4AF6              4AF6  ctrlCHandler.ynLp
            4B28              4B28  ctrlCHandler.endBat
            4B32              4B32  ctrlCHandler.killBat
            4B39              4B39  ctrlCHandler.nestKill
            4B4A              4B4A  ctrlCHandler.notBat
            4B55              4B55  ctrlCHandler.exitBat
            4B5A              4B5A  ctrlCHandler.exit
            4B61              4B61  ctrlCHandler.exitIn
            4B65              4B65  critErrorHandler
            4BEB              4BEB  critErrorHandler.redirDefault
            4BF4              4BF4  critErrorHandler.shareErr
            4C02              4C02  critErrorHandler.driverErr
            4C29              4C29  critErrorHandler.redirDefProceed
            4C36              4C36  critErrorHandler.proceedNormalWrite
            4C83              4C83  critErrorHandler.userInput
            4C88              4C88  critErrorHandler.userAbort
            4C94              4C94  critErrorHandler.userRetry
            4CB1              4CB1  critErrorHandler.userIgnore
            4CCE              4CCE  critErrorHandler.userFail
            4CEB              4CEB  critErrorHandler.userMsgEnd
            4D0D              4D0D  critErrorHandler.uip1
            4D1F              4D1F  critErrorHandler.validInput
            4D32              4D32  critErrorHandler.viFail
            4D3D              4D3D  critErrorHandler.viIgnore
            4D48              4D48  critErrorHandler.viRetry
            4D51              4D51  critErrorHandler.cehExit
            4D5D              4D5D  critErrorHandler.charError
            4D70              4D70  critErrorHandler.ce1
            4D7E              4D7E  errSwapHdls
            4D9A              4D9A  ..@368._ret
            4D9B              4D9B  errRetHdls
            4DB7              4DB7  ..@369._ret
            4DB8              4DB8  getJftPtr
            4DCD              4DCD  ..@370._ret
            4DCE              4DCE  getJftPtr.pspJftExit
            4DD2              4DD2  ..@371._ret
            4DD3              4DD3  cmdLdrE

---- Section init -------------------------------------------------------------

Real              Virtual           Name
            4DD3              5C00  cmdLdr
            4DF1              5C1E  startInit
            4E04              5C31  startInit.exitBad
            4E06              5C33  startInit.okVersion
            4ECA              5CF7  startInit.noAutoexec
            4EF8              5D25  startInit.notMaster
            4F1E              5D4B  startInit.prepStart
            4F2A              5D57  startInit.singleCom
            4F3D              5D6A  parseCmdLine
            4F64              5D91  parseCmdLine.parseLp
            4F7D              5DAA  parseCmdLine.switch
            4FA1              5DCE  parseCmdLine.badparm
            4FAA              5DD7  parseCmdLine.file
            4FD2              5DFF  parseCmdLine.badSpec
            4FD9              5E06  parseCmdLine.bs0
            4FDE              5E0B  parseCmdLine.plhop
            4FE0              5E0D  parseCmdLine.charOrDir
            4FEE              5E1B  parseCmdLine.dir
            5013              5E40  parseCmdLine.charDev
            5043              5E70  parseCmdLine.plhop1
            5045              5E72  parseCmdLine.badChar
            504C              5E79  parseCmdLine.bs1
            504E              5E7B  parseCmdLine.switchEnv
            508E              5EBB  parseCmdLine.plhop2
            5090              5EBD  parseCmdLine.badEnv
            5099              5EC6  parseCmdLine.switchPerma
            50B4              5EE1  parseCmdLine.spEmbCr
            50BD              5EEA  parseCmdLine.switchStr
            50D0              5EFD  parseCmdLine.ssembCr
            50DC              5F09  parseCmdLine.ssLp
            50EA              5F17  parseCmdLine.ssOk
            50F1              5F1E  parseCmdLine.endScan
            510E              5F3B  parseCmdLine.esSkipPathsep
            5126              5F53  ..@378._base
            5128              5F55  ..@379._ret
            5129              5F56  ..@378.a
            5130              5F5D  ..@380._ret
            5131              5F5E  parseCmdLine.replacestdio
            5138              5F65  ..@382._base
            5146              5F73  doEnv
            5158              5F85  ..@384._base
            5180              5FAD  ..@385._ret
            5181              5FAE  doEnv.freeCurrentEnv
            5190              5FBD  ..@386._ret
            5191              5FBE  doEnv.prepNewEnv
            5196              5FC3  doEnv.noInitEnv
            51CE              5FFB  ..@387._ret
            51CF              5FFC  doEnv.allocEnv
            51E6              6013  doEnv.goAlloc
            51F6              6023  ..@389._base
            5209              6036  doEnv.cpEnv
            5210              603D  doEnv.lp
            521F              604C  ..@390._ret
            5220              604D  doEnv.notNul
            5224              6051  doEnv.err
            523B              6068  ..@391._ret
            523C              6069  getMasterEnv
            523E              606B  getMasterEnv.lp
            524C              6079  getMasterEnv.exit
            5252              607F  ..@392._ret
            5253              6080  initString
            5266              6093  initString2
            528C              60B9  badVerStr
            52A4              60D1  badCmdDir
            52CD              60FA  badEnvSz
            52E8              6115  initNewSpec
            52E9              6116  initNewDev
            52EA              6117  initEnvSz
            52EC              6119  endOfInitAlloc

---- Section bss --------------------------------------------------------------

Real              Virtual           Name
            4DD3              4DD3  returnCode
            4DD5              4DD5  int2Epsp
            4DDD              4DDD  int2Ersp
            4DE5              4DE5  int2Edta
            4DED              4DED  statFlg1
            4DEE              4DEE  bbPtr
            4DF6              4DF6  batFile
            4E45              4E45  ifFlg
            4E46              4E46  batCmdline
            4EC8              4EC8  forFlg
            4EC9              4EC9  pForBlk
            4ED1              4ED1  ctryData
            4EF7              4EF7  currDirStr
            4F3A              4F3A  cmdFcb
            4F4A              4F4A  cmdFFBlock
            4F75              4F75  launchBlock
            4F95              4F95  batCpyBuffer
            4F95              4F95  inBuffer
            5017              5017  batInBuffer
            5017              5017  cpyBuffer
            5099              5099  cmdBuffer
            511B              511B  cmdPathSpec
            516A              516A  cmdName
            5178              5178  rdrInFilespec
            51C7              51C7  rdrOutFilespec
            5216              5216  pipe1Filespec
            5265              5265  pipe2Filespec
            52B4              52B4  newPipe
            52BC              52BC  oldPipe
            52C4              52C4  searchSpec
            53C8              53C8  dirFlags
            53C9              53C9  dirLineCtr
            53CA              53CA  dirFileCtr
            53CE              53CE  dirDrv
            53CF              53CF  dirSrchDir
            5451              5451  dirSrchFCB
            5461              5461  td1
            5462              5462  td2
            5463              5463  td3
            5464              5464  td4
            5465              5465  delPath
            5465              5465  comspecDir
            5465              5465  srcSpec
            54E7              54E7  destSpec
            5569              5569  srcPtr
            5571              5571  destPtr
            5579              5579  renName
            5584              5584  pLastFspec
            558C              558C  pNextFspec
            5594              5594  verifyFlg
            5595              5595  sourceHdl
            5597              5597  destHdl
            5599              5599  srcHdlInfo
            559B              559B  cpBufPtr
            55A3              55A3  wCpBufSz
            55A5              55A5  dCpCnt
            55A9              55A9  bCpFlg
            55AA              55AA  envVarSz
            55AC              55AC  envVarNamSz

---- Section stack ------------------------------------------------------------

Real              Virtual           Name
            5BF0              5BF0  stackTop
            5C00              5C00  endOfAlloc

