
- NASM Map file ---------------------------------------------------------------

Source file:  command.asm
Output file:  ./Binaries/COMMAND.COM

-- Program origin -------------------------------------------------------------

00000000

-- Sections (summary) ---------------------------------------------------------

Vstart            Start             Stop              Length    Class     Name
               0                 0                 0  00000000  progbits  .text
               0                 0              4B4F  00004B4F  progbits  .data
            4B4F              4B4F              4DAA  0000025B  progbits  transient

-- Sections (detailed) --------------------------------------------------------

---- Section .text ------------------------------------------------------------

class:     progbits
length:                   0
start:                    0
align:     not defined
follows:   not defined
vstart:                   0
valign:    not defined
vfollows:  not defined

---- Section .data ------------------------------------------------------------

class:     progbits
length:                4B4F
start:                    0
align:                    1
follows:   not defined
vstart:                   0
valign:    not defined
vfollows:  not defined

---- Section transient --------------------------------------------------------

class:     progbits
length:                 25B
start:                 4B4F
align:                    1
follows:   .data
vstart:                4B4F
valign:    not defined
vfollows:  not defined

-- Symbols --------------------------------------------------------------------

---- No Section ---------------------------------------------------------------

Value     Name
00000000  dpb
00000000  dpb.bDriveNumber
00000001  dpb.bUnitNumber
00000002  dpb.wBytesPerSector
00000004  dpb.bMaxSectorInCluster
00000005  dpb.bSectorsPerClusterShift
00000006  dpb.wFAToffset
00000008  dpb.bNumberOfFATs
00000009  dpb.wNumberRootDirEntries
0000000B  dpb.dClusterHeapOffset
0000000F  dpb.dClusterCount
00000013  dpb.dFATlength
00000017  dpb.dFirstUnitOfRootDir
0000001B  dpb.qDriverHeaderPtr
00000023  dpb.bMediaDescriptor
00000024  dpb.bAccessFlag
00000025  dpb.qNextDPBPtr
0000002D  dpb.dFirstFreeCluster
00000031  dpb.dNumberOfFreeClusters
00000035  dpb_size
00000FF5  fat12MaxClustCnt
0000FFF5  fat16MaxClustCnt
00000000  cds
00000000  cds.sCurrentPath
00000043  cds.wFlags
00000045  cds.qDPBPtr
0000004D  cds.dStartCluster
00000051  cds.qIFSPtr
00000059  cds.dNetStore
0000005D  cds.wBackslashOffset
0000005F  cds_size
00008000  cdsRedirDrive
00004000  cdsValidDrive
00002000  cdsJoinDrive
00001000  cdsSubstDrive
00000080  cdsRdirLocDrive
00000000  sfth
00000000  sfth.qNextSFTPtr
00000008  sfth.wNumFiles
0000000A  sfth_size
00000000  sft
00000000  sft.wNumHandles
00000002  sft.wOpenMode
00000004  sft.bFileAttrib
00000005  sft.wDeviceInfo
00000007  sft.qPtr
0000000F  sft.dStartClust
00000013  sft.wTime
00000015  sft.wDate
00000017  sft.dFileSize
0000001B  sft.dCurntOff
0000001F  sft.dRelClust
00000023  sft.dAbsClusr
00000027  sft.qDirSect
0000002F  sft.bNumDirEnt
00000030  sft.sFileName
0000003B  sft.qSharePtr
00000043  sft.wMachNum
00000045  sft.qPSPOwner
0000004D  sft.wShareRec
0000004F  sft_size
00000000  ReadAccess
00000001  WriteAccess
00000002  RWAccess
00000000  CompatShare
00000010  denyRWShare
00000020  denyWriteShare
00000030  denyReadShare
00000040  denyNoneShare
00000070  netFCBShare
00000080  noInherit
00002000  diskFullFail
00004000  noBufferWrites
00008000  FCBopenedFile
00000001  readOnlyFile
00000002  hiddenFile
00000004  systemFile
00000008  volLabelFile
00000010  directoryFile
00000020  archiveFile
00000040  charFile
00000001  charDevConIn
00000002  charDevConOut
00000004  charDevNulDev
00000008  charDevClockDev
00000010  charDevFastOut
00000020  charDevBinary
00000040  charDevNoEOF
00000040  blokFileNoFlush
00000080  devCharDev
00000800  charDevNetSpool
00001000  devNoInherit
00002000  charDevNamePipe
00004000  blokNoDTonClose
00008000  devRedirDev
00000000  bufferHdr
00000000  bufferHdr.nextBufPtr
00000008  bufferHdr.wDrvNumFlg
00000008  bufferHdr.driveNumber
00000009  bufferHdr.bufferFlags
0000000A  bufferHdr.bufferLBA
00000012  bufferHdr.bufFATcopy
00000013  bufferHdr.bufFATsize
00000017  bufferHdr.driveDPBPtr
0000001F  bufferHdr.reserved
00000020  bufferHdr.dataarea
00000020  bufferHdr_size
00000001  dosBuffer
00000002  fatBuffer
00000004  dirBuffer
00000008  dataBuffer
00000020  refBuffer
00000040  dirtyBuffer
000000FF  freeBuffer
00000000  mcb
00000000  mcb.marker
00000001  mcb.owner
00000009  mcb.blockSize
0000000D  mcb.subSysMark
0000000E  mcb.reserved
00000010  mcb.program
00000010  mcb_size
00000007  mcbOwnerHole
00000000  mcbOwnerFree
00000008  mcbOwnerDOS
00000009  mcbOwnerNewDOS
0000004D  mcbMarkCtn
0000005A  mcbMarkEnd
00000044  mcbSubDriver
0000004C  mcbSubDrvExtra
00000050  mcbSubDrvDPB
00000049  mcbSubIFS
00000046  mcbSubFiles
00000058  mcbSubFCBS
00000042  mcbSubBuffers
0000004C  mcbSubCDS
00000053  mcbSubStacks
00000000  memFirstFit
00000001  memBestFit
00000002  memLastFit
00000000  callerFrame
00000000  callerFrame.rax
00000008  callerFrame.rbx
00000010  callerFrame.rcx
00000018  callerFrame.rdx
00000020  callerFrame.rsi
00000028  callerFrame.rdi
00000030  callerFrame.rbp
00000038  callerFrame.r8
00000040  callerFrame.r9
00000048  callerFrame.rip
00000050  callerFrame.cs
00000058  callerFrame.flags
00000060  callerFrame_size
00000000  dpl
00000000  dpl.rax
00000008  dpl.rbx
00000010  dpl.rcx
00000018  dpl.rdx
00000020  dpl.rsi
00000028  dpl.rdi
00000030  dpl.r8
00000038  dpl.r9
00000040  dpl.align
00000048  dpl.compID
00000050  dpl.procID
00000058  dpl_size
00000000  cfgFrame
00000000  cfgFrame.oldRBP
00000008  cfgFrame.newBuffers
00000010  cfgFrame.newSFTVal
00000018  cfgFrame.newFCBSVal
00000020  cfgFrame.newProtFCBSVal
00000028  cfgFrame.newLastdrive
00000030  cfgFrame.newStacks
00000038  cfgFrame.newStackSize
00000040  cfgFrame.cfgHandle
00000048  cfgFrame.lastLine
00000050  cfgFrame.linePtr
00000058  cfgFrame.driverBreak
00000060  cfgFrame.breakChar
00000068  cfgFrame_size
00000000  filename
00000000  filename.fName
00000008  filename.fExt
0000000B  filename_size
00000000  ffBlock
00000000  ffBlock.driveNum
00000001  ffBlock.template
0000000C  ffBlock.attrib
0000000D  ffBlock.dirOffset
00000011  ffBlock.parDirClus
00000015  ffBlock.attribFnd
00000016  ffBlock.fileTime
00000018  ffBlock.fileDate
0000001A  ffBlock.fileSize
0000001E  ffBlock.asciizName
0000002B  ffBlock_size
00000000  psp
00000000  psp.return
00000002  psp.allocSize
0000000A  psp.oldInt22h
00000012  psp.oldInt23h
0000001A  psp.oldInt24h
00000022  psp.parentPtr
0000002A  psp.externalJFTPtr
0000002A  psp.jobFileTbl
0000003E  psp.envPtr
00000046  psp.rspPtr
0000004E  psp.jftSize
00000050  psp.unixEntry
00000053  psp.prevPSP
0000005C  psp.cmdLineArgPtr
0000005C  psp.fcb1
0000006C  psp.fcb2
00000080  psp.dta
00000080  psp.parmList
00000081  psp.progTail
00000100  psp_size
00000014  dfltJFTsize
00000000  clkStruc
00000000  clkStruc.dateWord
00000002  clkStruc.minutes
00000003  clkStruc.hours
00000004  clkStruc.hseconds
00000005  clkStruc.seconds
00000006  clkStruc_size
00000000  extCtryStruc
00000000  extCtryStruc.infoIDCode
00000001  extCtryStruc.strucSize
00000003  extCtryStruc.ctryID
00000005  extCtryStruc.cpNumber
00000007  extCtryStruc.dtfmt
00000009  extCtryStruc.curr
0000000E  extCtryStruc.thouSep
00000010  extCtryStruc.dcmlSep
00000012  extCtryStruc.dateSep
00000014  extCtryStruc.timeSep
00000016  extCtryStruc.currFmt
00000017  extCtryStruc.digtdpt
00000018  extCtryStruc.timefmt
00000019  extCtryStruc.mapptr
00000021  extCtryStruc.dataSep
00000023  extCtryStruc.resv
0000002D  extCtryStruc_size
00000000  countryStruc
00000000  countryStruc.dtfmt
00000002  countryStruc.curr
00000007  countryStruc.thouSep
00000009  countryStruc.dcmlSep
0000000B  countryStruc.dateSep
0000000D  countryStruc.timeSep
0000000F  countryStruc.currFmt
00000010  countryStruc.digtdpt
00000011  countryStruc.timefmt
00000012  countryStruc.mapptr
0000001A  countryStruc.dataSep
0000001C  countryStruc.resv
00000026  countryStruc_size
00000000  critRead
00000001  critWrite
00000000  critDOS
00000002  critFAT
00000004  critDir
00000006  critData
00000008  critFailOK
00000010  critRetryOK
00000020  critIgnorOK
00000080  critCharDev
00000000  critIgnore
00000001  critRetry
00000002  critAbort
00000003  critFail
00000000  NUL
00000003  ETX
00000006  ACK
00000007  BEL
00000008  BSP
00000009  TAB
0000000A  LF
0000000D  CR
00000010  DLE
00000013  DC3
00000014  DC4
00000015  NAK
00000017  ETB
0000001A  EOF
0000001B  ESC
00000020  SPC
0000007F  DEL
00000020  asciiCaret
0000003B  eF1
0000003C  eF2
0000003D  eF3
0000003E  eF4
0000003F  eF5
00000040  eF6
00000041  eF7
0000004B  eCursL
0000004D  eCursR
00000052  eIns
00000053  eDel
0000001E  buffersDefault
00000014  filesDefault
00000004  fcbsDefault
00000000  safeFcbsDeflt
00000005  lastDriveDeflt
00000001  badChar
00000002  termChar
00000004  sepChar
00000008  badFCBChar
00000000  fcb
00000000  fcb.driveNum
00000001  fcb.filename
00000009  fcb.fileext
0000000C  fcb.curBlock
0000000E  fcb.recordSize
00000010  fcb.fileSize
00000014  fcb.fileDate
00000016  fcb.fileTime
00000018  fcb.sftNdx
00000019  fcb.fcbMode
0000001A  fcb.special
00000020  fcb.recordNum
00000021  fcb.randRecrd
00000025  fcb_size
00000000  exFcb
00000000  exFcb.extSig
00000001  exFcb.reserved
00000006  exFcb.attribute
00000007  exFcb.driveNum
00000008  exFcb.filename
00000010  exFcb.fileext
00000013  exFcb.curBlock
00000015  exFcb.recordSize
00000017  exFcb.fileSize
0000001B  exFcb.fileDate
0000001D  exFcb.fileTime
0000001F  exFcb.sftNdx
00000020  exFcb.fcbMode
00000021  exFcb.special
00000027  exFcb.recordNum
00000028  exFcb.randRecrd
0000002C  exFcb_size
00000000  renameFcb
00000000  renameFcb.driveNum
00000001  renameFcb.filename
00000009  renameFcb.fileext
0000000C  renameFcb.reserved
00000010  renameFcb.resDrvNum
00000011  renameFcb.newName
00000019  renameFcb.newExt
0000001C  renameFcb.reserved2
00000020  renameFcb_size
00000000  exRenFcb
00000000  exRenFcb.extSig
00000001  exRenFcb.res0
00000006  exRenFcb.attribute
00000007  exRenFcb.driveNum
00000008  exRenFcb.filename
00000010  exRenFcb.fileext
00000013  exRenFcb.reserved
00000017  exRenFcb.resDrvNum
00000018  exRenFcb.newName
00000020  exRenFcb.newExt
00000023  exRenFcb.reserved2
00000027  exRenFcb_size
00000080  fcbShareOn
00000040  fcbCharDev
00000040  fcbLocal
00000000  noShare
00000000  noShare.attribWord
00000001  noShare.startClust
00000003  noShare.dirSect
00000005  noShare.dirEntry
00000006  noShare_size
00000000  shareLocal
00000000  shareLocal.strtClust
00000002  shareLocal.shareSig
00000004  shareLocal.fileAttr
00000006  shareLocal_size
00000000  shareNet
00000000  shareNet.dirSect
00000002  shareNet.relClust
00000004  shareNet.absClust
00000006  shareNet_size
00000001  errInvFnc
00000002  errFnf
00000003  errPnf
00000004  errNhl
00000005  errAccDen
00000006  errBadHdl
00000007  errMCBbad
00000008  errNoMem
00000009  errMemAddr
0000000A  errBadEnv
0000000B  errBadFmt
0000000C  errAccCde
0000000D  errInvDat
0000000F  errBadDrv
00000010  errDelCD
00000011  errDevUnk
00000012  errNoFil
00000013  drvErrShft
00000013  errWpd
00000014  errUnkUnt
00000015  errDrvNR
00000016  errUnkCmd
00000017  errCRCerr
00000018  errBadRLn
00000019  errSekErr
0000001A  errUnkMed
0000001B  errSecNF
0000001C  errNoPap
0000001D  errWF
0000001E  errRF
0000001F  errGF
00000020  errShrVio
00000021  errLokVio
00000022  errIDC
00000023  errNoFCB
00000024  errShrFul
00000032  errNoNet
00000050  errFilExist
00000052  errDirExist
00000053  errFI24
00000054  errRedir
00000055  errDupRedir
00000056  errBadPass
00000057  errBadParam
00000058  errNetWrite
00000001  eLocUnk
00000002  eLocDsk
00000003  eLocNet
00000004  eLocChr
00000005  eLocMem
00000001  eActRet
00000002  eActDRet
00000003  eActUsr
00000004  eActAbt
00000005  eActKil
00000006  eActIgn
00000007  eActRetUsr
00000001  eClsOoR
00000002  eClsTS
00000003  eClsAuth
00000004  eClsInt
00000005  eClsHrdFlt
00000006  eClsSysFlt
00000007  eClsAppFlt
00000008  eClsNotFnd
00000009  eClsBadFmt
0000000A  eClsLocked
0000000B  eClsMedia
0000000C  eClsClash
0000000D  eClsUnk
00000082  cmdBufferL
00000002  driveSpecL
00000040  dirPathL
0000000B  fcbNameL
0000000C  filenameL
0000000D  fileNameZL
00000042  fullDirPathL
00000043  fullDirPathZL
0000004F  fileSpecZL
0000000E  cmdNameL
0000005C  fcb1
0000006C  fcb2
00000080  cmdTail
00000080  cmdLineCnt
00000081  cmdLine
00000000  batBlockHdr
00000000  batBlockHdr.zero
00000001  batBlockHdr.bEchoFlg
00000002  batBlockHdr.pCallBlk
0000000A  batBlockHdr.pForBlk
00000012  batBlockHdr.bBatFlg
00000013  batBlockHdr.dBatOffLo
00000017  batBlockHdr.dBatOffHi
0000001B  batBlockHdr.wArgs
0000002F  batBlockHdr.cmdLine
0000002F  batBlockHdr_size
FFFFFFFFFFFFFFFF  bbNoParam
00000000  bbNull
00000001  bbEchoOn
00000000  bbEchoOff
000000B2  bbMaxAlloc
00000040  batNoEchoChar
00000000  drvHdr
00000000  drvHdr.nxtPtr
00000008  drvHdr.attrib
0000000A  drvHdr.strPtr
00000012  drvHdr.intPtr
0000001A  drvHdr.drvNam
00000022  drvHdr_size
00000000  execProg
00000000  execProg.pEnv
00000008  execProg.pCmdLine
00000010  execProg.pfcb1
00000018  execProg.pfcb2
00000020  execProg_size
00000001  dirReadOnly
00000002  dirHidden
00000004  dirSystem
00000008  dirVolumeID
00000010  dirDirectory
00000020  dirArchive
00000040  dirCharDev
0000000F  dirLongName
00000016  dirInclusive
00000006  dirIncFiles
00000001  inCritical
00000002  inCtrlC
00000004  inSingle
00000008  inBatch
00000010  batchEOF
00000040  inLdrDT
00000080  inLdr
00000007  cmdStateL
00000012  cmdLineStateL
00000080  inBufferL
00000001  dirWideType
00000002  dirPageType
00000004  dirFileType
00000001  ascSrc
00000002  binSrc
00000004  ascDes
00000008  wcSrc
00000010  oneDest
00000020  mod1Cpy
00000040  mod2Cpy
00000080  mod3Cpy
00000017  pipeErrMsgL
00000013  redirErrMsgL
00000010  autoSpecL
0000001E  menv_len
0000000C  join.joinPathL
0000000C  subst.substPathL
00000027  pTblL
00000640  stackSize


---- Section .data ------------------------------------------------------------

Real              Virtual           Name
               0                 0  startLbl
               5                 5  stackTop
               D                 D  returnCode
               F                 F  pspPtr
              17                17  realParent
              1F                1F  sysVars
              27                27  numHdls
              29                29  pathSep
              2A                2A  switchChar
              2B                2B  permaSwitch
              2C                2C  parentInt22
              34                34  ctryData
              5A                5A  currDirStr
              9D                9D  statFlg1
              9E                9E  echoFlg
              9F                9F  errHdls
              A1                A1  cmdLineStatePtr
              A1                A1  pipeFlag
              A2                A2  pipeSTDIN
              A4                A4  pipeSTDOUT
              A6                A6  redirIn
              A7                A7  redirOut
              A8                A8  redirSTDIN
              AA                AA  redirSTDOUT
              AC                AC  cmdStatePtr
              AC                AC  arg1Flg
              AD                AD  arg1Off
              AE                AE  arg1FCBret
              AF                AF  arg2Flg
              B0                B0  arg2Off
              B1                B1  arg2FCBret
              B2                B2  switchFnd
              B3                B3  bbPtr
              BB                BB  batFile
             10A               10A  batYNstr
             10E               10E  cmdFcb
             11E               11E  cmdFFBlock
             149               149  launchBlock
             169               169  inBuffer
             1EB               1EB  cpyBuffer
             26D               26D  cmdBuffer
             2EF               2EF  cmdPathSpec
             33E               33E  cmdName
             34C               34C  rdrInFilespec
             39B               39B  rdrOutFilespec
             3EA               3EA  pipe1Filespec
             439               439  pipe2Filespec
             488               488  newPipe
             490               490  oldPipe
             498               498  searchSpec
             59C               59C  dirFlags
             59D               59D  dirLineCtr
             59E               59E  dirFileCtr
             5A2               5A2  dirDrv
             5A3               5A3  dirSrchDir
             625               625  dirSrchFCB
             635               635  volFcb
             635               635  ..@78.strucstart
             661               661  td1
             662               662  td2
             663               663  td3
             664               664  td4
             665               665  delPath
             665               665  srcSpec
             6E7               6E7  destSpec
             769               769  srcPtr
             771               771  destPtr
             779               779  renName
             784               784  verifyFlg
             785               785  sourceHdl
             787               787  destHdl
             789               789  srcHdlInfo
             78B               78B  cpBufPtr
             793               793  wCpBufSz
             795               795  dCpCnt
             799               799  bCpFlg
             79A               79A  envVarSz
             79C               79C  envVarNamSz
             79E               79E  functionTable
             8A9               8A9  crlf
             8AC               8AC  crlf2
             8B1               8B1  badBat
             8C8               8C8  needBat
             906               906  batFail
             924               924  badCmd
             93F               93F  dupName
             956               956  fnfMsg
             967               967  noSpace
             981               981  noEnvSpace
             99C               99C  fulRootDir
             9B2               9B2  noSelfCopy
             9D6               9D6  filLostErr
             A00               A00  copyOk
             A12               A12  cpNoMem
             A2F               A2F  dirOk
             A39               A39  bytesOk
             A47               A47  dirLbl
             A50               A50  badDrv
             A6E               A6E  pauseMes
             A8D               A8D  badParm
             AA1               AA1  dayName
             AB6               AB6  badDate
             AC5               AC5  curDate
             AD6               AD6  newDate
             AE8               AE8  usDate
             AF5               AF5  ukDate
             B02               B02  jpDate
             B0F               B0F  badTime
             B1E               B1E  curTime
             B2F               B2F  newTime
             B42               B42  ynMes
             B57               B57  dosVer
             B69               B69  volMes
             B7B               B7B  volOk
             B80               B80  volNo
             B8E               B8E  badDir
             BA2               BA2  badMD
             BBF               BBF  badRD
             BF6               BF6  dirMain
             C06               C06  noPath
             C0F               C0F  accDenMsg
             C1F               C1F  badDrvMsg
             C40               C40  badDev
             C51               C51  badLbl
             C63               C63  syntaxErr
             C72               C72  forNest
             C8A               C8A  pipeErr
             CB0               CB0  binDevErr
             CD7               CD7  offMes
             CDD               CDD  onMes
             CE2               CE2  breakIs
             CEC               CEC  verifyIs
             CF7               CF7  echoIs
             D00               D00  badSpec
             D1C               D1C  badArgs
             D3B               D3B  devWriteErr
             D52               D52  backSpace
             D56               D56  noMemMsg
             D79               D79  memSys
             D9F               D9F  memDOS
             DC5               DC5  memApp
             DEB               DEB  memHole
             E11               E11  memFree
             E37               E37  memByte
             E3E               E3E  memBad0
             E64               E64  memBad1
             E7E               E7E  memBad2
             E8D               E8D  memBad3
             E9D               E9D  pipeErrMsg
             EB4               EB4  redirErrMsg
             EC7               EC7  ansiCls
             ECB               ECB  fourSpc
             ED0               ED0  threeSpc
             ED4               ED4  twoSpc
             ED7               ED7  badOnOff
             EF0               EF0  promptEVar
             EF8               EF8  extStr
             F01               F01  conName
             F05               F05  autoSpec
             F15               F15  errorMsgTable
             FFF               FFF  errMsg0Fh
            1012              1012  vol0Fh
            1020              1020  drvMsg
            1027              1027  readMsg
            1036              1036  writeMsg
            1045              1045  abortMsg
            104B              104B  ignoreMsg
            1052              1052  retryMsg
            1058              1058  failMsg
            105D              105D  betweenMsg
            1060              1060  endMsg
            1063              1063  i24Resp
            1067              1067  masterEnv
            1067              1067  comspecEvar
            106F              106F  comspecEvar.cspec
            107E              107E  pathEVar
            1085              1085  commandStart
            10BF              10BF  commandMain
            10CB              10CB  commandMain.inputMain
            10E3              10E3  commandMain.inputGetAgain
            10E8              10E8  commandMain.inputGetCmdlineAgain
            1116              1116  commandMain.batProceed
            114A              114A  commandMain.pipeLoop
            1165              1165  commandMain.okRet
            11A0              11A0  makeCmdBuffer
            11AC              11AC  makeCmdBuffer.countQuotes
            11B8              11B8  makeCmdBuffer.notQuoteToCount
            11C6              11C6  makeCmdBuffer.getChar
            11CF              11CF  makeCmdBuffer.searchForClosingQuote
            11D9              11D9  makeCmdBuffer.notQuote
            11E4              11E4  makeCmdBuffer.pipeHandle
            11EA              11EA  makeCmdBuffer.notRedir
            11F3              11F3  makeCmdBuffer.exit
            11F9              11F9  ..@86._ret
            11FA              11FA  makeCmdString
            1206              1206  makeCmdString.countQuotes
            1212              1212  makeCmdString.notQuoteToCount
            1220              1220  makeCmdString.getChar
            1229              1229  makeCmdString.searchForClosingQuote
            1233              1233  makeCmdString.notQuote
            123C              123C  makeCmdString.notPipe
            1245              1245  makeCmdString.exit
            1252              1252  ..@87._ret
            1253              1253  analyseCmdline
            1278              1278  analyseCmdline.noSwitchFnd
            1280              1280  ..@89._base
            1285              1285  analyseCmdline.plp
            129B              129B  analyseCmdline.trailingDotLp
            12A6              12A6  analyseCmdline.noTrailingDots
            12D2              12D2  analyseCmdline.delimfnd
            12D5              12D5  analyseCmdline.notPs
            131F              131F  analyseCmdline.skipArg
            1356              1356  analyseCmdline.setupCmdVars
            1380              1380  analyseCmdline.cpCmdName
            138B              138B  ..@90._ret
            138C              138C  analyseCmdline.skipAndCheckCR
            1394              1394  ..@91._ret
            1395              1395  analyseCmdline.exitBad
            139C              139C  ..@92._ret
            139D              139D  analyseCmdline.exitBadDrv
            13A9              13A9  ..@93._ret
            13AA              13AA  doCommandLine
            13CB              13CB  ..@95._base
            13F9              13F9  ..@97._base
            1400              1400  doCommandLine.noDriveSpecified
            1451              1451  ..@99._base
            1453              1453  ..@100._ret
            1454              1454  ..@99.a
            1472              1472  doCommandLine.executeInternal
            1491              1491  doCommandLine.executeInternal2
            1498              1498  doCommandLine.nextEntry
            14DD              14DD  doCommandLine.gotoNextEntry
            14E9              14E9  appRet
            151E              151E  hardSynErr
            1528              1528  redirFailure
            1536              1536  pipeFailure
            1542              1542  redirPipeFailureCommon
            154E              154E  redirPipeFailureCommon.noPrint
            1558              1558  cleanupRedirs
            15F9              15F9  cleanupRedirs.checkOld
            160C              160C  cleanupRedirs.pipeNamesComplete
            1628              1628  ..@101._ret
            1629              1629  cleanupRedirs.closeHandle
            162F              162F  ..@103._base
            1638              1638  ..@104._ret
            1639              1639  cleanupRedirs.closeAndReplace
            1643              1643  ..@106._base
            165E              165E  ..@108._base
            1673              1673  ..@109._ret
            1674              1674  cleanRedirOut
            167D              167D  ..@111._base
            16BA              16BA  ..@112._ret
            16BB              16BB  advanceRedir
            174C              174C  ..@113._ret
            174D              174D  advanceRedir.redirIn
            1789              1789  advanceRedir.redirOut
            1790              1790  ..@115._base
            17D1              17D1  ..@116._ret
            17D2              17D2  advanceRedir.pipeOut
            17DE              17DE  ..@118._base
            1854              1854  ..@119._ret
            1855              1855  peelRedir
            1864              1864  peelRedir.redirExit
            1866              1866  ..@120._ret
            1867              1867  peelRedir.inputRedir
            1875              1875  peelRedir.redirCommon
            1886              1886  peelRedir.outputRedir
            189B              189B  peelRedir.notDouble
            18A4              18A4  peelRedir.pipeSetup
            18B2              18B2  peelRedir.badFnd
            18B6              18B6  setupRedirandPipes
            18D8              18D8  setupRedirandPipes.pathFound
            1940              1940  setupRedirandPipes.redirIn
            1992              1992  setupRedirandPipes.redirOut
            1999              1999  ..@122._base
            199B              199B  ..@123._ret
            199C              199C  ..@122.a
            19A3              19A3  ..@125._base
            19DD              19DD  setupRedirandPipes.fileExists
            1A06              1A06  ..@127._base
            1A1E              1A1E  ..@128._ret
            1A1F              1A1F  pullCommandline
            1A26              1A26  pullCommandline.pctSkipLeading
            1A57              1A57  pullCommandline.pctPullChars
            1A61              1A61  pullCommandline.pctExit
            1A68              1A68  ..@129._ret
            1A69              1A69  getSetMainState
            1A86              1A86  ..@130._ret
            1A87              1A87  int2Eh
            1ABB              1ABB  batLaunch
            1AD3              1AD3  batLaunch.bbAlloced
            1B2F              1B2F  batLaunch.bbFndLp
            1B54              1B54  batLaunch.bbFndLp2
            1B63              1B63  batLaunch.bbArgsDone
            1B8C              1B8C  batLaunch.bbRelPath
            1BC7              1BC7  batLaunch.bbRelPathOk
            1BD9              1BD9  batLaunch.bbCDrvAbs
            1BE6              1BE6  batLaunch.bbdrvGiven
            1BF4              1BF4  batLaunch.bbCpName
            1C20              1C20  batLaunch.bbCheckEndOfCmdLine
            1C23              1C23  ..@132._base
            1C25              1C25  ..@133._ret
            1C26              1C26  ..@132.a
            1C29              1C29  ..@134._ret
            1C2A              1C2A  batFinish
            1C34              1C34  batNextLine
            1C44              1C44  batNextLine.batOpen
            1C62              1C62  batNextLine.batOpened
            1C88              1C88  batNextLine.readlp
            1CB6              1CB6  batNextLine.endOfBat
            1CD0              1CD0  batNextLine.endOfLineCr
            1CDE              1CDE  batNextLine.endOfLine
            1D22              1D22  batNextLine.noEcho
            1D2C              1D2C  batNextLine.noEchoPull
            1D4C              1D4C  batNextLine.closeBat
            1D53              1D53  ..@135._ret
            1D54              1D54  batNextLine.readChar
            1D62              1D62  ..@137._base
            1D6B              1D6B  ..@138._ret
            1D6C              1D6C  batExpandVar
            1D6C              1D6C  ..@139._ret
            1D6D              1D6D  batCleanup
            1DA2              1DA2  ..@140._ret
            1DA3              1DA3  badDiskFull
            1DC8              1DC8  badNoMemError
            1DD1              1DD1  badSyntaxError
            1DDA              1DDA  badEnvSpaceError
            1DE3              1DE3  badAccError
            1DEC              1DEC  badParamError
            1DF5              1DF5  badDriveError
            1DFE              1DFE  badArgError
            1E07              1E07  badFileError
            1E10              1E10  badDupFnf
            1E19              1E19  badFnf
            1E22              1E22  badDirError
            1E29              1E29  badCmn
            1E2E              1E2E  badCmdError
            1E37              1E37  dir
            1E88              1E88  dir.scanNew
            1EAD              1EAD  dir.notWide
            1EBE              1EBE  dir.notSwitch
            1EDF              1EDF  dir.scanDone
            1F20              1F20  dir.currentDrv
            1F2B              1F2B  dir.dirPrintVol
            1F73              1F73  dir.goToEndOfCwd
            1F7C              1F7C  dir.prepCopy
            1F98              1F98  dir.copyPathLoop
            1FA1              1FA1  dir.lpPathseps
            1FAA              1FAA  dir.checkDot
            1FAE              1FAE  dir.store
            1FB5              1FB5  dir.dots
            1FD5              1FD5  dir.skipThisPathsep
            1FDA              1FDA  dir.twoDot
            1FEF              1FEF  dir.tdOk
            2025              2025  dir.exitPathCopy
            2045              2045  dir.skipOverwrite
            2066              2066  dir.notNull
            208F              208F  dir.wcSearchPattern
            20B1              20B1  dir.wcsp1
            20B9              20B9  dir.wcsp2
            20CF              20CF  dir.wcDefaultSearch
            2110              2110  dir.root
            2125              2125  ..@141._ret
            2126              2126  dir.searchForFile
            2140              2140  dir.findNext
            214B              214B  dir.dirNoMoreFiles
            215F              215F  dir.dirNoEndNewLine
            2177              2177  ..@142._ret
            2178              2178  dir.filesFound
            21D4              21D4  ..@143._ret
            21D5              21D5  dir.dirPrintFileData
            21DC              21DC  ..@145._base
            2251              2251  dir.dirPrintNotDir
            226E              226E  dir.dirPrintFileSizePrep
            2286              2286  dir.dirPrintFileSize
            2287              2287  dir.dirPrintFileSizeLoop
            22A0              22A0  dir.dirPrintFileDT
            22DA              22DA  dir.widePrint
            22E7              22E7  dir.dirPrintNameExit
            22F9              22F9  ..@147._base
            22FB              22FB  ..@148._ret
            22FC              22FC  ..@147.a
            231F              231F  dir.dirPrnNoPag
            2326              2326  ..@149._ret
            2327              2327  chdir
            2330              2330  chdir.printCWD
            233A              233A  ..@150._ret
            233B              233B  chdir.printDiskCWD
            237C              237C  ..@151._ret
            237D              237D  chdir.changeDir
            23A1              23A1  ..@152._ret
            23A2              23A2  mkdir
            23DD              23DD  ..@154._base
            23DF              23DF  mkdir.badMake
            23EB              23EB  rmdir
            2426              2426  ..@156._base
            2428              2428  ..@157._ret
            2429              2429  ..@156.a
            2429              2429  rmdir.badRemove
            2435              2435  copy
            24C8              24C8  copy.badAlloc
            24D4              24D4  copy.okSize
            24E2              24E2  copy.bufOk
            2507              2507  copy.sd
            2520              2520  copy.noSwitch
            2524              2524  copy.ns1
            2536              2536  copy.noDestSwitch
            2539              2539  copy.noSwitchLp
            2550              2550  copy.se
            2553              2553  copy.destFnd
            2595              2595  copy.destEnd
            25A3              25A3  copy.srcLp
            25C8              25C8  copy.noSrcSw
            25F4              25F4  copy.noSameSrcDest
            2605              2605  copy.swSrcSwPost
            262A              262A  copy.swSrcSwPostExit
            263B              263B  copy.oneCp
            2664              2664  copy.srcEnd
            26A8              26A8  copy.srcStorWc
            26B8              26B8  copy.isSrcDir
            26E8              26E8  copy.srctpsp
            26FC              26FC  copy.checkDestDir
            2731              2731  copy.isDestDir
            277D              277D  copy.mod2
            2799              2799  copy.m2Wc
            27C1              27C1  copy.md2Lp
            27EE              27EE  copy.md2NameMake
            27F6              27F6  copy.noStore
            284C              284C  copy.md2Ok
            2867              2867  copy.mod1
            2884              2884  copy.mod1Lp
            28CC              28CC  copy.mod1Ok
            28DE              28DE  copy.copyDone
            2902              2902  ..@158._ret
            2903              2903  copy.prntFilespec
            290A              290A  ..@160._base
            292E              292E  ..@161._ret
            292F              292F  copy.doSwitch
            2935              2935  copy.doSwitchRev
            294B              294B  copy.cExit
            294D              294D  ..@162._ret
            294E              294E  copy.cB
            2963              2963  copy.cV
            2965              2965  ..@164._base
            2979              2979  copy.badBinCdevErr
            2982              2982  copy.rootDirFull
            298B              298B  copy.badSameFile
            2992              2992  copy.badExitCmn
            299C              299C  copy.badSrcFile
            29A6              29A6  copy.badExit
            29B0              29B0  copy.copyCleanup
            29D2              29D2  copy.skipFree
            29DA              29DA  ..@165._ret
            29DB              29DB  copyMain
            2A12              2A12  copyMain.badExit
            2A1A              2A1A  ..@166._ret
            2A1B              2A1B  copyMain.badExitNoSpace
            2A1F              2A1F  copyMain.notSameFile
            2A5E              2A5E  copyMain.prepCopy
            2A67              2A67  copyMain.copyLoop
            2A9C              2A9C  copyMain.notAscii
            2AC8              2AC8  copyMain.exitCleanup
            2AF6              2AF6  copyMain.ecNoEOF
            2B14              2B14  copyMain.beSkipSource
            2B20              2B20  ..@168._base
            2B22              2B22  ..@169._ret
            2B23              2B23  ..@168.a
            2B33              2B33  ..@170._ret
            2B34              2B34  copyMain.getWriteHandle
            2B43              2B43  ..@171._ret
            2B44              2B44  copyMain.gwHProceed
            2B67              2B67  ..@173._base
            2B8A              2B8A  copyMain.gwHNoAscii
            2B91              2B91  ..@174._ret
            2B92              2B92  copyMain.createFile
            2B9B              2B9B  ..@176._base
            2BAD              2BAD  ..@177._ret
            2BAE              2BAE  erase
            2BC5              2BC5  erase.dirLp
            2C0A              2C0A  erase.wcScan
            2C19              2C19  erase.ynmsg
            2C34              2C34  ..@179._base
            2C36              2C36  ..@180._ret
            2C37              2C37  ..@179.a
            2C3E              2C3E  erase.endCount1
            2C43              2C43  erase.endCount
            2C56              2C56  erase.findFile
            2C74              2C74  erase.delNextFile
            2C98              2C98  ..@181._ret
            2C99              2C99  erase.noWildcard
            2CDA              2CDA  erase.delMain
            2CE1              2CE1  ..@183._base
            2CF0              2CF0  ..@184._ret
            2CF1              2CF1  date
            2D12              2D12  date.noCur
            2D5E              2D5E  ..@186._base
            2D64              2D64  date.goDate
            2DB5              2DB5  date.writeDate
            2DD6              2DD6  ..@188._base
            2DD8              2DD8  ..@189._ret
            2DD9              2DD9  ..@188.a
            2DD9              2DD9  date.badDate
            2DEA              2DEA  date.us
            2E2A              2E2A  date.writeHop
            2E2C              2E2C  date.jpn
            2E76              2E76  date.doYear
            2E7B              2E7B  ..@191._base
            2E7D              2E7D  ..@192._ret
            2E7E              2E7E  ..@191.a
            2E92              2E92  ..@193._ret
            2E93              2E93  date.validSep
            2E96              2E96  ..@195._base
            2E9A              2E9A  ..@197._base
            2E9E              2E9E  ..@198._ret
            2E9F              2E9F  time
            2EC0              2EC0  time.noCur
            2EEA              2EEA  ..@200._base
            2EF0              2EF0  time.goTime
            2F3B              2F3B  time.goSec
            2F63              2F63  time.goMsec
            2F77              2F77  time.setTime
            2F98              2F98  ..@202._base
            2F9A              2F9A  ..@203._ret
            2F9B              2F9B  ..@202.a
            2F9B              2F9B  time.badTime
            2FAC              2FAC  time.validsep
            2FB3              2FB3  ..@205._base
            2FB7              2FB7  ..@206._ret
            2FB8              2FB8  time.checkNum
            2FC5              2FC5  ..@207._ret
            2FC6              2FC6  time.cnbad
            2FC7              2FC7  ..@208._ret
            2FC8              2FC8  ctty
            3008              3008  ctty.noDrive
            3052              3052  ..@209._ret
            3053              3053  ctty.badCharDev
            3062              3062  ..@210._ret
            3063              3063  cls
            3086              3086  cls.biosCheck
            3099              3099  cls.biosConfirmed
            30BC              30BC  ..@211._ret
            30BD              30BD  cls.doAnsi
            30CB              30CB  cls.ansiLp
            30D4              30D4  ..@212._ret
            30D5              30D5  break
            310A              310A  ..@213._ret
            310B              310B  break.argumentProvided
            3137              3137  break.maybeOn
            3142              3142  break.setBreak
            3149              3149  ..@214._ret
            314A              314A  break.badOnOff
            3155              3155  ..@215._ret
            3156              3156  verify
            318B              318B  ..@216._ret
            318C              318C  verify.argumentProvided
            31B8              31B8  verify.maybeOn
            31C2              31C2  verify.setVerify
            31C6              31C6  ..@217._ret
            31C7              31C7  verify.badOnOff
            31D2              31D2  ..@218._ret
            31D3              31D3  rename
            3235              3235  rename.destScan
            32EE              32EE  rename.noPath
            3309              3309  rename.wcLoop
            3336              3336  rename.wcNameMake
            333E              333E  rename.noStore
            3389              3389  ..@219._ret
            338A              338A  rename.noWC
            33BC              33BC  ..@221._base
            33C3              33C3  touch
            33E7              33E7  touch.touchClose
            3403              3403  ..@222._ret
            3404              3404  touch.touch1
            3411              3411  touch.touchError
            3426              3426  join
            342F              342F  join.joindisable
            346C              346C  join.okJoin
            34B1              34B1  join.joinExit
            34B8              34B8  ..@223._ret
            34B9              34B9  join.joinEnableMsg
            34CA              34CA  join.joinDisableMsg
            34DC              34DC  join.joinOn
            34DD              34DD  join.joinPath
            34E9              34E9  subst
            34F2              34F2  subst.substdisable
            3535              3535  subst.okSubst
            3596              3596  subst.substExit
            359D              359D  ..@224._ret
            359E              359E  subst.substEnableMsg
            35B0              35B0  subst.substDisableMsg
            35C3              35C3  subst.substOn
            35C4              35C4  subst.substPath
            35D0              35D0  truename
            3602              3602  truename.writePath
            3620              3620  ..@225._ret
            3621              3621  label
            362F              362F  ..@226._ret
            3630              3630  label.l1
            364B              364B  mklbl
            3659              3659  ..@227._ret
            365A              365A  mklbl.l1
            365A              365A  ..@229.strucstart
            3686              3686  rmlbl
            3694              3694  ..@237._ret
            3695              3695  rmlbl.l1
            3695              3695  ..@239.strucstart
            36C1              36C1  rnlbl
            36CF              36CF  ..@247._ret
            36D0              36D0  rnlbl.l1
            36D0              36D0  ..@249.strucstart
            36F7              36F7  volume
            3714              3714  volume.notCurrentDrive
            3745              3745  volume.dirEP
            378D              378D  volume.volIDOk
            37A6              37A6  volume.volEndPrint
            37B5              37B5  ..@258._ret
            37B6              37B6  version
            37DC              37DC  ..@259._ret
            37DD              37DD  version.printVersionNumber
            37F9              37F9  ..@260._ret
            37FA              37FA  memory
            3816              3816  memory.sysvarsOK
            3825              3825  memory.memLp
            3833              3833  memory.validMCB
            3849              3849  memory.notDOS
            3858              3858  memory.notFree
            3867              3867  memory.notHole
            386A              386A  memory.gotoNext
            3876              3876  memory.endOfWalk
            38B7              38B7  memory.skipHole
            3925              3925  ..@261._ret
            3926              3926  memory.mcbPrintAmount
            3933              3933  ..@262._ret
            3934              3934  memory.badMCBFound
            3944              3944  type
            3994              3994  type.noDrive
            39B7              39B7  type.lp
            39DC              39DC  type.exit
            39E0              39E0  ..@263._ret
            39E1              39E1  type.exitBad
            39F0              39F0  ..@265._base
            39F7              39F7  exit
            39FE              39FE  ..@267._base
            3A0D              3A0D  ..@269._base
            3A2C              3A2C  ..@270._ret
            3A2D              3A2D  launchChild
            3A64              3A64  launchChild.pathLoop
            3A77              3A77  launchChild.extLp
            3AAB              3AAB  launchChild.extSrchLp
            3AD6              3AD6  launchChild.extFnd
            3ADD              3ADD  launchChild.extSrchFnd
            3B46              3B46  launchChild.pathHandle
            3B7A              3B7A  launchChild.pathGetEnv
            3BA1              3BA1  launchChild.pathRejoin
            3BCE              3BCE  launchChild.skipPathsep
            3BF2              3BF2  launchChild.pathReentry
            3C04              3C04  launchChild.prepAndSearch
            3C2E              3C2E  ..@271._ret
            3C2F              3C2F  set
            3C49              3C49  set.findLp
            3C50              3C50  set.scanLp
            3C6A              3C6A  ..@273._base
            3C71              3C71  set.editEnv
            3C8D              3C8D  set.altEp
            3CD6              3CD6  set.editNewEnv
            3CF9              3CF9  set.reallocTry
            3D0D              3D0D  ..@275._base
            3D0F              3D0F  ..@276._ret
            3D10              3D10  ..@275.a
            3D19              3D19  set.reallocOk
            3D20              3D20  set.nameCp
            3D2E              3D2E  set.exitNameCp
            3D38              3D38  set.exitCp
            3D3C              3D3C  ..@277._ret
            3D3D              3D3D  set.delEnvVar
            3D4C              3D4C  set.delEnvVarSkip
            3D4D              3D4D  ..@278._ret
            3D4E              3D4E  pathEdit
            3D83              3D83  pathEdit.cpLp
            3D99              3D99  pathEdit.cpLpExit
            3DA6              3DA6  pathEdit.cpLpNoIntervene
            3DCF              3DCF  pathEdit.printPath
            3DFE              3DFE  pathEdit.noPathPrnt
            3E0A              3E0A  pathEdit.pathExit
            3E11              3E11  ..@279._ret
            3E12              3E12  pathEdit.skipPathDelimiters
            3E1D              3E1D  ..@280._ret
            3E1E              3E1E  pathEdit.isALPathDelimiter
            3E20              3E20  ..@282._base
            3E24              3E24  ..@284._base
            3E28              3E28  ..@286._base
            3E2C              3E2C  ..@287._ret
            3E2D              3E2D  prompt
            3E62              3E62  prompt.cp
            3E6C              3E6C  prompt.cpOk
            3E75              3E75  prompt.reset
            3E7E              3E7E  prompt.goSet
            3E9D              3E9D  echo
            3ED0              3ED0  echo.argGiven
            3F14              3F14  ..@288._ret
            3F15              3F15  echo.checkOff
            3F47              3F47  ..@289._ret
            3F48              3F48  echo.directEcho
            3F5A              3F5A  pauza
            3F8B              3F8B  pauza.echoTail
            3FA3              3FA3  remark
            3FA3              3FA3  ..@290._ret
            3FA4              3FA4  printDate
            3FEF              3FEF  ..@291._ret
            3FF0              3FF0  printDate.usDate
            402D              402D  ..@292._ret
            402E              402E  printDate.jpnDate
            406B              406B  ..@293._ret
            406C              406C  printDate.printFirst
            407A              407A  printDate.skipSpace
            4087              4087  ..@294._ret
            4088              4088  printDate.printSecond
            4098              4098  printDate.printYear
            40B5              40B5  printDate.twoDigitYear
            40C5              40C5  ..@295._ret
            40C6              40C6  printTime
            40E3              40E3  ..@296._ret
            40E4              40E4  printTime.ampm
            40FD              40FD  ..@297._ret
            40FE              40FE  printTime.pm
            4103              4103  printTime.pm2
            4113              4113  ..@298._ret
            4114              4114  printTime.printMinutes
            4128              4128  printTime.printMinutesAlt
            4138              4138  printTime.printHours
            4146              4146  printTime.skipSpace
            4153              4153  ..@299._ret
            4154              4154  printPrompt
            415B              415B  ..@301._base
            4175              4175  ..@302._ret
            4176              4176  printPrompt.validPrompt
            417D              417D  printPrompt.promptLp
            4180              4180  ..@304._base
            418F              418F  printPrompt.escapeChar
            41A1              41A1  printPrompt.escapeLp
            41B2              41B2  printPrompt.escapeFnd
            41C6              41C6  printPrompt.pTbl
            41ED              41ED  printCRLF
            41F4              41F4  printString
            41FB              41FB  ..@305._ret
            41FC              41FC  putVersionInPrompt
            4229              4229  ..@306._ret
            422A              422A  putEscInPrompt
            422E              422E  putMoneyInPrompt
            4232              4232  putEquInPrompt
            4236              4236  putPipeInPrompt
            423A              423A  putGTinPrompt
            423E              423E  putLTinPrompt
            4242              4242  putBSPinPrompt
            425A              425A  ..@307._ret
            425B              425B  putDriveInPrompt
            4264              4264  outChar
            4268              4268  ..@308._ret
            4269              4269  putCWDInPrompt
            42AD              42AD  ..@309._ret
            42AE              42AE  putCWDInPrompt.badDrive
            42BA              42BA  printFmtTime
            4305              4305  ..@310._ret
            4306              4306  getTime
            4322              4322  ..@311._ret
            4323              4323  printFmtDate
            4394              4394  ..@312._ret
            4395              4395  hexToBCD
            439B              439B  hexToBCD.htb0
            43AB              43AB  hexToBCD.htb1
            43B2              43B2  printPackedBCD
            43C5              43C5  printPackedBCD.upperNybble
            43D3              43D3  printPackedBCD.lowerNybble
            43DD              43DD  ..@313._ret
            43DE              43DE  setDrive
            43E9              43E9  ..@314._ret
            43EA              43EA  getCurrentDrive
            43EE              43EE  ..@315._ret
            43EF              43EF  strcpy
            43FD              43FD  ..@316._ret
            43FE              43FE  strcpy2
            4407              4407  ..@317._ret
            4408              4408  strlen
            4411              4411  ..@318._ret
            4412              4412  ucChar
            441D              441D  ..@319._ret
            441E              441E  normalisePath
            442C              442C  ..@320._ret
            442D              442D  skipDelimiters
            442E              442E  skipDelimiters.l1
            4436              4436  skipDelimiters.exit
            443A              443A  ..@321._ret
            443B              443B  isALdelimiter
            443D              443D  ..@323._base
            4441              4441  ..@325._base
            4445              4445  ..@327._base
            4449              4449  ..@329._base
            444D              444D  ..@330._ret
            444E              444E  clearCommandState
            445E              445E  ..@331._ret
            445F              445F  clearCommandLineState
            448F              448F  clearCommandLineState.lp
            4499              4499  ..@332._ret
            449A              449A  asciiFilenameToFCB
            44B7              44B7  asciiFilenameToFCB.processName
            44C7              44C7  asciiFilenameToFCB.extSpace
            44D0              44D0  asciiFilenameToFCB.ext
            44D4              44D4  asciiFilenameToFCB.processExt
            44E0              44E0  asciiFilenameToFCB.exitBadChar
            44E2              44E2  asciiFilenameToFCB.exit
            44E3              44E3  ..@333._ret
            44E4              44E4  findLastPathComponant
            4502              4502  findLastPathComponant.exit
            4507              4507  ..@334._ret
            4508              4508  FCBToAsciiz
            450F              450F  FCBToAsciiz.scanNameSpace
            4522              4522  FCBToAsciiz.ext
            452F              452F  FCBToAsciiz.validExt
            4539              4539  FCBToAsciiz.scanExtSpace
            4544              4544  FCBToAsciiz.exit
            4547              4547  ..@335._ret
            4548              4548  cpDelimOrCtrlStringToBufz
            454B              454B  cpDelimOrCtrlStringToBufz.lp
            455A              455A  cpDelimOrCtrlStringToBufz.exit
            455D              455D  ..@336._ret
            455E              455E  cpDelimPathToBufz
            4565              4565  cpDelimPathToBufz.lp
            457C              457C  cpDelimPathToBufz.gotRedirPath
            459D              459D  cpDelimPathToBufz.notColon
            45A0              45A0  ..@337._ret
            45A1              45A1  buildCommandPath
            45B9              45B9  copyArgumentToSearchSpec
            45C5              45C5  ..@338._ret
            45C6              45C6  scanForWildcards
            45C8              45C8  scanForWildcards.lp
            45D7              45D7  scanForWildcards.exit
            45D9              45D9  ..@339._ret
            45DA              45DA  printDecimalWord
            45EE              45EE  printDecimalWord.notZero
            45F5              45F5  printDecimalWord.dpfb0
            4605              4605  printDecimalWord.dpfb00
            4609              4609  printDecimalWord.dpfb01
            4619              4619  printDecimalWord.dpfb1
            4625              4625  printDecimalWord.dpfb10
            4627              4627  printDecimalWord.dpfb11
            462C              462C  printDecimalWord.dpfb2
            463C              463C  printDecimalWord.dpfb20
            4642              4642  printDecimalWord.dpfb21
            464A              464A  ..@340._ret
            464B              464B  getDecimalWord
            4654              4654  getDecimalWord.dpfb0
            466A              466A  getDecimalWord.dpfb1
            4671              4671  ..@341._ret
            4672              4672  getByte
            467D              467D  ..@342._ret
            467E              467E  getNum
            4681              4681  getNum.lp
            4696              4696  getNum.exit
            469C              469C  ..@343._ret
            469D              469D  freezePC
            46A8              46A8  freezePC.altEP
            46B3              46B3  freezePC.lp
            46B8              46B8  setDTA
            46CA              46CA  ..@344._ret
            46CB              46CB  getDTA
            46D2              46D2  ..@345._ret
            46D3              46D3  resetIDTentries
            4709              4709  ..@346._ret
            470A              470A  cmpEnvVar
            470F              470F  cmpEnvVar.lp
            4722              4722  cmpEnvVar.exit
            4724              4724  ..@347._ret
            4725              4725  checkEnvGoodAndGet
            473B              473B  checkEnvGoodAndGet.pathNulScan
            474D              474D  checkEnvGoodAndGet.badExit
            4752              4752  ..@348._ret
            4753              4753  findEnvSpace
            475E              475E  ..@350._base
            4769              4769  findEnvSpace.endsearch
            477E              477E  ..@351._ret
            477F              477F  searchForEnvVar
            4789              4789  searchForEnvVar.varLp
            47A8              47A8  searchForEnvVar.varNotFound
            47A9              47A9  searchForEnvVar.varFound
            47AC              47AC  ..@352._ret
            47AD              47AD  envFree
            47B2              47B2  envFree.freeLp
            47BA              47BA  envFree.exitLp
            47C8              47C8  envFree.prepPullup
            47CB              47CB  envFree.pullUp
            47D6              47D6  envFree.cleanEnv
            47E5              47E5  ..@353._ret
            47E6              47E6  getFreeSpace
            47FD              47FD  ..@354._ret
            47FE              47FE  getEnvSize
            480A              480A  ..@355._ret
            480B              480B  getPtrToEndOfEnv
            4817              4817  getPtrToEndOfEnv.lp
            481F              481F  ..@356._ret
            4820              4820  growEnvBlock
            485F              485F  growEnvBlock.exit
            4864              4864  ..@357._ret
            4865              4865  growEnvBlock.tooLarge
            486B              486B  int23h
            4885              4885  int23h.notLoading
            4897              4897  int23h.retFromDosCall
            48B1              48B1  int23h.i23Bounce
            48B6              48B6  int23h.inInt23
            48B8              48B8  int23h.notNested
            48D1              48D1  int23h.skipReset
            48E8              48E8  int23h.ynLp
            491A              491A  int23h.endBat
            4924              4924  int23h.killBat
            492B              492B  int23h.nestKill
            4935              4935  int23h.notBat
            4968              4968  int23h.noJuggle
            4973              4973  int23h.exitBat
            4978              4978  int23h.exit
            497F              497F  int23h.exitIn
            4983              4983  critErrorHandler
            49A3              49A3  critErrorHandler.notError15
            4A06              4A06  critErrorHandler.userInput
            4A0B              4A0B  critErrorHandler.userAbort
            4A17              4A17  critErrorHandler.userRetry
            4A34              4A34  critErrorHandler.userIgnore
            4A51              4A51  critErrorHandler.userFail
            4A6E              4A6E  critErrorHandler.userMsgEnd
            4A90              4A90  critErrorHandler.uip1
            4AA2              4AA2  critErrorHandler.validInput
            4AB5              4AB5  critErrorHandler.viFail
            4AC0              4AC0  critErrorHandler.viIgnore
            4ACB              4ACB  critErrorHandler.viRetry
            4AD4              4AD4  critErrorHandler.cehExit
            4AE0              4AE0  critErrorHandler.charError
            4AEC              4AEC  critErrorHandler.ce1
            4AFA              4AFA  errSwapHdls
            4B16              4B16  ..@358._ret
            4B17              4B17  errRetHdls
            4B33              4B33  ..@359._ret
            4B34              4B34  getJftPtr
            4B49              4B49  ..@360._ret
            4B4A              4B4A  getJftPtr.pspJftExit
            4B4E              4B4E  ..@361._ret
            4B4F              4B4F  endOfAlloc

---- Section transient --------------------------------------------------------

Real              Virtual           Name
            4B4F              4B4F  cmdLdr
            4B62              4B62  cmdLdr.exitBad
            4B64              4B64  cmdLdr.okVersion
            4BB9              4BB9  cmdLdr.skipSwitch
            4C6A              4C6A  cmdLdr.noAutoexec
            4C9A              4C9A  cmdLdr.skipMaster
            4CC8              4CC8  cmdLdr.printInit
            4CF9              4CF9  initString
            4D2F              4D2F  initString2
            4D6D              4D6D  badVerStr
            4D85              4D85  computeStackPtr
            4DA9              4DA9  ..@363._ret

