
- NASM Map file ---------------------------------------------------------------

Source file:  command.asm
Output file:  ./Binaries/COMMAND.COM

-- Program origin -------------------------------------------------------------

00000000

-- Sections (summary) ---------------------------------------------------------

Vstart            Start             Stop              Length    Class     Name
               0                 0                 0  00000000  progbits  .text
               0                 0              3393  00003393  progbits  .data
            3393              3393              35A7  00000214  progbits  transient

-- Sections (detailed) --------------------------------------------------------

---- Section .text ------------------------------------------------------------

class:     progbits
length:                   0
start:                    0
align:     not defined
follows:   not defined
vstart:                   0
valign:    not defined
vfollows:  not defined

---- Section .data ------------------------------------------------------------

class:     progbits
length:                3393
start:                    0
align:                    1
follows:   not defined
vstart:                   0
valign:    not defined
vfollows:  not defined

---- Section transient --------------------------------------------------------

class:     progbits
length:                 214
start:                 3393
align:                    1
follows:   .data
vstart:                3393
valign:    not defined
vfollows:  not defined

-- Symbols --------------------------------------------------------------------

---- No Section ---------------------------------------------------------------

Value     Name
00000000  dpb
00000000  dpb.bDriveNumber
00000001  dpb.bUnitNumber
00000002  dpb.wBytesPerSector
00000004  dpb.bMaxSectorInCluster
00000005  dpb.bSectorsPerClusterShift
00000006  dpb.wFAToffset
00000008  dpb.bNumberOfFATs
00000009  dpb.wNumberRootDirEntries
0000000B  dpb.dClusterHeapOffset
0000000F  dpb.dClusterCount
00000013  dpb.dFATlength
00000017  dpb.dFirstUnitOfRootDir
0000001B  dpb.qDriverHeaderPtr
00000023  dpb.bMediaDescriptor
00000024  dpb.bAccessFlag
00000025  dpb.qNextDPBPtr
0000002D  dpb.dFirstFreeCluster
00000031  dpb.dNumberOfFreeClusters
00000035  dpb_size
00000FF5  fat12MaxClustCnt
0000FFF5  fat16MaxClustCnt
00000000  cds
00000000  cds.sCurrentPath
00000043  cds.wFlags
00000045  cds.qDPBPtr
0000004D  cds.dStartCluster
00000051  cds.qIFSPtr
00000059  cds.dNetStore
0000005D  cds.wBackslashOffset
0000005F  cds_size
00008000  cdsRedirDrive
00004000  cdsValidDrive
00002000  cdsJoinDrive
00001000  cdsSubstDrive
00000080  cdsRdirLocDrive
00000000  sfth
00000000  sfth.qNextSFTPtr
00000008  sfth.wNumFiles
0000000A  sfth_size
00000000  sft
00000000  sft.wNumHandles
00000002  sft.wOpenMode
00000004  sft.bFileAttrib
00000005  sft.wDeviceInfo
00000007  sft.qPtr
0000000F  sft.dStartClust
00000013  sft.wTime
00000015  sft.wDate
00000017  sft.dFileSize
0000001B  sft.dCurntOff
0000001F  sft.dRelClust
00000023  sft.dAbsClusr
00000027  sft.qDirSect
0000002F  sft.bNumDirEnt
00000030  sft.sFileName
0000003B  sft.qSharePtr
00000043  sft.wMachNum
00000045  sft.qPSPOwner
0000004D  sft.wShareRec
0000004F  sft_size
00000000  ReadAccess
00000001  WriteAccess
00000002  RWAccess
00000000  CompatShare
00000010  denyRWShare
00000020  denyWriteShare
00000030  denyReadShare
00000040  denyNoneShare
00000070  netFCBShare
00000080  noInherit
00002000  diskFullFail
00004000  noBufferWrites
00008000  FCBopenedFile
00000001  readOnlyFile
00000002  hiddenFile
00000004  systemFile
00000008  volumeLabel
00000010  directoryFile
00000020  archiveFile
00000001  charDevConIn
00000002  charDevConOut
00000004  charDevNulDev
00000008  charDevClockDev
00000010  charDevFastOut
00000020  charDevBinary
00000040  charDevNoEOF
00000040  blokFileNoFlush
00000080  devCharDev
00000800  charDevNetSpool
00001000  devNoInherit
00002000  charDevNamePipe
00004000  blokNoDTonClose
00008000  devRedirDev
00000000  bufferHdr
00000000  bufferHdr.nextBufPtr
00000008  bufferHdr.driveNumber
00000009  bufferHdr.bufferFlags
0000000A  bufferHdr.bufferLBA
00000012  bufferHdr.bufFATcopy
00000013  bufferHdr.bufFATsize
00000017  bufferHdr.driveDPBPtr
0000001F  bufferHdr.owningFile
00000027  bufferHdr.reserved
00000030  bufferHdr.dataarea
00000030  bufferHdr_size
00000001  dosBuffer
00000002  fatBuffer
00000004  dirBuffer
00000008  dataBuffer
00000020  refBuffer
00000040  dirtyBuffer
00000000  mcb
00000000  mcb.marker
00000001  mcb.owner
00000009  mcb.blockSize
0000000D  mcb.reserved
00000010  mcb.program
00000010  mcb_size
00000007  mcbOwnerHole
00000000  mcbOwnerFree
00000008  mcbOwnerDOS
0000004D  mcbMarkCtn
0000005A  mcbMarkEnd
00000000  memFirstFit
00000001  memBestFit
00000002  memLastFit
00000000  callerFrame
00000000  callerFrame.rax
00000008  callerFrame.rbx
00000010  callerFrame.rcx
00000018  callerFrame.rdx
00000020  callerFrame.rsi
00000028  callerFrame.rdi
00000030  callerFrame.rbp
00000038  callerFrame.r8
00000040  callerFrame.r9
00000048  callerFrame.rip
00000050  callerFrame.cs
00000058  callerFrame.flags
00000060  callerFrame_size
00000000  dpl
00000000  dpl.rax
00000008  dpl.rbx
00000010  dpl.rcx
00000018  dpl.rdx
00000020  dpl.rsi
00000028  dpl.rdi
00000030  dpl.r8
00000038  dpl.r9
00000040  dpl.align
00000048  dpl.compID
00000050  dpl.procID
00000058  dpl_size
00000000  cfgFrame
00000008  cfgFrame.newBuffers
00000010  cfgFrame.newSFTVal
00000018  cfgFrame.newFCBSVal
00000020  cfgFrame.newProtFCBSVal
00000028  cfgFrame.newLastdrive
00000030  cfgFrame.newStacks
00000038  cfgFrame.newStackSize
00000040  cfgFrame.newAllocSize
00000048  cfgFrame.cfgHandle
00000050  cfgFrame.lastLine
00000058  cfgFrame.endPtr
00000060  cfgFrame.linePtr
00000068  cfgFrame_size
00000000  filename
00000000  filename.fName
00000008  filename.fExt
0000000B  filename_size
00000000  ffBlock
00000000  ffBlock.driveNum
00000001  ffBlock.template
0000000C  ffBlock.attrib
0000000D  ffBlock.dirOffset
00000011  ffBlock.parDirClus
00000015  ffBlock.attribFnd
00000016  ffBlock.fileTime
00000018  ffBlock.fileDate
0000001A  ffBlock.fileSize
0000001E  ffBlock.asciizName
0000002B  ffBlock_size
00000000  psp
00000000  psp.return
00000002  psp.allocSize
0000000A  psp.oldInt22h
00000012  psp.oldInt23h
0000001A  psp.oldInt24h
00000022  psp.parentPtr
0000002A  psp.externalJFTPtr
0000002A  psp.jobFileTbl
0000003E  psp.envPtr
00000046  psp.rspPtr
0000004E  psp.jftSize
00000050  psp.unixEntry
00000053  psp.prevPSP
0000005C  psp.cmdLineArgPtr
0000005C  psp.fcb1
0000006C  psp.fcb2
00000080  psp.dta
00000080  psp.parmList
00000081  psp.progTail
00000100  psp_size
00000014  dfltJFTsize
00000000  clkStruc
00000000  clkStruc.dateWord
00000002  clkStruc.minutes
00000003  clkStruc.hours
00000004  clkStruc.hseconds
00000005  clkStruc.seconds
00000006  clkStruc_size
00000000  countryStruc
00000000  countryStruc.dtfmt
00000002  countryStruc.curr
00000007  countryStruc.thouSep
00000009  countryStruc.dcmlSep
0000000B  countryStruc.dateSep
0000000D  countryStruc.timeSep
0000000F  countryStruc.currFmt
00000010  countryStruc.digtdpt
00000011  countryStruc.timefmt
00000012  countryStruc.mapaddr
0000001A  countryStruc.dataSep
0000001C  countryStruc.resv
00000026  countryStruc_size
0003C000  dosAPTsize
00000600  dosLowBase
00000000  critRead
00000001  critWrite
00000000  critDOS
00000002  critFAT
00000004  critDir
00000006  critData
00000008  critFailOK
00000010  critRetryOK
00000020  critIgnorOK
00000080  critCharDev
00000000  critIgnore
00000001  critRetry
00000002  critAbort
00000003  critFail
00000000  NUL
00000003  ETX
00000006  ACK
00000007  BEL
00000008  BSP
00000009  TAB
0000000A  LF
0000000D  CR
00000010  DLE
00000013  DC3
00000014  DC4
00000015  NAK
00000017  ETB
0000001A  EOF
0000001B  ESC
00000020  SPC
0000007F  DEL
00000020  asciiCaret
0000003B  eF1
0000003C  eF2
0000003D  eF3
0000003E  eF4
0000003F  eF5
00000040  eF6
00000041  eF7
0000004B  eCursL
0000004D  eCursR
00000052  eIns
00000053  eDel
0000001E  buffersDefault
00000014  filesDefault
00000004  fcbsDefault
00000000  safeFcbsDeflt
00000005  lastDriveDeflt
00000000  fcb
00000000  fcb.driveNum
00000001  fcb.filename
00000009  fcb.fileext
0000000C  fcb.curBlock
0000000E  fcb.recordSize
00000010  fcb.fileSize
00000014  fcb.fileDate
00000016  fcb.fileTime
00000018  fcb.sftNdx
00000019  fcb.fcbMode
0000001A  fcb.special
00000020  fcb.recordNum
00000021  fcb.randRecrd
00000025  fcb_size
00000000  exFcb
00000000  exFcb.extSig
00000001  exFcb.reserved
00000006  exFcb.attribute
00000007  exFcb.driveNum
00000008  exFcb.filename
00000010  exFcb.fileext
00000013  exFcb.curBlock
00000015  exFcb.recordSize
00000017  exFcb.fileSize
0000001B  exFcb.fileDate
0000001D  exFcb.fileTime
0000001F  exFcb.sftNdx
00000020  exFcb.fcbMode
00000021  exFcb.special
00000027  exFcb.recordNum
00000028  exFcb.randRecrd
0000002C  exFcb_size
00000000  renameFcb
00000000  renameFcb.driveNum
00000001  renameFcb.filename
00000009  renameFcb.fileext
0000000C  renameFcb.reserved
00000010  renameFcb.resDrvNum
00000011  renameFcb.newName
00000019  renameFcb.newExt
0000001C  renameFcb.reserved2
00000020  renameFcb_size
00000000  exRenFcb
00000000  exRenFcb.extSig
00000001  exRenFcb.res0
00000006  exRenFcb.attribute
00000007  exRenFcb.driveNum
00000008  exRenFcb.filename
00000010  exRenFcb.fileext
00000013  exRenFcb.reserved
00000017  exRenFcb.resDrvNum
00000018  exRenFcb.newName
00000020  exRenFcb.newExt
00000023  exRenFcb.reserved2
00000027  exRenFcb_size
00000080  fcbShareOn
00000040  fcbCharDev
00000040  fcbLocal
00000000  noShare
00000000  noShare.attribWord
00000001  noShare.startClust
00000003  noShare.dirSect
00000005  noShare.dirEntry
00000006  noShare_size
00000000  shareLocal
00000000  shareLocal.strtClust
00000002  shareLocal.shareSig
00000004  shareLocal.fileAttr
00000006  shareLocal_size
00000000  shareNet
00000000  shareNet.dirSect
00000002  shareNet.relClust
00000004  shareNet.absClust
00000006  shareNet_size
00000001  errInvFnc
00000002  errFnf
00000003  errPnf
00000004  errNhl
00000005  errAccDen
00000006  errBadHdl
00000007  errMCBbad
00000008  errNoMem
00000009  errMemAddr
0000000A  errBadEnv
0000000B  errBadFmt
0000000C  errAccCde
0000000D  errInvDat
0000000F  errBadDrv
00000010  errDelCD
00000011  errDevUnk
00000012  errNoFil
00000013  drvErrShft
00000013  errWpd
00000014  errUnkUnt
00000015  errDrvNR
00000016  errUnkCmd
00000017  errCRCerr
00000018  errBadRLn
00000019  errSekErr
0000001A  errUnkMed
0000001B  errSecNF
0000001C  errNoPap
0000001D  errWF
0000001E  errRF
0000001F  errGF
00000020  errShrVio
00000021  errLokVio
00000022  errIDC
00000023  errNoFCB
00000024  errShrFul
00000032  errNoNet
00000050  errFilExist
00000052  errDirExist
00000053  errFI44
00000054  errRedir
00000055  errDupRedir
00000056  errBadPass
00000057  errBadParam
00000058  errNetWrite
00000001  eLocUnk
00000002  eLocDsk
00000003  eLocNet
00000004  eLocChr
00000005  eLocMem
00000001  eActRet
00000002  eActDRet
00000003  eActUsr
00000004  eActAbt
00000005  eActKil
00000006  eActIgn
00000007  eActRetUsr
00000001  eClsOoR
00000002  eClsTS
00000003  eClsAuth
00000004  eClsInt
00000005  eClsHrdFlt
00000006  eClsSysFlt
00000007  eClsAppFlt
00000008  eClsNotFnd
00000009  eClsBadFmt
0000000A  eClsLocked
0000000B  eClsMedia
0000000C  eClsClash
0000000D  eClsUnk
00000080  cmdBufferL
00000002  driveSpecL
00000040  dirPathL
0000000B  fcbNameL
0000000C  filenameL
0000000D  fileNameZL
00000042  fullDirPathL
00000043  fullDirPathZL
0000004F  fileSpecZL
0000000E  cmdNameL
0000005C  fcb1
0000006C  fcb2
00000080  cmdLineCnt
00000081  cmdLine
00000000  drvHdr
00000000  drvHdr.nxtPtr
00000008  drvHdr.attrib
0000000A  drvHdr.strPtr
00000012  drvHdr.intPtr
0000001A  drvHdr.drvNam
00000022  drvHdr_size
00000000  execProg
00000000  execProg.pEnv
00000008  execProg.pCmdLine
00000010  execProg.pfcb1
00000018  execProg.pfcb2
00000020  execProg_size
00000001  dirReadOnly
00000002  dirHidden
00000004  dirSystem
00000008  dirVolumeID
00000010  dirDirectory
00000020  dirArchive
00000040  dirCharDev
0000000F  dirLongName
00000016  dirInclusive
00000006  dirIncFiles
0000000E  cmdStateL
00000023  cmdLineStateL
00000017  pipeErrMsgL
00000013  redirErrMsgL
0000000C  join.joinPathL
0000000C  subst.substPathL
00000640  stackSize


---- Section .data ------------------------------------------------------------

Real              Virtual           Name
               0                 0  startLbl
               5                 5  stackTop
               D                 D  returnCode
               F                 F  pspPtr
              17                17  realParent
              1F                1F  sysVars
              27                27  numHdls
              29                29  promptPtr
              2B                2B  pathSep
              2C                2C  switchChar
              2D                2D  permaSwitch
              2E                2E  parentInt22
              36                36  ctryData
              5C                5C  currDirStr
              9F                9F  cmdLineStatePtr
              9F                9F  cmdStartPtr
              A7                A7  cmdEndPtr
              AF                AF  pipeFlag
              B0                B0  pipeSTDIN
              B2                B2  pipeSTDOUT
              B4                B4  cmdStatePtr
              B4                B4  cmdDrvSpec
              B6                B6  redirIn
              B7                B7  redirOut
              B8                B8  redirSTDIN
              BA                BA  redirSTDOUT
              BC                BC  arg1Flg
              BD                BD  arg1Off
              BE                BE  arg1FCBret
              BF                BF  arg2Flg
              C0                C0  arg2Off
              C1                C1  arg2FCBret
              C2                C2  cmdFcb
              D2                D2  cmdFFBlock
              FD                FD  launchBlock
             11D               11D  cmdTail
             19D               19D  inBuffer
             21D               21D  cmdBuffer
             29D               29D  cmdPathSpec
             2EC               2EC  fcbCmdSpec
             2F7               2F7  cmdSpec
             304               304  cmdName
             312               312  rdrInFilespec
             361               361  rdrOutFilespec
             3B0               3B0  pipe1Filespec
             3FF               3FF  pipe2Filespec
             44E               44E  newPipe
             456               456  oldPipe
             45E               45E  searchSpec
             4DE               4DE  dirPrnType
             4DF               4DF  dirLineCtr
             4E0               4E0  dirFileCtr
             4E1               4E1  dirDrv
             4E2               4E2  dirOldCWD
             562               562  dirPathArg
             5E2               5E2  dirSrchPat
             5EA               5EA  dirSPExt
             5EE               5EE  volFcb
             5EE               5EE  ..@72.strucstart
             61A               61A  td1
             61B               61B  td2
             61C               61C  td3
             61D               61D  td4
             61E               61E  sourcePath
             69E               69E  destPath
             71E               71E  sourceHdl
             720               720  destHdl
             722               722  srcHdlInfo
             724               724  copyBuffer
             7A4               7A4  functionTable
             885               885  crlf
             888               888  crlf2
             88D               88D  badBat
             8A4               8A4  needBat
             8E2               8E2  badCmd
             8FD               8FD  dupName
             914               914  fnfMsg
             925               925  noSpace
             93F               93F  noEnvSpace
             95A               95A  fulRootDir
             970               970  noSelfCopy
             994               994  filLostErr
             9BE               9BE  copyOk
             9D0               9D0  dirOk
             9DA               9DA  bytesOk
             9E8               9E8  dirLbl
             9F1               9F1  badDrv
             A0F               A0F  pauseMes
             A2E               A2E  badParm
             A42               A42  dayName
             A57               A57  badDate
             A66               A66  curDate
             A77               A77  newDate
             A89               A89  usDate
             A96               A96  ukDate
             AA3               AA3  jpDate
             AB0               AB0  badTime
             ABF               ABF  curTime
             AD0               AD0  newTime
             AE3               AE3  ynMes
             AF8               AF8  dosVer
             B0A               B0A  volMes
             B1C               B1C  volOk
             B21               B21  volNo
             B2F               B2F  badDir
             B43               B43  badMD
             B60               B60  badRD
             B97               B97  dirMain
             BA7               BA7  noPath
             BB0               BB0  badDrvSrch
             BCF               BCF  badDev
             BE0               BE0  badLbl
             BF2               BF2  syntaxErr
             C01               C01  forNest
             C19               C19  pipeErr
             C3F               C3F  binDevErr
             C66               C66  offMes
             C6C               C6C  onMes
             C71               C71  breakIs
             C7B               C7B  verifyIs
             C86               C86  echoIs
             C8F               C8F  badSpec
             CAB               CAB  badArgs
             CCA               CCA  devWriteErr
             CE1               CE1  backSpace
             CE5               CE5  memSys
             D0B               D0B  memDOS
             D31               D31  memApp
             D57               D57  memHole
             D7D               D7D  memFree
             DA3               DA3  memByte
             DAA               DAA  memBad0
             DD0               DD0  memBad1
             DEA               DEA  memBad2
             DF9               DF9  memBad3
             E09               E09  touchErr
             E21               E21  pipeErrMsg
             E38               E38  redirErrMsg
             E4B               E4B  ansiCls
             E4F               E4F  fourSpc
             E54               E54  threeSpc
             E58               E58  twoSpc
             E5B               E5B  badOnOff
             E74               E74  pathEVar
             E79               E79  promptEVar
             E80               E80  conName
             E84               E84  commandStart
             E97               E97  applicationReturn
             EF5               EF5  applicationReturn.handleClose
             EFF               EFF  commandMain
             F0E               F0E  commandMain.inputMain
             F13               F13  commandMain.inputMain2
             F4E               F4E  commandMain.pipeLoop
             F58               F58  commandMain.pipeProceed
             F7B               F7B  commandMain.dfltErrExit
             F8B               F8B  parseInput
             FA5               FA5  parseInput.notNewCmd
             FE2               FE2  parseInput.cmdLineProcess
             FE7               FE7  parseInput.redirFound
            1004              1004  parseInput.arg1
            1025              1025  parseInput.arg2
            104F              104F  parseInput.argCommon
            1068              1068  parseInput.exit
            10AB              10AB  parseInput.keepSearching
            10BF              10BF  parseInput.cmdStartFnd
            10DB              10DB  parseInput.cmdGetChar
            10F1              10F1  parseInput.nameLenFnd
            1122              1122  ..@80._ret
            1123              1123  doCommandLine
            112D              112D  ..@82._base
            1168              1168  ..@84._base
            116A              116A  doCommandLine.badDrive
            1176              1176  ..@85._ret
            1177              1177  doCommandLine.noDriveSpecified
            11CD              11CD  doCommandLine.fcbArgsDone
            1217              1217  ..@86._ret
            1218              1218  doCommandLine.executeInternal
            121F              121F  doCommandLine.nextEntry
            125B              125B  ..@87._ret
            125C              125C  doCommandLine.gotoNextEntry
            1268              1268  doCommandLine.dfltErrExit
            1273              1273  ..@88._ret
            1274              1274  checkExtensionExec
            128E              128E  ..@90._base
            1295              1295  ..@92._base
            129C              129C  ..@94._base
            129F              129F  ..@95._ret
            12A0              12A0  redirFailure
            12AE              12AE  pipeFailure
            12BA              12BA  redirPipeFailureCommon
            1362              1362  redirPipeFailureCommon.checkOld
            1375              1375  redirPipeFailureCommon.pipeNamesComplete
            1392              1392  ..@96._ret
            1393              1393  redirPipeFailureCommon.closeHandle
            1399              1399  ..@98._base
            13A2              13A2  ..@99._ret
            13A3              13A3  cleanUpRedir
            13C9              13C9  cleanUpRedir.pipe
            1417              1417  cleanUpRedir.pipeNostdin
            1496              1496  cleanUpRedir.redirInClear
            14D2              14D2  cleanUpRedir.redirOutClear
            14D9              14D9  ..@101._base
            14DB              14DB  ..@102._ret
            14DC              14DC  ..@101.a
            1512              1512  ..@103._ret
            1513              1513  checkAndSetupRedir
            1525              1525  checkAndSetupRedir.redirExit
            1526              1526  ..@104._ret
            1527              1527  checkAndSetupRedir.inputRedir
            1594              1594  checkAndSetupRedir.outputRedir
            15A9              15A9  checkAndSetupRedir.notDouble
            15FD              15FD  checkAndSetupRedir.fileExists
            163E              163E  checkAndSetupRedir.dontAppend
            164C              164C  checkAndSetupRedir.pipeSetup
            1664              1664  checkAndSetupRedir.pathFound
            16C3              16C3  ..@105._ret
            16C4              16C4  checkAndSetupRedir.pipeError
            16CA              16CA  checkAndSetupRedir.redirError
            16D0              16D0  copyCommandTailItemProgram
            16E3              16E3  copyCommandTailItemProgram.endOfInput
            16E9              16E9  ..@106._ret
            16EA              16EA  copyCommandTailItemProgram.exit
            16ED              16ED  ..@107._ret
            16EE              16EE  copyCommandTailItem
            1711              1711  copyCommandTailItem.pathSep
            1729              1729  copyCommandTailItem.endOfInput
            172F              172F  ..@108._ret
            1730              1730  copyCommandTailItem.exit
            1733              1733  ..@109._ret
            1734              1734  int2Eh
            1768              1768  noSelfCopyError
            1771              1771  badParamError
            177A              177A  badDriveError
            1783              1783  badArgError
            178C              178C  badFileError
            1795              1795  badDupFnf
            179E              179E  badDirError
            17A5              17A5  badCmn
            17AD              17AD  ..@110._ret
            17AE              17AE  dir
            17FC              17FC  dir.switchScan
            1810              1810  dir.notWideSw
            1821              1821  dir.switchScanDone
            1834              1834  dir.lp
            185A              185A  dir.notSwitch
            1871              1871  dir.nameCopy
            1883              1883  dir.terminateCopy
            1888              1888  dir.eocReached
            188B              188B  dir.eocNoNull
            18C8              18C8  dir.currentDrv
            18D3              18D3  dir.dirPrintVol
            18F1              18F1  dir.printCWD
            1951              1951  ..@111._ret
            1952              1952  dir.searchForFile
            196A              196A  dir.noAddSlash
            1995              1995  dir.findNext
            19A0              19A0  dir.dirNoMoreFiles
            19B4              19B4  dir.dirNoEndNewLine
            1A11              1A11  ..@112._ret
            1A12              1A12  dir.dirPrintFileData
            1A19              1A19  ..@114._base
            1A8E              1A8E  dir.dirPrintNotDir
            1AAB              1AAB  dir.dirPrintFileSizePrep
            1AC3              1AC3  dir.dirPrintFileSize
            1AC4              1AC4  dir.dirPrintFileSizeLoop
            1ADD              1ADD  dir.dirPrintFileDT
            1B15              1B15  dir.widePrint
            1B20              1B20  dir.dirPrintNameExit
            1B33              1B33  ..@116._base
            1B35              1B35  ..@117._ret
            1B36              1B36  ..@116.a
            1B57              1B57  ..@118._ret
            1B58              1B58  chdir
            1B61              1B61  chdir.printCWD
            1B6B              1B6B  ..@119._ret
            1B6C              1B6C  chdir.printDiskCWD
            1BAD              1BAD  ..@120._ret
            1BAE              1BAE  chdir.changeDir
            1BE3              1BE3  chdir.setPath
            1BF9              1BF9  ..@121._ret
            1BFA              1BFA  mkdir
            1C35              1C35  ..@123._base
            1C37              1C37  mkdir.badMake
            1C45              1C45  ..@124._ret
            1C46              1C46  rmdir
            1C81              1C81  ..@126._base
            1C83              1C83  rmdir.badRemove
            1C91              1C91  ..@127._ret
            1C92              1C92  copy
            1CD3              1CD3  copy.copyName1
            1CE9              1CE9  copy.endOfName1
            1D13              1D13  copy.copyName2
            1D25              1D25  copy.endOfName2
            1D95              1D95  copy.copyLoop
            1DE9              1DE9  copy.okExit
            1E15              1E15  ..@128._ret
            1E16              1E16  copy.sameFilename
            1E20              1E20  copy.leaveCopyClose
            1E3C              1E3C  ..@129._ret
            1E3D              1E3D  copy.badExit
            1E52              1E52  copy.skipSource
            1E70              1E70  erase
            1E98              1E98  ..@130._ret
            1E99              1E99  date
            1F5E              1F5E  ..@132._base
            1F60              1F60  ..@133._ret
            1F61              1F61  ..@132.a
            1F61              1F61  ..@134._ret
            1F62              1F62  time
            1FF9              1FF9  ..@136._base
            1FFB              1FFB  ..@137._ret
            1FFC              1FFC  ..@136.a
            1FFC              1FFC  ..@138._ret
            1FFD              1FFD  ctty
            203D              203D  ctty.noDrive
            2087              2087  ..@139._ret
            2088              2088  ctty.badCharDev
            2097              2097  ..@140._ret
            2098              2098  cls
            20BB              20BB  cls.biosCheck
            20CE              20CE  cls.biosConfirmed
            20F1              20F1  ..@141._ret
            20F2              20F2  cls.doAnsi
            2100              2100  cls.ansiLp
            2109              2109  ..@142._ret
            210A              210A  break
            213F              213F  ..@143._ret
            2140              2140  break.argumentProvided
            216C              216C  break.maybeOn
            2177              2177  break.setBreak
            217E              217E  ..@144._ret
            217F              217F  break.badOnOff
            218A              218A  ..@145._ret
            218B              218B  verify
            21C0              21C0  ..@146._ret
            21C1              21C1  verify.argumentProvided
            21ED              21ED  verify.maybeOn
            21F7              21F7  verify.setVerify
            21FB              21FB  ..@147._ret
            21FC              21FC  verify.badOnOff
            2207              2207  ..@148._ret
            2208              2208  rename
            2249              2249  rename.copyName1
            225F              225F  rename.endOfName1
            2293              2293  rename.copyName2
            22A5              22A5  rename.endOfName2
            22BD              22BD  ..@150._base
            22BF              22BF  ..@151._ret
            22C0              22C0  ..@150.a
            22D5              22D5  touch
            2303              2303  ..@152._ret
            2304              2304  touch.touchError
            2310              2310  join
            2319              2319  join.joindisable
            2356              2356  join.okJoin
            239B              239B  join.joinExit
            23A2              23A2  ..@153._ret
            23A3              23A3  join.joinEnableMsg
            23B4              23B4  join.joinDisableMsg
            23C6              23C6  join.joinOn
            23C7              23C7  join.joinPath
            23D3              23D3  subst
            23DC              23DC  subst.substdisable
            241F              241F  subst.okSubst
            2480              2480  subst.substExit
            2487              2487  ..@154._ret
            2488              2488  subst.substEnableMsg
            249A              249A  subst.substDisableMsg
            24AD              24AD  subst.substOn
            24AE              24AE  subst.substPath
            24BA              24BA  truename
            250D              250D  truename.writePath
            252B              252B  ..@155._ret
            252C              252C  label
            253A              253A  ..@156._ret
            253B              253B  label.l1
            2556              2556  mklbl
            2564              2564  ..@157._ret
            2565              2565  mklbl.l1
            2565              2565  ..@159.strucstart
            2591              2591  rmlbl
            259F              259F  ..@167._ret
            25A0              25A0  rmlbl.l1
            25A0              25A0  ..@169.strucstart
            25CC              25CC  rnlbl
            25DA              25DA  ..@177._ret
            25DB              25DB  rnlbl.l1
            25DB              25DB  ..@179.strucstart
            2602              2602  volume
            2629              2629  volume.checkDriveLetter
            265E              265E  volume.dirEP
            26A6              26A6  volume.volIDOk
            26BF              26BF  volume.volEndPrint
            26CE              26CE  ..@188._ret
            26CF              26CF  version
            26F5              26F5  ..@189._ret
            26F6              26F6  version.printVersionNumber
            2712              2712  ..@190._ret
            2713              2713  memory
            272F              272F  memory.sysvarsOK
            273E              273E  memory.memLp
            274C              274C  memory.validMCB
            2762              2762  memory.notDOS
            2771              2771  memory.notFree
            2780              2780  memory.notHole
            2783              2783  memory.gotoNext
            278F              278F  memory.endOfWalk
            27D0              27D0  memory.skipHole
            283E              283E  ..@191._ret
            283F              283F  memory.mcbPrintAmount
            284C              284C  ..@192._ret
            284D              284D  memory.badMCBFound
            285D              285D  type
            28A6              28A6  type.noDrive
            28C9              28C9  type.lp
            28EE              28EE  type.exit
            28F2              28F2  ..@193._ret
            28F3              28F3  type.exitBad
            28F5              28F5  exit
            28FC              28FC  ..@195._base
            290B              290B  ..@197._base
            292A              292A  ..@198._ret
            292B              292B  launchChild
            2964              2964  launchChild.noExt
            2988              2988  launchChild.search
            299C              299C  launchChild.moreSearch
            29A9              29A9  launchChild.noMoreFiles
            29C3              29C3  launchChild.launchexebat
            29D2              29D2  launchChild.launchbat
            29D7              29D7  launchChild.buildTail
            29FD              29FD  launchChild.passName
            2A12              2A12  launchChild.copyTail
            2A21              2A21  launchChild.finishBuildingTail
            2A22              2A22  launchChild.finishBuildingTailNoCR
            2A24              2A24  launchChild.launch
            2A60              2A60  launchChild.noExtCheckExt
            2A90              2A90  ..@199._ret
            2A91              2A91  launchChild.neceexe
            2A9E              2A9E  ..@200._ret
            2A9F              2A9F  launchChild.necebat
            2AA4              2AA4  ..@202._base
            2AAC              2AAC  ..@203._ret
            2AAD              2AAD  launchChild.dfltErrExit
            2AB8              2AB8  ..@204._ret
            2AB9              2AB9  printCRLF
            2ACE              2ACE  ..@205._ret
            2ACF              2ACF  printDate
            2B1A              2B1A  ..@206._ret
            2B1B              2B1B  printDate.usDate
            2B58              2B58  ..@207._ret
            2B59              2B59  printDate.jpnDate
            2B96              2B96  ..@208._ret
            2B97              2B97  printDate.printFirst
            2BA5              2BA5  printDate.skipSpace
            2BB2              2BB2  ..@209._ret
            2BB3              2BB3  printDate.printSecond
            2BC3              2BC3  printDate.printYear
            2BE0              2BE0  printDate.twoDigitYear
            2BF0              2BF0  ..@210._ret
            2BF1              2BF1  printTime
            2C0E              2C0E  ..@211._ret
            2C0F              2C0F  printTime.ampm
            2C28              2C28  ..@212._ret
            2C29              2C29  printTime.pm
            2C2E              2C2E  printTime.pm2
            2C3E              2C3E  ..@213._ret
            2C3F              2C3F  printTime.printMinutes
            2C53              2C53  printTime.printMinutesAlt
            2C63              2C63  printTime.printHours
            2C71              2C71  printTime.skipSpace
            2C7E              2C7E  ..@214._ret
            2C7F              2C7F  putVersionInPrompt
            2CAC              2CAC  ..@215._ret
            2CAD              2CAD  putEscInPrompt
            2CB1              2CB1  putMoneyInPrompt
            2CB5              2CB5  putEquInPrompt
            2CB9              2CB9  putPipeInPrompt
            2CBD              2CBD  putGTinPrompt
            2CC1              2CC1  putLTinPrompt
            2CC5              2CC5  putDriveInPrompt
            2CCD              2CCD  outChar
            2CD1              2CD1  ..@216._ret
            2CD2              2CD2  putCWDInPrompt
            2D10              2D10  ..@217._ret
            2D11              2D11  BCDtoHex
            2D25              2D25  BCDtoHex.bth
            2D30              2D30  hexToBCD
            2D36              2D36  hexToBCD.htb0
            2D46              2D46  hexToBCD.htb1
            2D4D              2D4D  printPackedBCD
            2D60              2D60  printPackedBCD.upperNybble
            2D6E              2D6E  printPackedBCD.lowerNybble
            2D78              2D78  ..@218._ret
            2D79              2D79  getCurrentDrive
            2D7D              2D7D  ..@219._ret
            2D7E              2D7E  strlen
            2D8C              2D8C  ..@220._ret
            2D8D              2D8D  findTerminatorOrEOC
            2DAB              2DAB  findTerminatorOrEOC.endOfInput
            2DB1              2DB1  ..@221._ret
            2DB2              2DB2  findTerminatorOrEOC.exit
            2DB5              2DB5  ..@222._ret
            2DB6              2DB6  findTerminator
            2DC1              2DC1  ..@223._ret
            2DC2              2DC2  isALterminator
            2DC7              2DC7  ..@225._base
            2DCB              2DCB  ..@227._base
            2DD5              2DD5  ..@228._ret
            2DD6              2DD6  isALterminator.notCR
            2DD8              2DD8  ..@230._base
            2DDE              2DDE  ..@231._ret
            2DDF              2DDF  findEndOfCommand
            2DEA              2DEA  ..@232._ret
            2DEB              2DEB  isALEndOfCommand
            2DED              2DED  ..@234._base
            2DF1              2DF1  ..@235._ret
            2DF2              2DF2  skipSeparators
            2DF3              2DF3  skipSeparators.l1
            2DFB              2DFB  skipSeparators.exit
            2DFF              2DFF  ..@236._ret
            2E00              2E00  isALseparator
            2E02              2E02  ..@238._base
            2E06              2E06  ..@240._base
            2E0A              2E0A  ..@242._base
            2E0E              2E0E  ..@244._base
            2E12              2E12  ..@245._ret
            2E13              2E13  printPrompt
            2E28              2E28  ..@246._ret
            2E29              2E29  printPrompt.validPrompt
            2E29              2E29  ..@247._ret
            2E2A              2E2A  clearCommandState
            2E44              2E44  ..@248._ret
            2E45              2E45  clearCommandLineState
            2E69              2E69  ..@249._ret
            2E6A              2E6A  asciiToFCB
            2E7B              2E7B  asciiFilenameToFCB
            2E98              2E98  asciiFilenameToFCB.processName
            2EA8              2EA8  asciiFilenameToFCB.extSpace
            2EB1              2EB1  asciiFilenameToFCB.ext
            2EB5              2EB5  asciiFilenameToFCB.processExt
            2EC1              2EC1  asciiFilenameToFCB.exitBadChar
            2EC3              2EC3  asciiFilenameToFCB.exit
            2EC4              2EC4  ..@250._ret
            2EC5              2EC5  FCBToAsciiz
            2ECC              2ECC  FCBToAsciiz.scanNameSpace
            2EDF              2EDF  FCBToAsciiz.ext
            2EEC              2EEC  FCBToAsciiz.validExt
            2EF6              2EF6  FCBToAsciiz.scanExtSpace
            2F01              2F01  FCBToAsciiz.exit
            2F04              2F04  ..@251._ret
            2F05              2F05  buildCommandPath
            2F1D              2F1D  buildCommandPath.buildPath
            2F23              2F23  ..@252._ret
            2F24              2F24  printDecimalWord
            2F38              2F38  printDecimalWord.notZero
            2F3F              2F3F  printDecimalWord.dpfb0
            2F4F              2F4F  printDecimalWord.dpfb00
            2F53              2F53  printDecimalWord.dpfb01
            2F63              2F63  printDecimalWord.dpfb1
            2F6F              2F6F  printDecimalWord.dpfb10
            2F71              2F71  printDecimalWord.dpfb11
            2F76              2F76  printDecimalWord.dpfb2
            2F86              2F86  printDecimalWord.dpfb20
            2F8C              2F8C  printDecimalWord.dpfb21
            2F94              2F94  ..@253._ret
            2F95              2F95  getDecimalWord
            2F9E              2F9E  getDecimalWord.dpfb0
            2FB4              2FB4  getDecimalWord.dpfb1
            2FBB              2FBB  ..@254._ret
            2FBC              2FBC  freezePC
            2FC7              2FC7  freezePC.altEP
            2FD2              2FD2  freezePC.lp
            2FD7              2FD7  getFilenamePtrFromFilespec
            2FEB              2FEB  getFilenamePtrFromFilespec.lp
            2FEE              2FEE  ..@256._base
            3003              3003  getFilenamePtrFromFilespec.pointFilename
            3006              3006  ..@257._ret
            3007              3007  getFilenamePtrFromFilespec.exitBad
            3008              3008  getFilenamePtrFromFilespec.exit
            3008              3008  ..@258._ret
            3009              3009  copyArgumentToSearchSpec
            3010              3010  copyArgumentToSearchSpec.copyPath
            3022              3022  copyArgumentToSearchSpec.finishCopy
            3025              3025  ..@259._ret
            3026              3026  setDTA
            3038              3038  ..@260._ret
            3039              3039  critErrorHandler
            30B3              30B3  critErrorHandler.userInput
            30BE              30BE  critErrorHandler.userAbort
            30C9              30C9  critErrorHandler.userRetry
            30E4              30E4  critErrorHandler.userIgnore
            30FF              30FF  critErrorHandler.userFail
            311A              311A  critErrorHandler.userMsgEnd
            3138              3138  critErrorHandler.uip1
            314A              314A  critErrorHandler.validInput
            3158              3158  critErrorHandler.viFail
            3163              3163  critErrorHandler.viIgnore
            316E              316E  critErrorHandler.viRetry
            3177              3177  critErrorHandler.cehExit
            317E              317E  critErrorHandler.charError
            318A              318A  critErrorHandler.ce1
            3198              3198  critErrorHandler.errorMsgTable
            3282              3282  critErrorHandler.drive
            3289              3289  critErrorHandler.readmsg
            3298              3298  critErrorHandler.writemsg
            32A7              32A7  critErrorHandler.abortmsg
            32AD              32AD  critErrorHandler.ignoremsg
            32B4              32B4  critErrorHandler.retrymsg
            32BA              32BA  critErrorHandler.failmsg
            32BF              32BF  critErrorHandler.betweenMsg
            32C2              32C2  critErrorHandler.endMsg
            32C5              32C5  critErrorHandler.responses
            32C9              32C9  int23h
            32E8              32E8  int23h.exit
            32EC              32EC  endOfAllocNoMaster
            32EC              32EC  masterEnv
            32FA              32FA  masterEnv.cspec
            3393              3393  endOfAlloc

---- Section transient --------------------------------------------------------

Real              Virtual           Name
            3393              3393  cmdLdr
            33A8              33A8  cmdLdr.okVersion
            3427              3427  cmdLdr.skipSwitch
            34A7              34A7  cmdLdr.skipMaster
            34D2              34D2  cmdLdr.noSwitches
            34D9              34D9  cmdLdr.printInit
            351B              351B  initString
            3551              3551  initString2
            358F              358F  badVerStr

