
- NASM Map file ---------------------------------------------------------------

Source file:  command.asm
Output file:  ./Binaries/COMMAND.COM

-- Program origin -------------------------------------------------------------

00000000

-- Sections (summary) ---------------------------------------------------------

Vstart            Start             Stop              Length    Class     Name
               0                 0                 0  00000000  progbits  .text
               0                 0              349F  0000349F  progbits  .data
            349F              349F              36B3  00000214  progbits  transient

-- Sections (detailed) --------------------------------------------------------

---- Section .text ------------------------------------------------------------

class:     progbits
length:                   0
start:                    0
align:     not defined
follows:   not defined
vstart:                   0
valign:    not defined
vfollows:  not defined

---- Section .data ------------------------------------------------------------

class:     progbits
length:                349F
start:                    0
align:                    1
follows:   not defined
vstart:                   0
valign:    not defined
vfollows:  not defined

---- Section transient --------------------------------------------------------

class:     progbits
length:                 214
start:                 349F
align:                    1
follows:   .data
vstart:                349F
valign:    not defined
vfollows:  not defined

-- Symbols --------------------------------------------------------------------

---- No Section ---------------------------------------------------------------

Value     Name
00000000  dpb
00000000  dpb.bDriveNumber
00000001  dpb.bUnitNumber
00000002  dpb.wBytesPerSector
00000004  dpb.bMaxSectorInCluster
00000005  dpb.bSectorsPerClusterShift
00000006  dpb.wFAToffset
00000008  dpb.bNumberOfFATs
00000009  dpb.wNumberRootDirEntries
0000000B  dpb.dClusterHeapOffset
0000000F  dpb.dClusterCount
00000013  dpb.dFATlength
00000017  dpb.dFirstUnitOfRootDir
0000001B  dpb.qDriverHeaderPtr
00000023  dpb.bMediaDescriptor
00000024  dpb.bAccessFlag
00000025  dpb.qNextDPBPtr
0000002D  dpb.dFirstFreeCluster
00000031  dpb.dNumberOfFreeClusters
00000035  dpb_size
00000FF5  fat12MaxClustCnt
0000FFF5  fat16MaxClustCnt
00000000  cds
00000000  cds.sCurrentPath
00000043  cds.wFlags
00000045  cds.qDPBPtr
0000004D  cds.dStartCluster
00000051  cds.qIFSPtr
00000059  cds.dNetStore
0000005D  cds.wBackslashOffset
0000005F  cds_size
00008000  cdsRedirDrive
00004000  cdsValidDrive
00002000  cdsJoinDrive
00001000  cdsSubstDrive
00000080  cdsRdirLocDrive
00000000  sfth
00000000  sfth.qNextSFTPtr
00000008  sfth.wNumFiles
0000000A  sfth_size
00000000  sft
00000000  sft.wNumHandles
00000002  sft.wOpenMode
00000004  sft.bFileAttrib
00000005  sft.wDeviceInfo
00000007  sft.qPtr
0000000F  sft.dStartClust
00000013  sft.wTime
00000015  sft.wDate
00000017  sft.dFileSize
0000001B  sft.dCurntOff
0000001F  sft.dRelClust
00000023  sft.dAbsClusr
00000027  sft.qDirSect
0000002F  sft.bNumDirEnt
00000030  sft.sFileName
0000003B  sft.qSharePtr
00000043  sft.wMachNum
00000045  sft.qPSPOwner
0000004D  sft.wShareRec
0000004F  sft_size
00000000  ReadAccess
00000001  WriteAccess
00000002  RWAccess
00000000  CompatShare
00000010  denyRWShare
00000020  denyWriteShare
00000030  denyReadShare
00000040  denyNoneShare
00000070  netFCBShare
00000080  noInherit
00002000  diskFullFail
00004000  noBufferWrites
00008000  FCBopenedFile
00000001  readOnlyFile
00000002  hiddenFile
00000004  systemFile
00000008  volumeLabel
00000010  directoryFile
00000020  archiveFile
00000001  charDevConIn
00000002  charDevConOut
00000004  charDevNulDev
00000008  charDevClockDev
00000010  charDevFastOut
00000020  charDevBinary
00000040  charDevNoEOF
00000040  blokFileNoFlush
00000080  devCharDev
00000800  charDevNetSpool
00001000  devNoInherit
00002000  charDevNamePipe
00004000  blokNoDTonClose
00008000  devRedirDev
00000000  bufferHdr
00000000  bufferHdr.nextBufPtr
00000008  bufferHdr.driveNumber
00000009  bufferHdr.bufferFlags
0000000A  bufferHdr.bufferLBA
00000012  bufferHdr.bufFATcopy
00000013  bufferHdr.bufFATsize
00000017  bufferHdr.driveDPBPtr
0000001F  bufferHdr.owningFile
00000027  bufferHdr.reserved
00000030  bufferHdr.dataarea
00000030  bufferHdr_size
00000001  dosBuffer
00000002  fatBuffer
00000004  dirBuffer
00000008  dataBuffer
00000020  refBuffer
00000040  dirtyBuffer
00000000  mcb
00000000  mcb.marker
00000001  mcb.owner
00000009  mcb.blockSize
0000000D  mcb.reserved
00000010  mcb.program
00000010  mcb_size
00000007  mcbOwnerHole
00000000  mcbOwnerFree
00000008  mcbOwnerDOS
0000004D  mcbMarkCtn
0000005A  mcbMarkEnd
00000000  memFirstFit
00000001  memBestFit
00000002  memLastFit
00000000  callerFrame
00000000  callerFrame.rax
00000008  callerFrame.rbx
00000010  callerFrame.rcx
00000018  callerFrame.rdx
00000020  callerFrame.rsi
00000028  callerFrame.rdi
00000030  callerFrame.rbp
00000038  callerFrame.r8
00000040  callerFrame.r9
00000048  callerFrame.rip
00000050  callerFrame.cs
00000058  callerFrame.flags
00000060  callerFrame_size
00000000  dpl
00000000  dpl.rax
00000008  dpl.rbx
00000010  dpl.rcx
00000018  dpl.rdx
00000020  dpl.rsi
00000028  dpl.rdi
00000030  dpl.r8
00000038  dpl.r9
00000040  dpl.align
00000048  dpl.compID
00000050  dpl.procID
00000058  dpl_size
00000000  cfgFrame
00000008  cfgFrame.newBuffers
00000010  cfgFrame.newSFTVal
00000018  cfgFrame.newFCBSVal
00000020  cfgFrame.newProtFCBSVal
00000028  cfgFrame.newLastdrive
00000030  cfgFrame.newStacks
00000038  cfgFrame.newStackSize
00000040  cfgFrame.newAllocSize
00000048  cfgFrame.cfgHandle
00000050  cfgFrame.lastLine
00000058  cfgFrame.endPtr
00000060  cfgFrame.linePtr
00000068  cfgFrame_size
00000000  filename
00000000  filename.fName
00000008  filename.fExt
0000000B  filename_size
00000000  ffBlock
00000000  ffBlock.driveNum
00000001  ffBlock.template
0000000C  ffBlock.attrib
0000000D  ffBlock.dirOffset
00000011  ffBlock.parDirClus
00000015  ffBlock.attribFnd
00000016  ffBlock.fileTime
00000018  ffBlock.fileDate
0000001A  ffBlock.fileSize
0000001E  ffBlock.asciizName
0000002B  ffBlock_size
00000000  psp
00000000  psp.return
00000002  psp.allocSize
0000000A  psp.oldInt22h
00000012  psp.oldInt23h
0000001A  psp.oldInt24h
00000022  psp.parentPtr
0000002A  psp.externalJFTPtr
0000002A  psp.jobFileTbl
0000003E  psp.envPtr
00000046  psp.rspPtr
0000004E  psp.jftSize
00000050  psp.unixEntry
00000053  psp.prevPSP
0000005C  psp.cmdLineArgPtr
0000005C  psp.fcb1
0000006C  psp.fcb2
00000080  psp.dta
00000080  psp.parmList
00000081  psp.progTail
00000100  psp_size
00000014  dfltJFTsize
00000000  clkStruc
00000000  clkStruc.dateWord
00000002  clkStruc.minutes
00000003  clkStruc.hours
00000004  clkStruc.hseconds
00000005  clkStruc.seconds
00000006  clkStruc_size
00000000  countryStruc
00000000  countryStruc.dtfmt
00000002  countryStruc.curr
00000007  countryStruc.thouSep
00000009  countryStruc.dcmlSep
0000000B  countryStruc.dateSep
0000000D  countryStruc.timeSep
0000000F  countryStruc.currFmt
00000010  countryStruc.digtdpt
00000011  countryStruc.timefmt
00000012  countryStruc.mapaddr
0000001A  countryStruc.dataSep
0000001C  countryStruc.resv
00000026  countryStruc_size
0003C000  dosAPTsize
00000600  dosLowBase
00000000  critRead
00000001  critWrite
00000000  critDOS
00000002  critFAT
00000004  critDir
00000006  critData
00000008  critFailOK
00000010  critRetryOK
00000020  critIgnorOK
00000080  critCharDev
00000000  critIgnore
00000001  critRetry
00000002  critAbort
00000003  critFail
00000000  NUL
00000003  ETX
00000006  ACK
00000007  BEL
00000008  BSP
00000009  TAB
0000000A  LF
0000000D  CR
00000010  DLE
00000013  DC3
00000014  DC4
00000015  NAK
00000017  ETB
0000001A  EOF
0000001B  ESC
00000020  SPC
0000007F  DEL
00000020  asciiCaret
0000003B  eF1
0000003C  eF2
0000003D  eF3
0000003E  eF4
0000003F  eF5
00000040  eF6
00000041  eF7
0000004B  eCursL
0000004D  eCursR
00000052  eIns
00000053  eDel
0000001E  buffersDefault
00000014  filesDefault
00000004  fcbsDefault
00000000  safeFcbsDeflt
00000005  lastDriveDeflt
00000000  fcb
00000000  fcb.driveNum
00000001  fcb.filename
00000009  fcb.fileext
0000000C  fcb.curBlock
0000000E  fcb.recordSize
00000010  fcb.fileSize
00000014  fcb.fileDate
00000016  fcb.fileTime
00000018  fcb.sftNdx
00000019  fcb.fcbMode
0000001A  fcb.special
00000020  fcb.recordNum
00000021  fcb.randRecrd
00000025  fcb_size
00000000  exFcb
00000000  exFcb.extSig
00000001  exFcb.reserved
00000006  exFcb.attribute
00000007  exFcb.driveNum
00000008  exFcb.filename
00000010  exFcb.fileext
00000013  exFcb.curBlock
00000015  exFcb.recordSize
00000017  exFcb.fileSize
0000001B  exFcb.fileDate
0000001D  exFcb.fileTime
0000001F  exFcb.sftNdx
00000020  exFcb.fcbMode
00000021  exFcb.special
00000027  exFcb.recordNum
00000028  exFcb.randRecrd
0000002C  exFcb_size
00000000  renameFcb
00000000  renameFcb.driveNum
00000001  renameFcb.filename
00000009  renameFcb.fileext
0000000C  renameFcb.reserved
00000010  renameFcb.resDrvNum
00000011  renameFcb.newName
00000019  renameFcb.newExt
0000001C  renameFcb.reserved2
00000020  renameFcb_size
00000000  exRenFcb
00000000  exRenFcb.extSig
00000001  exRenFcb.res0
00000006  exRenFcb.attribute
00000007  exRenFcb.driveNum
00000008  exRenFcb.filename
00000010  exRenFcb.fileext
00000013  exRenFcb.reserved
00000017  exRenFcb.resDrvNum
00000018  exRenFcb.newName
00000020  exRenFcb.newExt
00000023  exRenFcb.reserved2
00000027  exRenFcb_size
00000080  fcbShareOn
00000040  fcbCharDev
00000040  fcbLocal
00000000  noShare
00000000  noShare.attribWord
00000001  noShare.startClust
00000003  noShare.dirSect
00000005  noShare.dirEntry
00000006  noShare_size
00000000  shareLocal
00000000  shareLocal.strtClust
00000002  shareLocal.shareSig
00000004  shareLocal.fileAttr
00000006  shareLocal_size
00000000  shareNet
00000000  shareNet.dirSect
00000002  shareNet.relClust
00000004  shareNet.absClust
00000006  shareNet_size
00000001  errInvFnc
00000002  errFnf
00000003  errPnf
00000004  errNhl
00000005  errAccDen
00000006  errBadHdl
00000007  errMCBbad
00000008  errNoMem
00000009  errMemAddr
0000000A  errBadEnv
0000000B  errBadFmt
0000000C  errAccCde
0000000D  errInvDat
0000000F  errBadDrv
00000010  errDelCD
00000011  errDevUnk
00000012  errNoFil
00000013  drvErrShft
00000013  errWpd
00000014  errUnkUnt
00000015  errDrvNR
00000016  errUnkCmd
00000017  errCRCerr
00000018  errBadRLn
00000019  errSekErr
0000001A  errUnkMed
0000001B  errSecNF
0000001C  errNoPap
0000001D  errWF
0000001E  errRF
0000001F  errGF
00000020  errShrVio
00000021  errLokVio
00000022  errIDC
00000023  errNoFCB
00000024  errShrFul
00000032  errNoNet
00000050  errFilExist
00000052  errDirExist
00000053  errFI44
00000054  errRedir
00000055  errDupRedir
00000056  errBadPass
00000057  errBadParam
00000058  errNetWrite
00000001  eLocUnk
00000002  eLocDsk
00000003  eLocNet
00000004  eLocChr
00000005  eLocMem
00000001  eActRet
00000002  eActDRet
00000003  eActUsr
00000004  eActAbt
00000005  eActKil
00000006  eActIgn
00000007  eActRetUsr
00000001  eClsOoR
00000002  eClsTS
00000003  eClsAuth
00000004  eClsInt
00000005  eClsHrdFlt
00000006  eClsSysFlt
00000007  eClsAppFlt
00000008  eClsNotFnd
00000009  eClsBadFmt
0000000A  eClsLocked
0000000B  eClsMedia
0000000C  eClsClash
0000000D  eClsUnk
00000082  cmdBufferL
00000002  driveSpecL
00000040  dirPathL
0000000B  fcbNameL
0000000C  filenameL
0000000D  fileNameZL
00000042  fullDirPathL
00000043  fullDirPathZL
0000004F  fileSpecZL
0000000E  cmdNameL
0000005C  fcb1
0000006C  fcb2
00000080  cmdLineCnt
00000081  cmdLine
00000000  drvHdr
00000000  drvHdr.nxtPtr
00000008  drvHdr.attrib
0000000A  drvHdr.strPtr
00000012  drvHdr.intPtr
0000001A  drvHdr.drvNam
00000022  drvHdr_size
00000000  execProg
00000000  execProg.pEnv
00000008  execProg.pCmdLine
00000010  execProg.pfcb1
00000018  execProg.pfcb2
00000020  execProg_size
00000001  dirReadOnly
00000002  dirHidden
00000004  dirSystem
00000008  dirVolumeID
00000010  dirDirectory
00000020  dirArchive
00000040  dirCharDev
0000000F  dirLongName
00000016  dirInclusive
00000006  dirIncFiles
0000000C  cmdStateL
00000021  cmdLineStateL
00000001  dirWideType
00000002  dirPageType
00000004  dirFileType
00000017  pipeErrMsgL
00000013  redirErrMsgL
0000000C  join.joinPathL
0000000C  subst.substPathL
00000640  stackSize


---- Section .data ------------------------------------------------------------

Real              Virtual           Name
               0                 0  startLbl
               5                 5  stackTop
               D                 D  returnCode
               F                 F  pspPtr
              17                17  realParent
              1F                1F  sysVars
              27                27  numHdls
              29                29  promptPtr
              2B                2B  pathSep
              2C                2C  switchChar
              2D                2D  permaSwitch
              2E                2E  parentInt22
              36                36  ctryData
              5C                5C  currDirStr
              9F                9F  cmdLineStatePtr
              9F                9F  cmdStartPtr
              A7                A7  cmdEndPtr
              AF                AF  pipeFlag
              B0                B0  pipeSTDIN
              B2                B2  pipeSTDOUT
              B4                B4  cmdStatePtr
              B4                B4  redirIn
              B5                B5  redirOut
              B6                B6  redirSTDIN
              B8                B8  redirSTDOUT
              BA                BA  arg1Flg
              BB                BB  arg1Off
              BC                BC  arg1FCBret
              BD                BD  arg2Flg
              BE                BE  arg2Off
              BF                BF  arg2FCBret
              C0                C0  cmdFcb
              D0                D0  cmdFFBlock
              FB                FB  launchBlock
             11B               11B  cmdTail
             19D               19D  inBuffer
             21F               21F  cmdBuffer
             2A1               2A1  cmdPathSpec
             2F0               2F0  fcbCmdSpec
             2FB               2FB  cmdSpec
             308               308  cmdName
             316               316  rdrInFilespec
             365               365  rdrOutFilespec
             3B4               3B4  pipe1Filespec
             403               403  pipe2Filespec
             452               452  newPipe
             45A               45A  oldPipe
             462               462  searchSpec
             4E4               4E4  dirFlags
             4E5               4E5  dirLineCtr
             4E6               4E6  dirFileCtr
             4E7               4E7  dirDrv
             4E8               4E8  dirSrchDir
             56A               56A  dirSrchFCB
             57A               57A  volFcb
             57A               57A  ..@72.strucstart
             5A6               5A6  td1
             5A7               5A7  td2
             5A8               5A8  td3
             5A9               5A9  td4
             5AA               5AA  delPath
             5AA               5AA  sourcePath
             62C               62C  destPath
             6AE               6AE  sourceHdl
             6B0               6B0  destHdl
             6B2               6B2  srcHdlInfo
             6B4               6B4  copyBuffer
             734               734  functionTable
             815               815  crlf
             818               818  crlf2
             81D               81D  badBat
             834               834  needBat
             872               872  badCmd
             88D               88D  dupName
             8A4               8A4  fnfMsg
             8B5               8B5  noSpace
             8CF               8CF  noEnvSpace
             8EA               8EA  fulRootDir
             900               900  noSelfCopy
             924               924  filLostErr
             94E               94E  copyOk
             960               960  dirOk
             96A               96A  bytesOk
             978               978  dirLbl
             981               981  badDrv
             99F               99F  pauseMes
             9BE               9BE  badParm
             9D2               9D2  dayName
             9E7               9E7  badDate
             9F6               9F6  curDate
             A07               A07  newDate
             A19               A19  usDate
             A26               A26  ukDate
             A33               A33  jpDate
             A40               A40  badTime
             A4F               A4F  curTime
             A60               A60  newTime
             A73               A73  ynMes
             A88               A88  dosVer
             A9A               A9A  volMes
             AAC               AAC  volOk
             AB1               AB1  volNo
             ABF               ABF  badDir
             AD3               AD3  badMD
             AF0               AF0  badRD
             B27               B27  dirMain
             B37               B37  noPath
             B40               B40  badDrvMsg
             B61               B61  badDrvSrch
             B80               B80  badDev
             B91               B91  badLbl
             BA3               BA3  syntaxErr
             BB2               BB2  forNest
             BCA               BCA  pipeErr
             BF0               BF0  binDevErr
             C17               C17  offMes
             C1D               C1D  onMes
             C22               C22  breakIs
             C2C               C2C  verifyIs
             C37               C37  echoIs
             C40               C40  badSpec
             C5C               C5C  badArgs
             C7B               C7B  devWriteErr
             C92               C92  backSpace
             C96               C96  memSys
             CBC               CBC  memDOS
             CE2               CE2  memApp
             D08               D08  memHole
             D2E               D2E  memFree
             D54               D54  memByte
             D5B               D5B  memBad0
             D81               D81  memBad1
             D9B               D9B  memBad2
             DAA               DAA  memBad3
             DBA               DBA  touchErr
             DD2               DD2  pipeErrMsg
             DE9               DE9  redirErrMsg
             DFC               DFC  ansiCls
             E00               E00  fourSpc
             E05               E05  threeSpc
             E09               E09  twoSpc
             E0C               E0C  badOnOff
             E25               E25  pathEVar
             E2A               E2A  promptEVar
             E31               E31  conName
             E35               E35  commandStart
             E48               E48  applicationReturn
             EAA               EAA  applicationReturn.handleClose
             EB4               EB4  commandMain
             EC3               EC3  commandMain.inputMain
             EC8               EC8  commandMain.inputMain2
             F16               F16  commandMain.pipeLoop
             F25               F25  commandMain.pipeProceed
             F51               F51  commandMain.dfltErrExit
             F61               F61  preProcessBuffer
             F7D               F7D  preProcessBuffer.notNewCmd
             F80               F80  preProcessBuffer.countQuotes
             F8C               F8C  preProcessBuffer.notQuoteToCount
             F9A               F9A  preProcessBuffer.getChar
             FA3               FA3  preProcessBuffer.searchForClosingQuote
             FAD               FAD  preProcessBuffer.notQuote
             FBA               FBA  preProcessBuffer.pipeHandle
             FBF               FBF  preProcessBuffer.notRedir
             FC8               FC8  preProcessBuffer.exit
             FDB               FDB  ..@80._ret
             FDC               FDC  analyseCmdline
            1014              1014  analyseCmdline.skipArg
            103A              103A  analyseCmdline.exit
            1054              1054  analyseCmdline.keepSearching
            1068              1068  analyseCmdline.cmdStartFnd
            1084              1084  analyseCmdline.cmdGetChar
            109D              109D  analyseCmdline.nameLenFnd
            10CE              10CE  ..@81._ret
            10CF              10CF  analyseCmdline.skipAndCheckCR
            10D7              10D7  ..@82._ret
            10D8              10D8  doCommandLine
            10E2              10E2  ..@84._base
            1119              1119  ..@86._base
            111B              111B  doCommandLine.badDrive
            1127              1127  ..@87._ret
            1128              1128  doCommandLine.noDriveSpecified
            117E              117E  doCommandLine.fcbArgsDone
            11C8              11C8  ..@88._ret
            11C9              11C9  doCommandLine.executeInternal
            11D0              11D0  doCommandLine.nextEntry
            120C              120C  ..@90._base
            1215              1215  ..@91._ret
            1216              1216  doCommandLine.gotoNextEntry
            1222              1222  doCommandLine.dfltErrExit
            122D              122D  ..@92._ret
            122E              122E  checkExtensionExec
            1248              1248  ..@94._base
            124F              124F  ..@96._base
            1256              1256  ..@98._base
            1259              1259  ..@99._ret
            125A              125A  redirFailure
            1268              1268  pipeFailure
            1274              1274  redirPipeFailureCommon
            131C              131C  redirPipeFailureCommon.checkOld
            132F              132F  redirPipeFailureCommon.pipeNamesComplete
            134C              134C  ..@100._ret
            134D              134D  redirPipeFailureCommon.closeHandle
            1353              1353  ..@102._base
            135C              135C  ..@103._ret
            135D              135D  cleanUpRedir
            1383              1383  cleanUpRedir.pipe
            13D1              13D1  cleanUpRedir.pipeNostdin
            1450              1450  cleanUpRedir.redirInClear
            148C              148C  cleanUpRedir.redirOutClear
            1493              1493  ..@105._base
            1495              1495  ..@106._ret
            1496              1496  ..@105.a
            14CC              14CC  ..@107._ret
            14CD              14CD  checkAndSetupRedir
            14DF              14DF  checkAndSetupRedir.redirExit
            14E0              14E0  ..@108._ret
            14E1              14E1  checkAndSetupRedir.inputRedir
            1549              1549  checkAndSetupRedir.outputRedir
            155E              155E  checkAndSetupRedir.notDouble
            15AA              15AA  checkAndSetupRedir.fileExists
            15EB              15EB  checkAndSetupRedir.dontAppend
            15F9              15F9  checkAndSetupRedir.pipeSetup
            161D              161D  checkAndSetupRedir.pathFound
            1679              1679  ..@109._ret
            167A              167A  checkAndSetupRedir.pipeError
            1685              1685  checkAndSetupRedir.redirError
            1690              1690  int2Eh
            16C4              16C4  noSelfCopyError
            16CD              16CD  badParamError
            16D6              16D6  badDriveError
            16DF              16DF  badArgError
            16E8              16E8  badFileError
            16F1              16F1  badDupFnf
            16FA              16FA  badFnf
            1703              1703  badDirError
            170A              170A  badCmn
            1719              1719  ..@110._ret
            171A              171A  dir
            1774              1774  dir.scanNew
            1799              1799  dir.notWide
            17AA              17AA  dir.notSwitch
            17CB              17CB  dir.scanDone
            180C              180C  dir.currentDrv
            1817              1817  dir.dirPrintVol
            185F              185F  dir.goToEndOfCwd
            1868              1868  dir.prepCopy
            1884              1884  dir.copyPathLoop
            188D              188D  dir.lpPathseps
            1896              1896  dir.checkDot
            189A              189A  dir.store
            18A1              18A1  dir.dots
            18C1              18C1  dir.skipThisPathsep
            18C6              18C6  dir.twoDot
            18DB              18DB  dir.tdOk
            1911              1911  dir.exitPathCopy
            1931              1931  dir.skipOverwrite
            1952              1952  dir.notNull
            1978              1978  dir.wcSearchPattern
            199A              199A  dir.wcsp1
            19A2              19A2  dir.wcsp2
            19B8              19B8  dir.wcDefaultSearch
            19F9              19F9  dir.root
            1A0E              1A0E  ..@111._ret
            1A0F              1A0F  dir.searchForFile
            1A26              1A26  dir.findNext
            1A31              1A31  dir.dirNoMoreFiles
            1A45              1A45  dir.dirNoEndNewLine
            1AA2              1AA2  ..@112._ret
            1AA3              1AA3  dir.dirPrintFileData
            1AAA              1AAA  ..@114._base
            1B1F              1B1F  dir.dirPrintNotDir
            1B3C              1B3C  dir.dirPrintFileSizePrep
            1B54              1B54  dir.dirPrintFileSize
            1B55              1B55  dir.dirPrintFileSizeLoop
            1B6E              1B6E  dir.dirPrintFileDT
            1BA6              1BA6  dir.widePrint
            1BB1              1BB1  dir.dirPrintNameExit
            1BC4              1BC4  ..@116._base
            1BC6              1BC6  ..@117._ret
            1BC7              1BC7  ..@116.a
            1BE8              1BE8  ..@118._ret
            1BE9              1BE9  chdir
            1BF2              1BF2  chdir.printCWD
            1BFC              1BFC  ..@119._ret
            1BFD              1BFD  chdir.printDiskCWD
            1C3E              1C3E  ..@120._ret
            1C3F              1C3F  chdir.changeDir
            1C63              1C63  ..@121._ret
            1C64              1C64  mkdir
            1C9F              1C9F  ..@123._base
            1CA1              1CA1  mkdir.badMake
            1CAF              1CAF  ..@124._ret
            1CB0              1CB0  rmdir
            1CEB              1CEB  ..@126._base
            1CED              1CED  rmdir.badRemove
            1CFB              1CFB  ..@127._ret
            1CFC              1CFC  copy
            1DC3              1DC3  copy.copyLoop
            1E17              1E17  copy.okExit
            1E43              1E43  ..@128._ret
            1E44              1E44  copy.sameFilename
            1E4E              1E4E  copy.leaveCopyClose
            1E6A              1E6A  ..@129._ret
            1E6B              1E6B  copy.badExit
            1E80              1E80  copy.skipSource
            1E9E              1E9E  erase
            1EB5              1EB5  erase.dirLp
            1EFA              1EFA  erase.wcScan
            1F09              1F09  erase.ynmsg
            1F24              1F24  ..@131._base
            1F26              1F26  ..@132._ret
            1F27              1F27  ..@131.a
            1F29              1F29  erase.endCount1
            1F2E              1F2E  erase.endCount
            1F41              1F41  erase.findFile
            1F5F              1F5F  erase.delNextFile
            1F70              1F70  ..@134._base
            1F83              1F83  ..@135._ret
            1F84              1F84  erase.noWildcard
            1FC5              1FC5  erase.delMain
            1FD2              1FD2  ..@136._ret
            1FD3              1FD3  date
            2098              2098  ..@138._base
            209A              209A  ..@139._ret
            209B              209B  ..@138.a
            209B              209B  ..@140._ret
            209C              209C  time
            2133              2133  ..@142._base
            2135              2135  ..@143._ret
            2136              2136  ..@142.a
            2136              2136  ..@144._ret
            2137              2137  ctty
            2177              2177  ctty.noDrive
            21C1              21C1  ..@145._ret
            21C2              21C2  ctty.badCharDev
            21D1              21D1  ..@146._ret
            21D2              21D2  cls
            21F5              21F5  cls.biosCheck
            2208              2208  cls.biosConfirmed
            222B              222B  ..@147._ret
            222C              222C  cls.doAnsi
            223A              223A  cls.ansiLp
            2243              2243  ..@148._ret
            2244              2244  break
            2279              2279  ..@149._ret
            227A              227A  break.argumentProvided
            22A6              22A6  break.maybeOn
            22B1              22B1  break.setBreak
            22B8              22B8  ..@150._ret
            22B9              22B9  break.badOnOff
            22C4              22C4  ..@151._ret
            22C5              22C5  verify
            22FA              22FA  ..@152._ret
            22FB              22FB  verify.argumentProvided
            2327              2327  verify.maybeOn
            2331              2331  verify.setVerify
            2335              2335  ..@153._ret
            2336              2336  verify.badOnOff
            2341              2341  ..@154._ret
            2342              2342  rename
            23B1              23B1  ..@156._base
            23D0              23D0  touch
            23F4              23F4  touch.touchClose
            2410              2410  ..@157._ret
            2411              2411  touch.touch1
            241E              241E  touch.touchError
            242A              242A  join
            2433              2433  join.joindisable
            2470              2470  join.okJoin
            24B5              24B5  join.joinExit
            24BC              24BC  ..@158._ret
            24BD              24BD  join.joinEnableMsg
            24CE              24CE  join.joinDisableMsg
            24E0              24E0  join.joinOn
            24E1              24E1  join.joinPath
            24ED              24ED  subst
            24F6              24F6  subst.substdisable
            2539              2539  subst.okSubst
            259A              259A  subst.substExit
            25A1              25A1  ..@159._ret
            25A2              25A2  subst.substEnableMsg
            25B4              25B4  subst.substDisableMsg
            25C7              25C7  subst.substOn
            25C8              25C8  subst.substPath
            25D4              25D4  truename
            2606              2606  truename.writePath
            2624              2624  ..@160._ret
            2625              2625  label
            2633              2633  ..@161._ret
            2634              2634  label.l1
            264F              264F  mklbl
            265D              265D  ..@162._ret
            265E              265E  mklbl.l1
            265E              265E  ..@164.strucstart
            268A              268A  rmlbl
            2698              2698  ..@172._ret
            2699              2699  rmlbl.l1
            2699              2699  ..@174.strucstart
            26C5              26C5  rnlbl
            26D3              26D3  ..@182._ret
            26D4              26D4  rnlbl.l1
            26D4              26D4  ..@184.strucstart
            26FB              26FB  volume
            2718              2718  volume.notCurrentDrive
            2749              2749  volume.dirEP
            2791              2791  volume.volIDOk
            27AA              27AA  volume.volEndPrint
            27B9              27B9  ..@193._ret
            27BA              27BA  version
            27E0              27E0  ..@194._ret
            27E1              27E1  version.printVersionNumber
            27FD              27FD  ..@195._ret
            27FE              27FE  memory
            281A              281A  memory.sysvarsOK
            2829              2829  memory.memLp
            2837              2837  memory.validMCB
            284D              284D  memory.notDOS
            285C              285C  memory.notFree
            286B              286B  memory.notHole
            286E              286E  memory.gotoNext
            287A              287A  memory.endOfWalk
            28BB              28BB  memory.skipHole
            2929              2929  ..@196._ret
            292A              292A  memory.mcbPrintAmount
            2937              2937  ..@197._ret
            2938              2938  memory.badMCBFound
            2948              2948  type
            2998              2998  type.noDrive
            29BB              29BB  type.lp
            29E0              29E0  type.exit
            29E4              29E4  ..@198._ret
            29E5              29E5  type.exitBad
            29E7              29E7  exit
            29EE              29EE  ..@200._base
            29FD              29FD  ..@202._base
            2A1C              2A1C  ..@203._ret
            2A1D              2A1D  launchChild
            2A56              2A56  launchChild.noExt
            2A7A              2A7A  launchChild.search
            2A8E              2A8E  launchChild.moreSearch
            2A9B              2A9B  launchChild.noMoreFiles
            2AB5              2AB5  launchChild.launchexebat
            2AC4              2AC4  launchChild.launchbat
            2AC9              2AC9  launchChild.buildTail
            2AEF              2AEF  launchChild.passName
            2B04              2B04  launchChild.copyTail
            2B13              2B13  launchChild.finishBuildingTail
            2B14              2B14  launchChild.finishBuildingTailNoCR
            2B16              2B16  launchChild.launch
            2B52              2B52  launchChild.noExtCheckExt
            2B82              2B82  ..@204._ret
            2B83              2B83  launchChild.neceexe
            2B90              2B90  ..@205._ret
            2B91              2B91  launchChild.necebat
            2B96              2B96  ..@207._base
            2B9E              2B9E  ..@208._ret
            2B9F              2B9F  launchChild.dfltErrExit
            2BAA              2BAA  ..@209._ret
            2BAB              2BAB  printCRLF
            2BB2              2BB2  printString
            2BB9              2BB9  ..@210._ret
            2BBA              2BBA  printDate
            2C05              2C05  ..@211._ret
            2C06              2C06  printDate.usDate
            2C43              2C43  ..@212._ret
            2C44              2C44  printDate.jpnDate
            2C81              2C81  ..@213._ret
            2C82              2C82  printDate.printFirst
            2C90              2C90  printDate.skipSpace
            2C9D              2C9D  ..@214._ret
            2C9E              2C9E  printDate.printSecond
            2CAE              2CAE  printDate.printYear
            2CCB              2CCB  printDate.twoDigitYear
            2CDB              2CDB  ..@215._ret
            2CDC              2CDC  printTime
            2CF9              2CF9  ..@216._ret
            2CFA              2CFA  printTime.ampm
            2D13              2D13  ..@217._ret
            2D14              2D14  printTime.pm
            2D19              2D19  printTime.pm2
            2D29              2D29  ..@218._ret
            2D2A              2D2A  printTime.printMinutes
            2D3E              2D3E  printTime.printMinutesAlt
            2D4E              2D4E  printTime.printHours
            2D5C              2D5C  printTime.skipSpace
            2D69              2D69  ..@219._ret
            2D6A              2D6A  putVersionInPrompt
            2D97              2D97  ..@220._ret
            2D98              2D98  putEscInPrompt
            2D9C              2D9C  putMoneyInPrompt
            2DA0              2DA0  putEquInPrompt
            2DA4              2DA4  putPipeInPrompt
            2DA8              2DA8  putGTinPrompt
            2DAC              2DAC  putLTinPrompt
            2DB0              2DB0  putDriveInPrompt
            2DB9              2DB9  outChar
            2DBD              2DBD  ..@221._ret
            2DBE              2DBE  putCWDInPrompt
            2DFF              2DFF  ..@222._ret
            2E00              2E00  putCWDInPrompt.badDrive
            2E0C              2E0C  ..@223._ret
            2E0D              2E0D  BCDtoHex
            2E21              2E21  BCDtoHex.bth
            2E2C              2E2C  hexToBCD
            2E32              2E32  hexToBCD.htb0
            2E42              2E42  hexToBCD.htb1
            2E49              2E49  printPackedBCD
            2E5C              2E5C  printPackedBCD.upperNybble
            2E6A              2E6A  printPackedBCD.lowerNybble
            2E74              2E74  ..@224._ret
            2E75              2E75  setDrive
            2E80              2E80  ..@225._ret
            2E81              2E81  getCurrentDrive
            2E85              2E85  ..@226._ret
            2E86              2E86  strcpy
            2E98              2E98  ..@227._ret
            2E99              2E99  strlen
            2EA0              2EA0  ..@228._ret
            2EA1              2EA1  ucChar
            2EB2              2EB2  ..@229._ret
            2EB3              2EB3  skipDelimiters
            2EB4              2EB4  skipDelimiters.l1
            2EBC              2EBC  skipDelimiters.exit
            2EC0              2EC0  ..@230._ret
            2EC1              2EC1  isALdelimiter
            2EC3              2EC3  ..@232._base
            2EC7              2EC7  ..@234._base
            2ECB              2ECB  ..@236._base
            2ECF              2ECF  ..@238._base
            2ED3              2ED3  ..@239._ret
            2ED4              2ED4  printPrompt
            2EE9              2EE9  ..@240._ret
            2EEA              2EEA  printPrompt.validPrompt
            2EEA              2EEA  ..@241._ret
            2EEB              2EEB  clearCommandState
            2F05              2F05  ..@242._ret
            2F06              2F06  clearCommandLineState
            2F2A              2F2A  ..@243._ret
            2F2B              2F2B  asciiToFCB
            2F3C              2F3C  asciiFilenameToFCB
            2F59              2F59  asciiFilenameToFCB.processName
            2F69              2F69  asciiFilenameToFCB.extSpace
            2F72              2F72  asciiFilenameToFCB.ext
            2F76              2F76  asciiFilenameToFCB.processExt
            2F82              2F82  asciiFilenameToFCB.exitBadChar
            2F84              2F84  asciiFilenameToFCB.exit
            2F85              2F85  ..@244._ret
            2F86              2F86  findLastPathComponant
            2FA4              2FA4  findLastPathComponant.exit
            2FA9              2FA9  ..@245._ret
            2FAA              2FAA  FCBToAsciiz
            2FB1              2FB1  FCBToAsciiz.scanNameSpace
            2FC4              2FC4  FCBToAsciiz.ext
            2FD1              2FD1  FCBToAsciiz.validExt
            2FDB              2FDB  FCBToAsciiz.scanExtSpace
            2FE6              2FE6  FCBToAsciiz.exit
            2FE9              2FE9  ..@246._ret
            2FEA              2FEA  cpDelimPathToBufz
            2FEE              2FEE  cpDelimPathToBufz.lp
            3005              3005  cpDelimPathToBufz.gotRedirPath
            3026              3026  cpDelimPathToBufz.notColon
            3029              3029  ..@247._ret
            302A              302A  buildCommandPath
            3042              3042  copyArgumentToSearchSpec
            3057              3057  ..@248._ret
            3058              3058  scanForWildcards
            305A              305A  scanForWildcards.lp
            3069              3069  scanForWildcards.exit
            306B              306B  ..@249._ret
            306C              306C  printDecimalWord
            3080              3080  printDecimalWord.notZero
            3087              3087  printDecimalWord.dpfb0
            3097              3097  printDecimalWord.dpfb00
            309B              309B  printDecimalWord.dpfb01
            30AB              30AB  printDecimalWord.dpfb1
            30B7              30B7  printDecimalWord.dpfb10
            30B9              30B9  printDecimalWord.dpfb11
            30BE              30BE  printDecimalWord.dpfb2
            30CE              30CE  printDecimalWord.dpfb20
            30D4              30D4  printDecimalWord.dpfb21
            30DC              30DC  ..@250._ret
            30DD              30DD  getDecimalWord
            30E6              30E6  getDecimalWord.dpfb0
            30FC              30FC  getDecimalWord.dpfb1
            3103              3103  ..@251._ret
            3104              3104  freezePC
            310F              310F  freezePC.altEP
            311A              311A  freezePC.lp
            311F              311F  setDTA
            3131              3131  ..@252._ret
            3132              3132  getDTA
            3139              3139  ..@253._ret
            313A              313A  critErrorHandler
            31B8              31B8  critErrorHandler.userInput
            31BD              31BD  critErrorHandler.userAbort
            31C9              31C9  critErrorHandler.userRetry
            31E6              31E6  critErrorHandler.userIgnore
            3203              3203  critErrorHandler.userFail
            3220              3220  critErrorHandler.userMsgEnd
            323F              323F  critErrorHandler.uip1
            3251              3251  critErrorHandler.validInput
            3264              3264  critErrorHandler.viFail
            326F              326F  critErrorHandler.viIgnore
            327A              327A  critErrorHandler.viRetry
            3283              3283  critErrorHandler.cehExit
            328A              328A  critErrorHandler.charError
            3296              3296  critErrorHandler.ce1
            32A4              32A4  critErrorHandler.errorMsgTable
            338E              338E  critErrorHandler.drive
            3395              3395  critErrorHandler.readmsg
            33A4              33A4  critErrorHandler.writemsg
            33B3              33B3  critErrorHandler.abortmsg
            33B9              33B9  critErrorHandler.ignoremsg
            33C0              33C0  critErrorHandler.retrymsg
            33C6              33C6  critErrorHandler.failmsg
            33CB              33CB  critErrorHandler.betweenMsg
            33CE              33CE  critErrorHandler.endMsg
            33D1              33D1  critErrorHandler.responses
            33D5              33D5  int23h
            33F4              33F4  int23h.exit
            33F8              33F8  endOfAllocNoMaster
            33F8              33F8  masterEnv
            3406              3406  masterEnv.cspec
            349F              349F  endOfAlloc

---- Section transient --------------------------------------------------------

Real              Virtual           Name
            349F              349F  cmdLdr
            34B4              34B4  cmdLdr.okVersion
            3533              3533  cmdLdr.skipSwitch
            35B3              35B3  cmdLdr.skipMaster
            35DE              35DE  cmdLdr.noSwitches
            35E5              35E5  cmdLdr.printInit
            3627              3627  initString
            365D              365D  initString2
            369B              369B  badVerStr

